[dotenv@17.2.3] injecting env (24) from .env -- tip: ΓÜÖ∩╕Å  override existing env vars with { override: true }
[1mΓòöΓòÉΓòÉΓòÉΓòÉΓòÉΓòÉΓòÉΓòÉΓòÉΓòÉΓòÉΓòÉΓòÉΓòÉΓòÉΓòÉΓòÉΓòÉΓòÉΓòÉΓòÉΓòÉΓòÉΓòÉΓòÉΓòÉΓòÉΓòÉΓòÉΓòÉΓòÉΓòÉΓòÉΓòÉΓòÉΓòÉΓòÉΓòÉΓòÉΓòÉΓòÉΓòÉΓòÉΓòÉΓòÉΓòÉΓòÉΓòÉΓòÉΓòÉΓòÉΓòÉΓòÉΓòÉΓòÉΓòÉΓòÉΓòÉΓòÉΓòÉΓòÉΓòÉΓòÉΓòÉΓòÉΓòÉΓòÉΓòÉΓòÉΓòÉΓòÉΓòÉΓòÉΓòÉΓòÉΓòÉΓòù[0m
[1mΓòæ         RESCHEDULE WORKFLOW TEST: Stakeholder ΓåÆ Coordinator Accept        Γòæ[0m
[1mΓòÜΓòÉΓòÉΓòÉΓòÉΓòÉΓòÉΓòÉΓòÉΓòÉΓòÉΓòÉΓòÉΓòÉΓòÉΓòÉΓòÉΓòÉΓòÉΓòÉΓòÉΓòÉΓòÉΓòÉΓòÉΓòÉΓòÉΓòÉΓòÉΓòÉΓòÉΓòÉΓòÉΓòÉΓòÉΓòÉΓòÉΓòÉΓòÉΓòÉΓòÉΓòÉΓòÉΓòÉΓòÉΓòÉΓòÉΓòÉΓòÉΓòÉΓòÉΓòÉΓòÉΓòÉΓòÉΓòÉΓòÉΓòÉΓòÉΓòÉΓòÉΓòÉΓòÉΓòÉΓòÉΓòÉΓòÉΓòÉΓòÉΓòÉΓòÉΓòÉΓòÉΓòÉΓòÉΓòÉΓòÉΓò¥[0m
[36mConnecting to database: unite_bmc_production[0m
[32mΓ£ô Connected to MongoDB[0m

================================================================================
[1mINITIAL STATE[0m
================================================================================

{
  "requestId": "REQ-1769417291951-3940",
  "status": "review-rescheduled",
  "activeResponder": {
    "userId": "697711a3dbbebe7c7c6cb7a8",
    "relationship": "reviewer",
    "authority": null
  },
  "lastAction": {
    "action": "reschedule",
    "actorId": "697184d66d0127f028ac2ee4",
    "timestamp": "2026-01-26T15:02:12.268Z"
  },
  "validCoordinators": [
    {
      "userId": "6970448c6d0127f028ab5474",
      "name": "Ben Carlo Valiente"
    },
    {
      "userId": "6970784d6d0127f028ab85c6",
      "name": "David Jaque"
    },
    {
      "userId": "697711a3dbbebe7c7c6cb7a8",
      "name": "UNITE Dev"
    },
    {
      "userId": "69771226dbbebe7c7c6cc1dc",
      "name": "UNITE Dis 2 Dev"
    },
    {
      "userId": "696088303f2b9335d7bcadce",
      "name": "Admin User"
    }
  ],
  "reviewer": {
    "userId": "697711a3dbbebe7c7c6cb7a8",
    "name": "UNITE Dev"
  },
  "requester": {
    "userId": "697184d66d0127f028ac2ee4",
    "name": "testing cam sur 2"
  }
}

================================================================================
[1mSTEP 1: Stakeholder Proposes Reschedule[0m
================================================================================

[33mΓåÆ Fetching current request state[0m
Current status: review-rescheduled
Last action: reschedule by 697184d66d0127f028ac2ee4
Active responder: reviewer (697711a3dbbebe7c7c6cb7a8)
[33m
ΓÜá Warning: Request is not in 'approved' state. Current state: review-rescheduled[0m
[33mTest will continue but reschedule may fail...[0m
[33m
ΓåÆ Simulating reschedule action (updating request manually)[0m
[33m
ΓåÆ Calling requestStateService.getActiveResponder()[0m
Active Responder Result: {
  userId: new ObjectId('697711a3dbbebe7c7c6cb7a8'),
  relationship: 'reviewer',
  authority: null
}
[32m
Γ£ô Request updated to review-rescheduled state[0m
New status: review-rescheduled
Active responder: reviewer
Active responder userId: 697711a3dbbebe7c7c6cb7a8

================================================================================
[1mSTEP 2: Check Available Actions for All Users[0m
================================================================================


------------------------------------------------------------
[36mChecking available actions for: Admin User (admin)[0m
------------------------------------------------------------
User ID: 696088303f2b9335d7bcadce
Authority: 100
[33m
ΓåÆ Calling actionValidatorService.getAvailableActions()[0m
  Parameters: {
  userId: '696088303f2b9335d7bcadce',
  requestId: 'REQ-1769417291951-3940',
  status: 'review-rescheduled',
  locationId: '6960871e3f2b9335d7bc99bb'
}
[ACTION VALIDATOR] getAvailableActions - START {
  requestId: 'REQ-1769417291951-3940',
  userId: '696088303f2b9335d7bcadce',
  state: 'review-rescheduled',
  normalizedState: 'review-rescheduled',
  validCoordinatorsCount: 5
}
[ACTION VALIDATOR] Admin (696088303f2b9335d7bcadce, authority 100) allowed as secondary reviewer for SΓåÆC reschedule REQ-1769417291951-3940
[ACTION VALIDATOR] Before shouldProceed check {
  requestId: 'REQ-1769417291951-3940',
  userId: '696088303f2b9335d7bcadce',
  isActiveResponder: true,
  shouldProceed: true,
  normalizedState: 'review-rescheduled'
}
[32m
Γ£ô Available Actions Result:[0m
  Actions: [view]
[33m
ΓåÆ Testing individual action validation:[0m

  Testing action: accept
[31m  Γ£ù accept: DENIED[0m
    Reason: Action '{
  requester: {
    userId: new ObjectId('697184d66d0127f028ac2ee4'),
    name: 'testing cam sur 2',
    roleSnapshot: 'stakeholder',
    authoritySnapshot: 30
  },
  claimedBy: { claimedAt: 2026-01-26T08:48:11.953Z },
  latestAction: { timestamp: 2026-01-26T08:48:11.953Z },
  activeResponder: {
    userId: new ObjectId('697711a3dbbebe7c7c6cb7a8'),
    relationship: 'reviewer',
    authority: null
  },
  lastAction: {
    action: 'reschedule',
    actorId: new ObjectId('697184d66d0127f028ac2ee4'),
    timestamp: 2026-01-26T15:02:27.667Z
  },
  _id: new ObjectId('69772a4b50e75fb8b97bba76'),
  Request_ID: 'REQ-1769417291951-3940',
  reviewer: {
    userId: new ObjectId('697711a3dbbebe7c7c6cb7a8'),
    name: 'UNITE Dev',
    roleSnapshot: 'coordinator',
    assignedAt: 2026-01-26T08:48:11.921Z,
    autoAssigned: false,
    assignmentRule: 'manual'
  },
  municipalityId: new ObjectId('6960871e3f2b9335d7bc99bf'),
  district: new ObjectId('6960871e3f2b9335d7bc99bb'),
  province: new ObjectId('696086f13f2b9335d7bc9685'),
  Event_Title: 'test #5',
  Location: 'test',
  Date: 2026-02-24T00:00:00.000Z,
  Category: 'BloodDrive',
  Target_Donation: 100,
  status: 'review-rescheduled',
  rescheduleProposal: {
    proposedDate: 2026-04-01T00:00:00.000Z,
    reviewerNotes: 'TEST: Stakeholder reschedule proposal',
    proposedAt: 2026-01-26T15:02:27.665Z,
    proposedBy: {
      userId: new ObjectId('697184d66d0127f028ac2ee4'),
      name: 'testing cam sur 2',
      roleSnapshot: 'stakeholder',
      authoritySnapshot: 30
    }
  },
  validCoordinators: [
    {
      userId: new ObjectId('6970448c6d0127f028ab5474'),
      name: 'Ben Carlo Valiente',
      organizationType: null,
      isActive: true,
      discoveredAt: 2026-01-26T08:48:12.658Z,
      _id: new ObjectId('69772a4d50e75fb8b97bbaa6')
    },
    {
      userId: new ObjectId('6970784d6d0127f028ab85c6'),
      name: 'David Jaque',
      organizationType: null,
      isActive: true,
      discoveredAt: 2026-01-26T08:48:12.890Z,
      _id: new ObjectId('69772a4d50e75fb8b97bbaa7')
    },
    {
      userId: new ObjectId('697711a3dbbebe7c7c6cb7a8'),
      name: 'UNITE Dev',
      organizationType: null,
      isActive: true,
      discoveredAt: 2026-01-26T08:48:12.993Z,
      _id: new ObjectId('69772a4d50e75fb8b97bbaa8')
    },
    {
      userId: new ObjectId('69771226dbbebe7c7c6cc1dc'),
      name: 'UNITE Dis 2 Dev',
      organizationType: null,
      isActive: true,
      discoveredAt: 2026-01-26T08:48:13.091Z,
      _id: new ObjectId('69772a4d50e75fb8b97bbaa9')
    },
    {
      userId: new ObjectId('696088303f2b9335d7bcadce'),
      name: 'Admin User',
      organizationType: null,
      isActive: true,
      discoveredAt: 2026-01-26T08:48:13.121Z,
      _id: new ObjectId('69772a4d50e75fb8b97bbaaa')
    }
  ],
  statusHistory: [
    {
      status: 'pending-review',
      note: 'Request created',
      changedAt: 2026-01-26T08:48:11.953Z,
      actor: [Object]
    },
    {
      status: 'approved',
      note: '',
      changedAt: 2026-01-26T08:48:28.616Z,
      actor: [Object]
    },
    {
      status: 'review-rescheduled',
      note: 'sdfsdf',
      changedAt: 2026-01-26T08:50:17.343Z,
      actor: [Object]
    },
    {
      status: 'approved',
      note: '',
      changedAt: 2026-01-26T08:51:09.345Z,
      actor: [Object]
    },
    {
      status: 'review-rescheduled',
      note: 'fdsfsd',
      changedAt: 2026-01-26T08:51:55.811Z,
      actor: [Object]
    },
    {
      status: 'approved',
      note: '',
      changedAt: 2026-01-26T08:52:10.186Z,
      actor: [Object]
    },
    {
      status: 'review-rescheduled',
      note: 'dadsad',
      changedAt: 2026-01-26T08:52:36.046Z,
      actor: [Object]
    },
    {
      status: 'approved',
      note: '',
      changedAt: 2026-01-26T08:52:45.107Z,
      actor: [Object]
    },
    {
      status: 'review-rescheduled',
      note: 'xdfsfsfd',
      changedAt: 2026-01-26T08:53:14.878Z,
      actor: [Object]
    },
    {
      status: 'review-rescheduled',
      note: 'sdsfdsf',
      changedAt: 2026-01-26T08:53:27.484Z,
      actor: [Object]
    },
    {
      status: 'approved',
      note: '',
      changedAt: 2026-01-26T08:55:11.874Z,
      actor: [Object]
    },
    {
      status: 'review-rescheduled',
      note: 'dfsad',
      changedAt: 2026-01-26T08:55:19.851Z,
      actor: [Object]
    },
    {
      status: 'approved',
      note: '',
      changedAt: 2026-01-26T08:55:28.606Z,
      actor: [Object]
    },
    {
      status: 'review-rescheduled',
      note: 'faf',
      changedAt: 2026-01-26T08:55:36.625Z,
      actor: [Object]
    },
    {
      status: 'approved',
      note: '',
      changedAt: 2026-01-26T08:55:56.554Z,
      actor: [Object]
    },
    {
      status: 'review-rescheduled',
      note: 'dfsf',
      changedAt: 2026-01-26T08:57:16.242Z,
      actor: [Object]
    },
    {
      status: 'review-rescheduled',
      note: 'sfad',
      changedAt: 2026-01-26T08:57:42.297Z,
      actor: [Object]
    },
    {
      status: 'review-rescheduled',
      note: 'fsfsdf',
      changedAt: 2026-01-26T08:57:57.918Z,
      actor: [Object]
    },
    {
      status: 'approved',
      note: '',
      changedAt: 2026-01-26T12:18:12.951Z,
      actor: [Object]
    },
    {
      status: 'review-rescheduled',
      note: 'adada',
      changedAt: 2026-01-26T12:18:27.805Z,
      actor: [Object]
    },
    {
      status: 'approved',
      note: '',
      changedAt: 2026-01-26T14:06:10.826Z,
      actor: [Object]
    },
    {
      status: 'review-rescheduled',
      note: 'safsf',
      changedAt: 2026-01-26T14:14:27.486Z,
      actor: [Object]
    },
    {
      status: 'approved',
      note: '',
      changedAt: 2026-01-26T14:22:50.576Z,
      actor: [Object]
    },
    {
      status: 'review-rescheduled',
      note: 'sdadasd',
      changedAt: 2026-01-26T14:23:16.218Z,
      actor: [Object]
    },
    {
      status: 'approved',
      note: '',
      changedAt: 2026-01-26T14:31:01.478Z,
      actor: [Object]
    },
    {
      status: 'review-rescheduled',
      note: 'fsfsff',
      changedAt: 2026-01-26T14:31:28.593Z,
      actor: [Object]
    },
    {
      status: 'approved',
      note: '',
      changedAt: 2026-01-26T14:34:03.531Z,
      actor: [Object]
    },
    {
      status: 'review-rescheduled',
      note: 'TEST: Stakeholder reschedule',
      changedAt: 2026-01-26T14:48:12.680Z,
      actor: [Object]
    },
    {
      status: 'review-rescheduled',
      note: 'TEST: Stakeholder reschedule',
      changedAt: 2026-01-26T14:50:11.726Z,
      actor: [Object]
    },
    {
      status: 'review-rescheduled',
      note: 'TEST: Stakeholder reschedule',
      changedAt: 2026-01-26T14:51:26.715Z,
      actor: [Object]
    },
    {
      status: 'review-rescheduled',
      note: 'TEST: Stakeholder reschedule',
      changedAt: 2026-01-26T14:51:50.281Z,
      actor: [Object]
    },
    {
      status: 'review-rescheduled',
      note: 'TEST: Stakeholder reschedule',
      changedAt: 2026-01-26T14:52:28.907Z,
      actor: [Object]
    },
    {
      status: 'review-rescheduled',
      note: 'TEST: Stakeholder reschedule',
      changedAt: 2026-01-26T14:53:05.162Z,
      actor: [Object]
    },
    {
      status: 'review-rescheduled',
      note: 'TEST: Stakeholder reschedule',
      changedAt: 2026-01-26T14:54:19.622Z,
      actor: [Object]
    },
    {
      status: 'review-rescheduled',
      note: 'TEST: Stakeholder reschedule',
      changedAt: 2026-01-26T14:55:18.209Z,
      actor: [Object]
    },
    {
      status: 'review-rescheduled',
      note: 'TEST: Stakeholder reschedule',
      changedAt: 2026-01-26T14:55:57.689Z,
      actor: [Object]
    },
    {
      status: 'review-rescheduled',
      note: 'TEST: Stakeholder reschedule',
      changedAt: 2026-01-26T14:56:31.951Z,
      actor: [Object]
    },
    {
      status: 'review-rescheduled',
      note: 'TEST: Stakeholder reschedule',
      changedAt: 2026-01-26T14:56:51.477Z,
      actor: [Object]
    },
    {
      status: 'review-rescheduled',
      note: 'TEST: Stakeholder reschedule',
      changedAt: 2026-01-26T14:57:11.920Z,
      actor: [Object]
    },
    {
      status: 'review-rescheduled',
      note: 'TEST: Stakeholder reschedule',
      changedAt: 2026-01-26T14:57:42.111Z,
      actor: [Object]
    },
    {
      status: 'review-rescheduled',
      note: 'TEST: Stakeholder reschedule',
      changedAt: 2026-01-26T14:59:34.016Z,
      actor: [Object]
    },
    {
      status: 'review-rescheduled',
      note: 'TEST: Stakeholder reschedule',
      changedAt: 2026-01-26T15:00:55.561Z,
      actor: [Object]
    },
    {
      status: 'review-rescheduled',
      note: 'TEST: Stakeholder reschedule',
      changedAt: 2026-01-26T15:02:12.281Z,
      actor: [Object]
    },
    {
      status: 'review-rescheduled',
      note: 'TEST: Stakeholder reschedule',
      changedAt: 2026-01-26T15:02:27.668Z,
      actor: [Object]
    }
  ],
  decisionHistory: [
    {
      type: 'accept',
      notes: '',
      decidedAt: 2026-01-26T08:48:28.615Z,
      actor: [Object]
    },
    {
      payload: [Object],
      type: 'reschedule',
      notes: 'sdfsdf',
      decidedAt: 2026-01-26T08:50:17.339Z,
      actor: [Object]
    },
    {
      type: 'accept',
      notes: '',
      decidedAt: 2026-01-26T08:51:09.344Z,
      actor: [Object]
    },
    {
      payload: [Object],
      type: 'reschedule',
      notes: 'fdsfsd',
      decidedAt: 2026-01-26T08:51:55.810Z,
      actor: [Object]
    },
    {
      type: 'accept',
      notes: '',
      decidedAt: 2026-01-26T08:52:10.186Z,
      actor: [Object]
    },
    {
      payload: [Object],
      type: 'reschedule',
      notes: 'dadsad',
      decidedAt: 2026-01-26T08:52:36.045Z,
      actor: [Object]
    },
    {
      type: 'accept',
      notes: '',
      decidedAt: 2026-01-26T08:52:45.106Z,
      actor: [Object]
    },
    {
      payload: [Object],
      type: 'reschedule',
      notes: 'xdfsfsfd',
      decidedAt: 2026-01-26T08:53:14.878Z,
      actor: [Object]
    },
    {
      payload: [Object],
      type: 'reschedule',
      notes: 'sdsfdsf',
      decidedAt: 2026-01-26T08:53:27.484Z,
      actor: [Object]
    },
    {
      type: 'accept',
      notes: '',
      decidedAt: 2026-01-26T08:55:11.872Z,
      actor: [Object]
    },
    {
      payload: [Object],
      type: 'reschedule',
      notes: 'dfsad',
      decidedAt: 2026-01-26T08:55:19.850Z,
      actor: [Object]
    },
    {
      type: 'accept',
      notes: '',
      decidedAt: 2026-01-26T08:55:28.606Z,
      actor: [Object]
    },
    {
      payload: [Object],
      type: 'reschedule',
      notes: 'faf',
      decidedAt: 2026-01-26T08:55:36.624Z,
      actor: [Object]
    },
    {
      type: 'accept',
      notes: '',
      decidedAt: 2026-01-26T08:55:56.553Z,
      actor: [Object]
    },
    {
      payload: [Object],
      type: 'reschedule',
      notes: 'dfsf',
      decidedAt: 2026-01-26T08:57:16.240Z,
      actor: [Object]
    },
    {
      payload: [Object],
      type: 'reschedule',
      notes: 'sfad',
      decidedAt: 2026-01-26T08:57:42.296Z,
      actor: [Object]
    },
    {
      payload: [Object],
      type: 'reschedule',
      notes: 'fsfsdf',
      decidedAt: 2026-01-26T08:57:57.916Z,
      actor: [Object]
    },
    {
      type: 'accept',
      notes: '',
      decidedAt: 2026-01-26T12:18:12.951Z,
      actor: [Object]
    },
    {
      payload: [Object],
      type: 'reschedule',
      notes: 'adada',
      decidedAt: 2026-01-26T12:18:27.804Z,
      actor: [Object]
    },
    {
      type: 'accept',
      notes: '',
      decidedAt: 2026-01-26T14:06:10.823Z,
      actor: [Object]
    },
    {
      payload: [Object],
      type: 'reschedule',
      notes: 'safsf',
      decidedAt: 2026-01-26T14:14:27.481Z,
      actor: [Object]
    },
    {
      type: 'accept',
      notes: '',
      decidedAt: 2026-01-26T14:22:50.571Z,
      actor: [Object]
    },
    {
      payload: [Object],
      type: 'reschedule',
      notes: 'sdadasd',
      decidedAt: 2026-01-26T14:23:16.217Z,
      actor: [Object]
    },
    {
      type: 'accept',
      notes: '',
      decidedAt: 2026-01-26T14:31:01.466Z,
      actor: [Object]
    },
    {
      payload: [Object],
      type: 'reschedule',
      notes: 'fsfsff',
      decidedAt: 2026-01-26T14:31:28.591Z,
      actor: [Object]
    },
    {
      type: 'accept',
      notes: '',
      decidedAt: 2026-01-26T14:34:03.518Z,
      actor: [Object]
    },
    {
      payload: [Object],
      type: 'reschedule',
      notes: 'TEST: Stakeholder reschedule',
      decidedAt: 2026-01-26T14:48:12.682Z,
      actor: [Object]
    },
    {
      payload: [Object],
      type: 'reschedule',
      notes: 'TEST: Stakeholder reschedule',
      decidedAt: 2026-01-26T14:50:11.727Z,
      actor: [Object]
    },
    {
      payload: [Object],
      type: 'reschedule',
      notes: 'TEST: Stakeholder reschedule',
      decidedAt: 2026-01-26T14:51:26.717Z,
      actor: [Object]
    },
    {
      payload: [Object],
      type: 'reschedule',
      notes: 'TEST: Stakeholder reschedule',
      decidedAt: 2026-01-26T14:51:50.282Z,
      actor: [Object]
    },
    {
      payload: [Object],
      type: 'reschedule',
      notes: 'TEST: Stakeholder reschedule',
      decidedAt: 2026-01-26T14:52:28.910Z,
      actor: [Object]
    },
    {
      payload: [Object],
      type: 'reschedule',
      notes: 'TEST: Stakeholder reschedule',
      decidedAt: 2026-01-26T14:53:05.163Z,
      actor: [Object]
    },
    {
      payload: [Object],
      type: 'reschedule',
      notes: 'TEST: Stakeholder reschedule',
      decidedAt: 2026-01-26T14:54:19.623Z,
      actor: [Object]
    },
    {
      payload: [Object],
      type: 'reschedule',
      notes: 'TEST: Stakeholder reschedule',
      decidedAt: 2026-01-26T14:55:18.210Z,
      actor: [Object]
    },
    {
      payload: [Object],
      type: 'reschedule',
      notes: 'TEST: Stakeholder reschedule',
      decidedAt: 2026-01-26T14:55:57.691Z,
      actor: [Object]
    },
    {
      payload: [Object],
      type: 'reschedule',
      notes: 'TEST: Stakeholder reschedule',
      decidedAt: 2026-01-26T14:56:31.952Z,
      actor: [Object]
    },
    {
      payload: [Object],
      type: 'reschedule',
      notes: 'TEST: Stakeholder reschedule',
      decidedAt: 2026-01-26T14:56:51.477Z,
      actor: [Object]
    },
    {
      payload: [Object],
      type: 'reschedule',
      notes: 'TEST: Stakeholder reschedule',
      decidedAt: 2026-01-26T14:57:11.921Z,
      actor: [Object]
    },
    {
      payload: [Object],
      type: 'reschedule',
      notes: 'TEST: Stakeholder reschedule',
      decidedAt: 2026-01-26T14:57:42.112Z,
      actor: [Object]
    },
    {
      payload: [Object],
      type: 'reschedule',
      notes: 'TEST: Stakeholder reschedule',
      decidedAt: 2026-01-26T14:59:34.017Z,
      actor: [Object]
    },
    {
      payload: [Object],
      type: 'reschedule',
      notes: 'TEST: Stakeholder reschedule',
      decidedAt: 2026-01-26T15:00:55.562Z,
      actor: [Object]
    },
    {
      payload: [Object],
      type: 'reschedule',
      notes: 'TEST: Stakeholder reschedule',
      decidedAt: 2026-01-26T15:02:12.283Z,
      actor: [Object]
    },
    {
      type: 'reschedule',
      notes: 'TEST: Stakeholder reschedule',
      decidedAt: 2026-01-26T15:02:27.669Z,
      actor: [Object],
      payload: [Object]
    }
  ],
  createdAt: 2026-01-26T08:48:11.953Z,
  updatedAt: 2026-01-26T15:02:27.682Z,
  __v: 43,
  Event_ID: 'EVENT_1769417308691_kcbtt1kke',
  eventId: new ObjectId('69772a5c50e75fb8b97bbb57')
}' is not valid for request in state 'undefined'

  Testing action: reject
[31m  Γ£ù reject: DENIED[0m
    Reason: Action '{
  requester: {
    userId: new ObjectId('697184d66d0127f028ac2ee4'),
    name: 'testing cam sur 2',
    roleSnapshot: 'stakeholder',
    authoritySnapshot: 30
  },
  claimedBy: { claimedAt: 2026-01-26T08:48:11.953Z },
  latestAction: { timestamp: 2026-01-26T08:48:11.953Z },
  activeResponder: {
    userId: new ObjectId('697711a3dbbebe7c7c6cb7a8'),
    relationship: 'reviewer',
    authority: null
  },
  lastAction: {
    action: 'reschedule',
    actorId: new ObjectId('697184d66d0127f028ac2ee4'),
    timestamp: 2026-01-26T15:02:27.667Z
  },
  _id: new ObjectId('69772a4b50e75fb8b97bba76'),
  Request_ID: 'REQ-1769417291951-3940',
  reviewer: {
    userId: new ObjectId('697711a3dbbebe7c7c6cb7a8'),
    name: 'UNITE Dev',
    roleSnapshot: 'coordinator',
    assignedAt: 2026-01-26T08:48:11.921Z,
    autoAssigned: false,
    assignmentRule: 'manual'
  },
  municipalityId: new ObjectId('6960871e3f2b9335d7bc99bf'),
  district: new ObjectId('6960871e3f2b9335d7bc99bb'),
  province: new ObjectId('696086f13f2b9335d7bc9685'),
  Event_Title: 'test #5',
  Location: 'test',
  Date: 2026-02-24T00:00:00.000Z,
  Category: 'BloodDrive',
  Target_Donation: 100,
  status: 'review-rescheduled',
  rescheduleProposal: {
    proposedDate: 2026-04-01T00:00:00.000Z,
    reviewerNotes: 'TEST: Stakeholder reschedule proposal',
    proposedAt: 2026-01-26T15:02:27.665Z,
    proposedBy: {
      userId: new ObjectId('697184d66d0127f028ac2ee4'),
      name: 'testing cam sur 2',
      roleSnapshot: 'stakeholder',
      authoritySnapshot: 30
    }
  },
  validCoordinators: [
    {
      userId: new ObjectId('6970448c6d0127f028ab5474'),
      name: 'Ben Carlo Valiente',
      organizationType: null,
      isActive: true,
      discoveredAt: 2026-01-26T08:48:12.658Z,
      _id: new ObjectId('69772a4d50e75fb8b97bbaa6')
    },
    {
      userId: new ObjectId('6970784d6d0127f028ab85c6'),
      name: 'David Jaque',
      organizationType: null,
      isActive: true,
      discoveredAt: 2026-01-26T08:48:12.890Z,
      _id: new ObjectId('69772a4d50e75fb8b97bbaa7')
    },
    {
      userId: new ObjectId('697711a3dbbebe7c7c6cb7a8'),
      name: 'UNITE Dev',
      organizationType: null,
      isActive: true,
      discoveredAt: 2026-01-26T08:48:12.993Z,
      _id: new ObjectId('69772a4d50e75fb8b97bbaa8')
    },
    {
      userId: new ObjectId('69771226dbbebe7c7c6cc1dc'),
      name: 'UNITE Dis 2 Dev',
      organizationType: null,
      isActive: true,
      discoveredAt: 2026-01-26T08:48:13.091Z,
      _id: new ObjectId('69772a4d50e75fb8b97bbaa9')
    },
    {
      userId: new ObjectId('696088303f2b9335d7bcadce'),
      name: 'Admin User',
      organizationType: null,
      isActive: true,
      discoveredAt: 2026-01-26T08:48:13.121Z,
      _id: new ObjectId('69772a4d50e75fb8b97bbaaa')
    }
  ],
  statusHistory: [
    {
      status: 'pending-review',
      note: 'Request created',
      changedAt: 2026-01-26T08:48:11.953Z,
      actor: [Object]
    },
    {
      status: 'approved',
      note: '',
      changedAt: 2026-01-26T08:48:28.616Z,
      actor: [Object]
    },
    {
      status: 'review-rescheduled',
      note: 'sdfsdf',
      changedAt: 2026-01-26T08:50:17.343Z,
      actor: [Object]
    },
    {
      status: 'approved',
      note: '',
      changedAt: 2026-01-26T08:51:09.345Z,
      actor: [Object]
    },
    {
      status: 'review-rescheduled',
      note: 'fdsfsd',
      changedAt: 2026-01-26T08:51:55.811Z,
      actor: [Object]
    },
    {
      status: 'approved',
      note: '',
      changedAt: 2026-01-26T08:52:10.186Z,
      actor: [Object]
    },
    {
      status: 'review-rescheduled',
      note: 'dadsad',
      changedAt: 2026-01-26T08:52:36.046Z,
      actor: [Object]
    },
    {
      status: 'approved',
      note: '',
      changedAt: 2026-01-26T08:52:45.107Z,
      actor: [Object]
    },
    {
      status: 'review-rescheduled',
      note: 'xdfsfsfd',
      changedAt: 2026-01-26T08:53:14.878Z,
      actor: [Object]
    },
    {
      status: 'review-rescheduled',
      note: 'sdsfdsf',
      changedAt: 2026-01-26T08:53:27.484Z,
      actor: [Object]
    },
    {
      status: 'approved',
      note: '',
      changedAt: 2026-01-26T08:55:11.874Z,
      actor: [Object]
    },
    {
      status: 'review-rescheduled',
      note: 'dfsad',
      changedAt: 2026-01-26T08:55:19.851Z,
      actor: [Object]
    },
    {
      status: 'approved',
      note: '',
      changedAt: 2026-01-26T08:55:28.606Z,
      actor: [Object]
    },
    {
      status: 'review-rescheduled',
      note: 'faf',
      changedAt: 2026-01-26T08:55:36.625Z,
      actor: [Object]
    },
    {
      status: 'approved',
      note: '',
      changedAt: 2026-01-26T08:55:56.554Z,
      actor: [Object]
    },
    {
      status: 'review-rescheduled',
      note: 'dfsf',
      changedAt: 2026-01-26T08:57:16.242Z,
      actor: [Object]
    },
    {
      status: 'review-rescheduled',
      note: 'sfad',
      changedAt: 2026-01-26T08:57:42.297Z,
      actor: [Object]
    },
    {
      status: 'review-rescheduled',
      note: 'fsfsdf',
      changedAt: 2026-01-26T08:57:57.918Z,
      actor: [Object]
    },
    {
      status: 'approved',
      note: '',
      changedAt: 2026-01-26T12:18:12.951Z,
      actor: [Object]
    },
    {
      status: 'review-rescheduled',
      note: 'adada',
      changedAt: 2026-01-26T12:18:27.805Z,
      actor: [Object]
    },
    {
      status: 'approved',
      note: '',
      changedAt: 2026-01-26T14:06:10.826Z,
      actor: [Object]
    },
    {
      status: 'review-rescheduled',
      note: 'safsf',
      changedAt: 2026-01-26T14:14:27.486Z,
      actor: [Object]
    },
    {
      status: 'approved',
      note: '',
      changedAt: 2026-01-26T14:22:50.576Z,
      actor: [Object]
    },
    {
      status: 'review-rescheduled',
      note: 'sdadasd',
      changedAt: 2026-01-26T14:23:16.218Z,
      actor: [Object]
    },
    {
      status: 'approved',
      note: '',
      changedAt: 2026-01-26T14:31:01.478Z,
      actor: [Object]
    },
    {
      status: 'review-rescheduled',
      note: 'fsfsff',
      changedAt: 2026-01-26T14:31:28.593Z,
      actor: [Object]
    },
    {
      status: 'approved',
      note: '',
      changedAt: 2026-01-26T14:34:03.531Z,
      actor: [Object]
    },
    {
      status: 'review-rescheduled',
      note: 'TEST: Stakeholder reschedule',
      changedAt: 2026-01-26T14:48:12.680Z,
      actor: [Object]
    },
    {
      status: 'review-rescheduled',
      note: 'TEST: Stakeholder reschedule',
      changedAt: 2026-01-26T14:50:11.726Z,
      actor: [Object]
    },
    {
      status: 'review-rescheduled',
      note: 'TEST: Stakeholder reschedule',
      changedAt: 2026-01-26T14:51:26.715Z,
      actor: [Object]
    },
    {
      status: 'review-rescheduled',
      note: 'TEST: Stakeholder reschedule',
      changedAt: 2026-01-26T14:51:50.281Z,
      actor: [Object]
    },
    {
      status: 'review-rescheduled',
      note: 'TEST: Stakeholder reschedule',
      changedAt: 2026-01-26T14:52:28.907Z,
      actor: [Object]
    },
    {
      status: 'review-rescheduled',
      note: 'TEST: Stakeholder reschedule',
      changedAt: 2026-01-26T14:53:05.162Z,
      actor: [Object]
    },
    {
      status: 'review-rescheduled',
      note: 'TEST: Stakeholder reschedule',
      changedAt: 2026-01-26T14:54:19.622Z,
      actor: [Object]
    },
    {
      status: 'review-rescheduled',
      note: 'TEST: Stakeholder reschedule',
      changedAt: 2026-01-26T14:55:18.209Z,
      actor: [Object]
    },
    {
      status: 'review-rescheduled',
      note: 'TEST: Stakeholder reschedule',
      changedAt: 2026-01-26T14:55:57.689Z,
      actor: [Object]
    },
    {
      status: 'review-rescheduled',
      note: 'TEST: Stakeholder reschedule',
      changedAt: 2026-01-26T14:56:31.951Z,
      actor: [Object]
    },
    {
      status: 'review-rescheduled',
      note: 'TEST: Stakeholder reschedule',
      changedAt: 2026-01-26T14:56:51.477Z,
      actor: [Object]
    },
    {
      status: 'review-rescheduled',
      note: 'TEST: Stakeholder reschedule',
      changedAt: 2026-01-26T14:57:11.920Z,
      actor: [Object]
    },
    {
      status: 'review-rescheduled',
      note: 'TEST: Stakeholder reschedule',
      changedAt: 2026-01-26T14:57:42.111Z,
      actor: [Object]
    },
    {
      status: 'review-rescheduled',
      note: 'TEST: Stakeholder reschedule',
      changedAt: 2026-01-26T14:59:34.016Z,
      actor: [Object]
    },
    {
      status: 'review-rescheduled',
      note: 'TEST: Stakeholder reschedule',
      changedAt: 2026-01-26T15:00:55.561Z,
      actor: [Object]
    },
    {
      status: 'review-rescheduled',
      note: 'TEST: Stakeholder reschedule',
      changedAt: 2026-01-26T15:02:12.281Z,
      actor: [Object]
    },
    {
      status: 'review-rescheduled',
      note: 'TEST: Stakeholder reschedule',
      changedAt: 2026-01-26T15:02:27.668Z,
      actor: [Object]
    }
  ],
  decisionHistory: [
    {
      type: 'accept',
      notes: '',
      decidedAt: 2026-01-26T08:48:28.615Z,
      actor: [Object]
    },
    {
      payload: [Object],
      type: 'reschedule',
      notes: 'sdfsdf',
      decidedAt: 2026-01-26T08:50:17.339Z,
      actor: [Object]
    },
    {
      type: 'accept',
      notes: '',
      decidedAt: 2026-01-26T08:51:09.344Z,
      actor: [Object]
    },
    {
      payload: [Object],
      type: 'reschedule',
      notes: 'fdsfsd',
      decidedAt: 2026-01-26T08:51:55.810Z,
      actor: [Object]
    },
    {
      type: 'accept',
      notes: '',
      decidedAt: 2026-01-26T08:52:10.186Z,
      actor: [Object]
    },
    {
      payload: [Object],
      type: 'reschedule',
      notes: 'dadsad',
      decidedAt: 2026-01-26T08:52:36.045Z,
      actor: [Object]
    },
    {
      type: 'accept',
      notes: '',
      decidedAt: 2026-01-26T08:52:45.106Z,
      actor: [Object]
    },
    {
      payload: [Object],
      type: 'reschedule',
      notes: 'xdfsfsfd',
      decidedAt: 2026-01-26T08:53:14.878Z,
      actor: [Object]
    },
    {
      payload: [Object],
      type: 'reschedule',
      notes: 'sdsfdsf',
      decidedAt: 2026-01-26T08:53:27.484Z,
      actor: [Object]
    },
    {
      type: 'accept',
      notes: '',
      decidedAt: 2026-01-26T08:55:11.872Z,
      actor: [Object]
    },
    {
      payload: [Object],
      type: 'reschedule',
      notes: 'dfsad',
      decidedAt: 2026-01-26T08:55:19.850Z,
      actor: [Object]
    },
    {
      type: 'accept',
      notes: '',
      decidedAt: 2026-01-26T08:55:28.606Z,
      actor: [Object]
    },
    {
      payload: [Object],
      type: 'reschedule',
      notes: 'faf',
      decidedAt: 2026-01-26T08:55:36.624Z,
      actor: [Object]
    },
    {
      type: 'accept',
      notes: '',
      decidedAt: 2026-01-26T08:55:56.553Z,
      actor: [Object]
    },
    {
      payload: [Object],
      type: 'reschedule',
      notes: 'dfsf',
      decidedAt: 2026-01-26T08:57:16.240Z,
      actor: [Object]
    },
    {
      payload: [Object],
      type: 'reschedule',
      notes: 'sfad',
      decidedAt: 2026-01-26T08:57:42.296Z,
      actor: [Object]
    },
    {
      payload: [Object],
      type: 'reschedule',
      notes: 'fsfsdf',
      decidedAt: 2026-01-26T08:57:57.916Z,
      actor: [Object]
    },
    {
      type: 'accept',
      notes: '',
      decidedAt: 2026-01-26T12:18:12.951Z,
      actor: [Object]
    },
    {
      payload: [Object],
      type: 'reschedule',
      notes: 'adada',
      decidedAt: 2026-01-26T12:18:27.804Z,
      actor: [Object]
    },
    {
      type: 'accept',
      notes: '',
      decidedAt: 2026-01-26T14:06:10.823Z,
      actor: [Object]
    },
    {
      payload: [Object],
      type: 'reschedule',
      notes: 'safsf',
      decidedAt: 2026-01-26T14:14:27.481Z,
      actor: [Object]
    },
    {
      type: 'accept',
      notes: '',
      decidedAt: 2026-01-26T14:22:50.571Z,
      actor: [Object]
    },
    {
      payload: [Object],
      type: 'reschedule',
      notes: 'sdadasd',
      decidedAt: 2026-01-26T14:23:16.217Z,
      actor: [Object]
    },
    {
      type: 'accept',
      notes: '',
      decidedAt: 2026-01-26T14:31:01.466Z,
      actor: [Object]
    },
    {
      payload: [Object],
      type: 'reschedule',
      notes: 'fsfsff',
      decidedAt: 2026-01-26T14:31:28.591Z,
      actor: [Object]
    },
    {
      type: 'accept',
      notes: '',
      decidedAt: 2026-01-26T14:34:03.518Z,
      actor: [Object]
    },
    {
      payload: [Object],
      type: 'reschedule',
      notes: 'TEST: Stakeholder reschedule',
      decidedAt: 2026-01-26T14:48:12.682Z,
      actor: [Object]
    },
    {
      payload: [Object],
      type: 'reschedule',
      notes: 'TEST: Stakeholder reschedule',
      decidedAt: 2026-01-26T14:50:11.727Z,
      actor: [Object]
    },
    {
      payload: [Object],
      type: 'reschedule',
      notes: 'TEST: Stakeholder reschedule',
      decidedAt: 2026-01-26T14:51:26.717Z,
      actor: [Object]
    },
    {
      payload: [Object],
      type: 'reschedule',
      notes: 'TEST: Stakeholder reschedule',
      decidedAt: 2026-01-26T14:51:50.282Z,
      actor: [Object]
    },
    {
      payload: [Object],
      type: 'reschedule',
      notes: 'TEST: Stakeholder reschedule',
      decidedAt: 2026-01-26T14:52:28.910Z,
      actor: [Object]
    },
    {
      payload: [Object],
      type: 'reschedule',
      notes: 'TEST: Stakeholder reschedule',
      decidedAt: 2026-01-26T14:53:05.163Z,
      actor: [Object]
    },
    {
      payload: [Object],
      type: 'reschedule',
      notes: 'TEST: Stakeholder reschedule',
      decidedAt: 2026-01-26T14:54:19.623Z,
      actor: [Object]
    },
    {
      payload: [Object],
      type: 'reschedule',
      notes: 'TEST: Stakeholder reschedule',
      decidedAt: 2026-01-26T14:55:18.210Z,
      actor: [Object]
    },
    {
      payload: [Object],
      type: 'reschedule',
      notes: 'TEST: Stakeholder reschedule',
      decidedAt: 2026-01-26T14:55:57.691Z,
      actor: [Object]
    },
    {
      payload: [Object],
      type: 'reschedule',
      notes: 'TEST: Stakeholder reschedule',
      decidedAt: 2026-01-26T14:56:31.952Z,
      actor: [Object]
    },
    {
      payload: [Object],
      type: 'reschedule',
      notes: 'TEST: Stakeholder reschedule',
      decidedAt: 2026-01-26T14:56:51.477Z,
      actor: [Object]
    },
    {
      payload: [Object],
      type: 'reschedule',
      notes: 'TEST: Stakeholder reschedule',
      decidedAt: 2026-01-26T14:57:11.921Z,
      actor: [Object]
    },
    {
      payload: [Object],
      type: 'reschedule',
      notes: 'TEST: Stakeholder reschedule',
      decidedAt: 2026-01-26T14:57:42.112Z,
      actor: [Object]
    },
    {
      payload: [Object],
      type: 'reschedule',
      notes: 'TEST: Stakeholder reschedule',
      decidedAt: 2026-01-26T14:59:34.017Z,
      actor: [Object]
    },
    {
      payload: [Object],
      type: 'reschedule',
      notes: 'TEST: Stakeholder reschedule',
      decidedAt: 2026-01-26T15:00:55.562Z,
      actor: [Object]
    },
    {
      payload: [Object],
      type: 'reschedule',
      notes: 'TEST: Stakeholder reschedule',
      decidedAt: 2026-01-26T15:02:12.283Z,
      actor: [Object]
    },
    {
      type: 'reschedule',
      notes: 'TEST: Stakeholder reschedule',
      decidedAt: 2026-01-26T15:02:27.669Z,
      actor: [Object],
      payload: [Object]
    }
  ],
  createdAt: 2026-01-26T08:48:11.953Z,
  updatedAt: 2026-01-26T15:02:27.682Z,
  __v: 43,
  Event_ID: 'EVENT_1769417308691_kcbtt1kke',
  eventId: new ObjectId('69772a5c50e75fb8b97bbb57')
}' is not valid for request in state 'undefined'

  Testing action: reschedule
[31m  Γ£ù reschedule: DENIED[0m
    Reason: Action '{
  requester: {
    userId: new ObjectId('697184d66d0127f028ac2ee4'),
    name: 'testing cam sur 2',
    roleSnapshot: 'stakeholder',
    authoritySnapshot: 30
  },
  claimedBy: { claimedAt: 2026-01-26T08:48:11.953Z },
  latestAction: { timestamp: 2026-01-26T08:48:11.953Z },
  activeResponder: {
    userId: new ObjectId('697711a3dbbebe7c7c6cb7a8'),
    relationship: 'reviewer',
    authority: null
  },
  lastAction: {
    action: 'reschedule',
    actorId: new ObjectId('697184d66d0127f028ac2ee4'),
    timestamp: 2026-01-26T15:02:27.667Z
  },
  _id: new ObjectId('69772a4b50e75fb8b97bba76'),
  Request_ID: 'REQ-1769417291951-3940',
  reviewer: {
    userId: new ObjectId('697711a3dbbebe7c7c6cb7a8'),
    name: 'UNITE Dev',
    roleSnapshot: 'coordinator',
    assignedAt: 2026-01-26T08:48:11.921Z,
    autoAssigned: false,
    assignmentRule: 'manual'
  },
  municipalityId: new ObjectId('6960871e3f2b9335d7bc99bf'),
  district: new ObjectId('6960871e3f2b9335d7bc99bb'),
  province: new ObjectId('696086f13f2b9335d7bc9685'),
  Event_Title: 'test #5',
  Location: 'test',
  Date: 2026-02-24T00:00:00.000Z,
  Category: 'BloodDrive',
  Target_Donation: 100,
  status: 'review-rescheduled',
  rescheduleProposal: {
    proposedDate: 2026-04-01T00:00:00.000Z,
    reviewerNotes: 'TEST: Stakeholder reschedule proposal',
    proposedAt: 2026-01-26T15:02:27.665Z,
    proposedBy: {
      userId: new ObjectId('697184d66d0127f028ac2ee4'),
      name: 'testing cam sur 2',
      roleSnapshot: 'stakeholder',
      authoritySnapshot: 30
    }
  },
  validCoordinators: [
    {
      userId: new ObjectId('6970448c6d0127f028ab5474'),
      name: 'Ben Carlo Valiente',
      organizationType: null,
      isActive: true,
      discoveredAt: 2026-01-26T08:48:12.658Z,
      _id: new ObjectId('69772a4d50e75fb8b97bbaa6')
    },
    {
      userId: new ObjectId('6970784d6d0127f028ab85c6'),
      name: 'David Jaque',
      organizationType: null,
      isActive: true,
      discoveredAt: 2026-01-26T08:48:12.890Z,
      _id: new ObjectId('69772a4d50e75fb8b97bbaa7')
    },
    {
      userId: new ObjectId('697711a3dbbebe7c7c6cb7a8'),
      name: 'UNITE Dev',
      organizationType: null,
      isActive: true,
      discoveredAt: 2026-01-26T08:48:12.993Z,
      _id: new ObjectId('69772a4d50e75fb8b97bbaa8')
    },
    {
      userId: new ObjectId('69771226dbbebe7c7c6cc1dc'),
      name: 'UNITE Dis 2 Dev',
      organizationType: null,
      isActive: true,
      discoveredAt: 2026-01-26T08:48:13.091Z,
      _id: new ObjectId('69772a4d50e75fb8b97bbaa9')
    },
    {
      userId: new ObjectId('696088303f2b9335d7bcadce'),
      name: 'Admin User',
      organizationType: null,
      isActive: true,
      discoveredAt: 2026-01-26T08:48:13.121Z,
      _id: new ObjectId('69772a4d50e75fb8b97bbaaa')
    }
  ],
  statusHistory: [
    {
      status: 'pending-review',
      note: 'Request created',
      changedAt: 2026-01-26T08:48:11.953Z,
      actor: [Object]
    },
    {
      status: 'approved',
      note: '',
      changedAt: 2026-01-26T08:48:28.616Z,
      actor: [Object]
    },
    {
      status: 'review-rescheduled',
      note: 'sdfsdf',
      changedAt: 2026-01-26T08:50:17.343Z,
      actor: [Object]
    },
    {
      status: 'approved',
      note: '',
      changedAt: 2026-01-26T08:51:09.345Z,
      actor: [Object]
    },
    {
      status: 'review-rescheduled',
      note: 'fdsfsd',
      changedAt: 2026-01-26T08:51:55.811Z,
      actor: [Object]
    },
    {
      status: 'approved',
      note: '',
      changedAt: 2026-01-26T08:52:10.186Z,
      actor: [Object]
    },
    {
      status: 'review-rescheduled',
      note: 'dadsad',
      changedAt: 2026-01-26T08:52:36.046Z,
      actor: [Object]
    },
    {
      status: 'approved',
      note: '',
      changedAt: 2026-01-26T08:52:45.107Z,
      actor: [Object]
    },
    {
      status: 'review-rescheduled',
      note: 'xdfsfsfd',
      changedAt: 2026-01-26T08:53:14.878Z,
      actor: [Object]
    },
    {
      status: 'review-rescheduled',
      note: 'sdsfdsf',
      changedAt: 2026-01-26T08:53:27.484Z,
      actor: [Object]
    },
    {
      status: 'approved',
      note: '',
      changedAt: 2026-01-26T08:55:11.874Z,
      actor: [Object]
    },
    {
      status: 'review-rescheduled',
      note: 'dfsad',
      changedAt: 2026-01-26T08:55:19.851Z,
      actor: [Object]
    },
    {
      status: 'approved',
      note: '',
      changedAt: 2026-01-26T08:55:28.606Z,
      actor: [Object]
    },
    {
      status: 'review-rescheduled',
      note: 'faf',
      changedAt: 2026-01-26T08:55:36.625Z,
      actor: [Object]
    },
    {
      status: 'approved',
      note: '',
      changedAt: 2026-01-26T08:55:56.554Z,
      actor: [Object]
    },
    {
      status: 'review-rescheduled',
      note: 'dfsf',
      changedAt: 2026-01-26T08:57:16.242Z,
      actor: [Object]
    },
    {
      status: 'review-rescheduled',
      note: 'sfad',
      changedAt: 2026-01-26T08:57:42.297Z,
      actor: [Object]
    },
    {
      status: 'review-rescheduled',
      note: 'fsfsdf',
      changedAt: 2026-01-26T08:57:57.918Z,
      actor: [Object]
    },
    {
      status: 'approved',
      note: '',
      changedAt: 2026-01-26T12:18:12.951Z,
      actor: [Object]
    },
    {
      status: 'review-rescheduled',
      note: 'adada',
      changedAt: 2026-01-26T12:18:27.805Z,
      actor: [Object]
    },
    {
      status: 'approved',
      note: '',
      changedAt: 2026-01-26T14:06:10.826Z,
      actor: [Object]
    },
    {
      status: 'review-rescheduled',
      note: 'safsf',
      changedAt: 2026-01-26T14:14:27.486Z,
      actor: [Object]
    },
    {
      status: 'approved',
      note: '',
      changedAt: 2026-01-26T14:22:50.576Z,
      actor: [Object]
    },
    {
      status: 'review-rescheduled',
      note: 'sdadasd',
      changedAt: 2026-01-26T14:23:16.218Z,
      actor: [Object]
    },
    {
      status: 'approved',
      note: '',
      changedAt: 2026-01-26T14:31:01.478Z,
      actor: [Object]
    },
    {
      status: 'review-rescheduled',
      note: 'fsfsff',
      changedAt: 2026-01-26T14:31:28.593Z,
      actor: [Object]
    },
    {
      status: 'approved',
      note: '',
      changedAt: 2026-01-26T14:34:03.531Z,
      actor: [Object]
    },
    {
      status: 'review-rescheduled',
      note: 'TEST: Stakeholder reschedule',
      changedAt: 2026-01-26T14:48:12.680Z,
      actor: [Object]
    },
    {
      status: 'review-rescheduled',
      note: 'TEST: Stakeholder reschedule',
      changedAt: 2026-01-26T14:50:11.726Z,
      actor: [Object]
    },
    {
      status: 'review-rescheduled',
      note: 'TEST: Stakeholder reschedule',
      changedAt: 2026-01-26T14:51:26.715Z,
      actor: [Object]
    },
    {
      status: 'review-rescheduled',
      note: 'TEST: Stakeholder reschedule',
      changedAt: 2026-01-26T14:51:50.281Z,
      actor: [Object]
    },
    {
      status: 'review-rescheduled',
      note: 'TEST: Stakeholder reschedule',
      changedAt: 2026-01-26T14:52:28.907Z,
      actor: [Object]
    },
    {
      status: 'review-rescheduled',
      note: 'TEST: Stakeholder reschedule',
      changedAt: 2026-01-26T14:53:05.162Z,
      actor: [Object]
    },
    {
      status: 'review-rescheduled',
      note: 'TEST: Stakeholder reschedule',
      changedAt: 2026-01-26T14:54:19.622Z,
      actor: [Object]
    },
    {
      status: 'review-rescheduled',
      note: 'TEST: Stakeholder reschedule',
      changedAt: 2026-01-26T14:55:18.209Z,
      actor: [Object]
    },
    {
      status: 'review-rescheduled',
      note: 'TEST: Stakeholder reschedule',
      changedAt: 2026-01-26T14:55:57.689Z,
      actor: [Object]
    },
    {
      status: 'review-rescheduled',
      note: 'TEST: Stakeholder reschedule',
      changedAt: 2026-01-26T14:56:31.951Z,
      actor: [Object]
    },
    {
      status: 'review-rescheduled',
      note: 'TEST: Stakeholder reschedule',
      changedAt: 2026-01-26T14:56:51.477Z,
      actor: [Object]
    },
    {
      status: 'review-rescheduled',
      note: 'TEST: Stakeholder reschedule',
      changedAt: 2026-01-26T14:57:11.920Z,
      actor: [Object]
    },
    {
      status: 'review-rescheduled',
      note: 'TEST: Stakeholder reschedule',
      changedAt: 2026-01-26T14:57:42.111Z,
      actor: [Object]
    },
    {
      status: 'review-rescheduled',
      note: 'TEST: Stakeholder reschedule',
      changedAt: 2026-01-26T14:59:34.016Z,
      actor: [Object]
    },
    {
      status: 'review-rescheduled',
      note: 'TEST: Stakeholder reschedule',
      changedAt: 2026-01-26T15:00:55.561Z,
      actor: [Object]
    },
    {
      status: 'review-rescheduled',
      note: 'TEST: Stakeholder reschedule',
      changedAt: 2026-01-26T15:02:12.281Z,
      actor: [Object]
    },
    {
      status: 'review-rescheduled',
      note: 'TEST: Stakeholder reschedule',
      changedAt: 2026-01-26T15:02:27.668Z,
      actor: [Object]
    }
  ],
  decisionHistory: [
    {
      type: 'accept',
      notes: '',
      decidedAt: 2026-01-26T08:48:28.615Z,
      actor: [Object]
    },
    {
      payload: [Object],
      type: 'reschedule',
      notes: 'sdfsdf',
      decidedAt: 2026-01-26T08:50:17.339Z,
      actor: [Object]
    },
    {
      type: 'accept',
      notes: '',
      decidedAt: 2026-01-26T08:51:09.344Z,
      actor: [Object]
    },
    {
      payload: [Object],
      type: 'reschedule',
      notes: 'fdsfsd',
      decidedAt: 2026-01-26T08:51:55.810Z,
      actor: [Object]
    },
    {
      type: 'accept',
      notes: '',
      decidedAt: 2026-01-26T08:52:10.186Z,
      actor: [Object]
    },
    {
      payload: [Object],
      type: 'reschedule',
      notes: 'dadsad',
      decidedAt: 2026-01-26T08:52:36.045Z,
      actor: [Object]
    },
    {
      type: 'accept',
      notes: '',
      decidedAt: 2026-01-26T08:52:45.106Z,
      actor: [Object]
    },
    {
      payload: [Object],
      type: 'reschedule',
      notes: 'xdfsfsfd',
      decidedAt: 2026-01-26T08:53:14.878Z,
      actor: [Object]
    },
    {
      payload: [Object],
      type: 'reschedule',
      notes: 'sdsfdsf',
      decidedAt: 2026-01-26T08:53:27.484Z,
      actor: [Object]
    },
    {
      type: 'accept',
      notes: '',
      decidedAt: 2026-01-26T08:55:11.872Z,
      actor: [Object]
    },
    {
      payload: [Object],
      type: 'reschedule',
      notes: 'dfsad',
      decidedAt: 2026-01-26T08:55:19.850Z,
      actor: [Object]
    },
    {
      type: 'accept',
      notes: '',
      decidedAt: 2026-01-26T08:55:28.606Z,
      actor: [Object]
    },
    {
      payload: [Object],
      type: 'reschedule',
      notes: 'faf',
      decidedAt: 2026-01-26T08:55:36.624Z,
      actor: [Object]
    },
    {
      type: 'accept',
      notes: '',
      decidedAt: 2026-01-26T08:55:56.553Z,
      actor: [Object]
    },
    {
      payload: [Object],
      type: 'reschedule',
      notes: 'dfsf',
      decidedAt: 2026-01-26T08:57:16.240Z,
      actor: [Object]
    },
    {
      payload: [Object],
      type: 'reschedule',
      notes: 'sfad',
      decidedAt: 2026-01-26T08:57:42.296Z,
      actor: [Object]
    },
    {
      payload: [Object],
      type: 'reschedule',
      notes: 'fsfsdf',
      decidedAt: 2026-01-26T08:57:57.916Z,
      actor: [Object]
    },
    {
      type: 'accept',
      notes: '',
      decidedAt: 2026-01-26T12:18:12.951Z,
      actor: [Object]
    },
    {
      payload: [Object],
      type: 'reschedule',
      notes: 'adada',
      decidedAt: 2026-01-26T12:18:27.804Z,
      actor: [Object]
    },
    {
      type: 'accept',
      notes: '',
      decidedAt: 2026-01-26T14:06:10.823Z,
      actor: [Object]
    },
    {
      payload: [Object],
      type: 'reschedule',
      notes: 'safsf',
      decidedAt: 2026-01-26T14:14:27.481Z,
      actor: [Object]
    },
    {
      type: 'accept',
      notes: '',
      decidedAt: 2026-01-26T14:22:50.571Z,
      actor: [Object]
    },
    {
      payload: [Object],
      type: 'reschedule',
      notes: 'sdadasd',
      decidedAt: 2026-01-26T14:23:16.217Z,
      actor: [Object]
    },
    {
      type: 'accept',
      notes: '',
      decidedAt: 2026-01-26T14:31:01.466Z,
      actor: [Object]
    },
    {
      payload: [Object],
      type: 'reschedule',
      notes: 'fsfsff',
      decidedAt: 2026-01-26T14:31:28.591Z,
      actor: [Object]
    },
    {
      type: 'accept',
      notes: '',
      decidedAt: 2026-01-26T14:34:03.518Z,
      actor: [Object]
    },
    {
      payload: [Object],
      type: 'reschedule',
      notes: 'TEST: Stakeholder reschedule',
      decidedAt: 2026-01-26T14:48:12.682Z,
      actor: [Object]
    },
    {
      payload: [Object],
      type: 'reschedule',
      notes: 'TEST: Stakeholder reschedule',
      decidedAt: 2026-01-26T14:50:11.727Z,
      actor: [Object]
    },
    {
      payload: [Object],
      type: 'reschedule',
      notes: 'TEST: Stakeholder reschedule',
      decidedAt: 2026-01-26T14:51:26.717Z,
      actor: [Object]
    },
    {
      payload: [Object],
      type: 'reschedule',
      notes: 'TEST: Stakeholder reschedule',
      decidedAt: 2026-01-26T14:51:50.282Z,
      actor: [Object]
    },
    {
      payload: [Object],
      type: 'reschedule',
      notes: 'TEST: Stakeholder reschedule',
      decidedAt: 2026-01-26T14:52:28.910Z,
      actor: [Object]
    },
    {
      payload: [Object],
      type: 'reschedule',
      notes: 'TEST: Stakeholder reschedule',
      decidedAt: 2026-01-26T14:53:05.163Z,
      actor: [Object]
    },
    {
      payload: [Object],
      type: 'reschedule',
      notes: 'TEST: Stakeholder reschedule',
      decidedAt: 2026-01-26T14:54:19.623Z,
      actor: [Object]
    },
    {
      payload: [Object],
      type: 'reschedule',
      notes: 'TEST: Stakeholder reschedule',
      decidedAt: 2026-01-26T14:55:18.210Z,
      actor: [Object]
    },
    {
      payload: [Object],
      type: 'reschedule',
      notes: 'TEST: Stakeholder reschedule',
      decidedAt: 2026-01-26T14:55:57.691Z,
      actor: [Object]
    },
    {
      payload: [Object],
      type: 'reschedule',
      notes: 'TEST: Stakeholder reschedule',
      decidedAt: 2026-01-26T14:56:31.952Z,
      actor: [Object]
    },
    {
      payload: [Object],
      type: 'reschedule',
      notes: 'TEST: Stakeholder reschedule',
      decidedAt: 2026-01-26T14:56:51.477Z,
      actor: [Object]
    },
    {
      payload: [Object],
      type: 'reschedule',
      notes: 'TEST: Stakeholder reschedule',
      decidedAt: 2026-01-26T14:57:11.921Z,
      actor: [Object]
    },
    {
      payload: [Object],
      type: 'reschedule',
      notes: 'TEST: Stakeholder reschedule',
      decidedAt: 2026-01-26T14:57:42.112Z,
      actor: [Object]
    },
    {
      payload: [Object],
      type: 'reschedule',
      notes: 'TEST: Stakeholder reschedule',
      decidedAt: 2026-01-26T14:59:34.017Z,
      actor: [Object]
    },
    {
      payload: [Object],
      type: 'reschedule',
      notes: 'TEST: Stakeholder reschedule',
      decidedAt: 2026-01-26T15:00:55.562Z,
      actor: [Object]
    },
    {
      payload: [Object],
      type: 'reschedule',
      notes: 'TEST: Stakeholder reschedule',
      decidedAt: 2026-01-26T15:02:12.283Z,
      actor: [Object]
    },
    {
      type: 'reschedule',
      notes: 'TEST: Stakeholder reschedule',
      decidedAt: 2026-01-26T15:02:27.669Z,
      actor: [Object],
      payload: [Object]
    }
  ],
  createdAt: 2026-01-26T08:48:11.953Z,
  updatedAt: 2026-01-26T15:02:27.682Z,
  __v: 43,
  Event_ID: 'EVENT_1769417308691_kcbtt1kke',
  eventId: new ObjectId('69772a5c50e75fb8b97bbb57')
}' is not valid for request in state 'undefined'

  Testing action: view
[31m  Γ£ù view: DENIED[0m
    Reason: Action '{
  requester: {
    userId: new ObjectId('697184d66d0127f028ac2ee4'),
    name: 'testing cam sur 2',
    roleSnapshot: 'stakeholder',
    authoritySnapshot: 30
  },
  claimedBy: { claimedAt: 2026-01-26T08:48:11.953Z },
  latestAction: { timestamp: 2026-01-26T08:48:11.953Z },
  activeResponder: {
    userId: new ObjectId('697711a3dbbebe7c7c6cb7a8'),
    relationship: 'reviewer',
    authority: null
  },
  lastAction: {
    action: 'reschedule',
    actorId: new ObjectId('697184d66d0127f028ac2ee4'),
    timestamp: 2026-01-26T15:02:27.667Z
  },
  _id: new ObjectId('69772a4b50e75fb8b97bba76'),
  Request_ID: 'REQ-1769417291951-3940',
  reviewer: {
    userId: new ObjectId('697711a3dbbebe7c7c6cb7a8'),
    name: 'UNITE Dev',
    roleSnapshot: 'coordinator',
    assignedAt: 2026-01-26T08:48:11.921Z,
    autoAssigned: false,
    assignmentRule: 'manual'
  },
  municipalityId: new ObjectId('6960871e3f2b9335d7bc99bf'),
  district: new ObjectId('6960871e3f2b9335d7bc99bb'),
  province: new ObjectId('696086f13f2b9335d7bc9685'),
  Event_Title: 'test #5',
  Location: 'test',
  Date: 2026-02-24T00:00:00.000Z,
  Category: 'BloodDrive',
  Target_Donation: 100,
  status: 'review-rescheduled',
  rescheduleProposal: {
    proposedDate: 2026-04-01T00:00:00.000Z,
    reviewerNotes: 'TEST: Stakeholder reschedule proposal',
    proposedAt: 2026-01-26T15:02:27.665Z,
    proposedBy: {
      userId: new ObjectId('697184d66d0127f028ac2ee4'),
      name: 'testing cam sur 2',
      roleSnapshot: 'stakeholder',
      authoritySnapshot: 30
    }
  },
  validCoordinators: [
    {
      userId: new ObjectId('6970448c6d0127f028ab5474'),
      name: 'Ben Carlo Valiente',
      organizationType: null,
      isActive: true,
      discoveredAt: 2026-01-26T08:48:12.658Z,
      _id: new ObjectId('69772a4d50e75fb8b97bbaa6')
    },
    {
      userId: new ObjectId('6970784d6d0127f028ab85c6'),
      name: 'David Jaque',
      organizationType: null,
      isActive: true,
      discoveredAt: 2026-01-26T08:48:12.890Z,
      _id: new ObjectId('69772a4d50e75fb8b97bbaa7')
    },
    {
      userId: new ObjectId('697711a3dbbebe7c7c6cb7a8'),
      name: 'UNITE Dev',
      organizationType: null,
      isActive: true,
      discoveredAt: 2026-01-26T08:48:12.993Z,
      _id: new ObjectId('69772a4d50e75fb8b97bbaa8')
    },
    {
      userId: new ObjectId('69771226dbbebe7c7c6cc1dc'),
      name: 'UNITE Dis 2 Dev',
      organizationType: null,
      isActive: true,
      discoveredAt: 2026-01-26T08:48:13.091Z,
      _id: new ObjectId('69772a4d50e75fb8b97bbaa9')
    },
    {
      userId: new ObjectId('696088303f2b9335d7bcadce'),
      name: 'Admin User',
      organizationType: null,
      isActive: true,
      discoveredAt: 2026-01-26T08:48:13.121Z,
      _id: new ObjectId('69772a4d50e75fb8b97bbaaa')
    }
  ],
  statusHistory: [
    {
      status: 'pending-review',
      note: 'Request created',
      changedAt: 2026-01-26T08:48:11.953Z,
      actor: [Object]
    },
    {
      status: 'approved',
      note: '',
      changedAt: 2026-01-26T08:48:28.616Z,
      actor: [Object]
    },
    {
      status: 'review-rescheduled',
      note: 'sdfsdf',
      changedAt: 2026-01-26T08:50:17.343Z,
      actor: [Object]
    },
    {
      status: 'approved',
      note: '',
      changedAt: 2026-01-26T08:51:09.345Z,
      actor: [Object]
    },
    {
      status: 'review-rescheduled',
      note: 'fdsfsd',
      changedAt: 2026-01-26T08:51:55.811Z,
      actor: [Object]
    },
    {
      status: 'approved',
      note: '',
      changedAt: 2026-01-26T08:52:10.186Z,
      actor: [Object]
    },
    {
      status: 'review-rescheduled',
      note: 'dadsad',
      changedAt: 2026-01-26T08:52:36.046Z,
      actor: [Object]
    },
    {
      status: 'approved',
      note: '',
      changedAt: 2026-01-26T08:52:45.107Z,
      actor: [Object]
    },
    {
      status: 'review-rescheduled',
      note: 'xdfsfsfd',
      changedAt: 2026-01-26T08:53:14.878Z,
      actor: [Object]
    },
    {
      status: 'review-rescheduled',
      note: 'sdsfdsf',
      changedAt: 2026-01-26T08:53:27.484Z,
      actor: [Object]
    },
    {
      status: 'approved',
      note: '',
      changedAt: 2026-01-26T08:55:11.874Z,
      actor: [Object]
    },
    {
      status: 'review-rescheduled',
      note: 'dfsad',
      changedAt: 2026-01-26T08:55:19.851Z,
      actor: [Object]
    },
    {
      status: 'approved',
      note: '',
      changedAt: 2026-01-26T08:55:28.606Z,
      actor: [Object]
    },
    {
      status: 'review-rescheduled',
      note: 'faf',
      changedAt: 2026-01-26T08:55:36.625Z,
      actor: [Object]
    },
    {
      status: 'approved',
      note: '',
      changedAt: 2026-01-26T08:55:56.554Z,
      actor: [Object]
    },
    {
      status: 'review-rescheduled',
      note: 'dfsf',
      changedAt: 2026-01-26T08:57:16.242Z,
      actor: [Object]
    },
    {
      status: 'review-rescheduled',
      note: 'sfad',
      changedAt: 2026-01-26T08:57:42.297Z,
      actor: [Object]
    },
    {
      status: 'review-rescheduled',
      note: 'fsfsdf',
      changedAt: 2026-01-26T08:57:57.918Z,
      actor: [Object]
    },
    {
      status: 'approved',
      note: '',
      changedAt: 2026-01-26T12:18:12.951Z,
      actor: [Object]
    },
    {
      status: 'review-rescheduled',
      note: 'adada',
      changedAt: 2026-01-26T12:18:27.805Z,
      actor: [Object]
    },
    {
      status: 'approved',
      note: '',
      changedAt: 2026-01-26T14:06:10.826Z,
      actor: [Object]
    },
    {
      status: 'review-rescheduled',
      note: 'safsf',
      changedAt: 2026-01-26T14:14:27.486Z,
      actor: [Object]
    },
    {
      status: 'approved',
      note: '',
      changedAt: 2026-01-26T14:22:50.576Z,
      actor: [Object]
    },
    {
      status: 'review-rescheduled',
      note: 'sdadasd',
      changedAt: 2026-01-26T14:23:16.218Z,
      actor: [Object]
    },
    {
      status: 'approved',
      note: '',
      changedAt: 2026-01-26T14:31:01.478Z,
      actor: [Object]
    },
    {
      status: 'review-rescheduled',
      note: 'fsfsff',
      changedAt: 2026-01-26T14:31:28.593Z,
      actor: [Object]
    },
    {
      status: 'approved',
      note: '',
      changedAt: 2026-01-26T14:34:03.531Z,
      actor: [Object]
    },
    {
      status: 'review-rescheduled',
      note: 'TEST: Stakeholder reschedule',
      changedAt: 2026-01-26T14:48:12.680Z,
      actor: [Object]
    },
    {
      status: 'review-rescheduled',
      note: 'TEST: Stakeholder reschedule',
      changedAt: 2026-01-26T14:50:11.726Z,
      actor: [Object]
    },
    {
      status: 'review-rescheduled',
      note: 'TEST: Stakeholder reschedule',
      changedAt: 2026-01-26T14:51:26.715Z,
      actor: [Object]
    },
    {
      status: 'review-rescheduled',
      note: 'TEST: Stakeholder reschedule',
      changedAt: 2026-01-26T14:51:50.281Z,
      actor: [Object]
    },
    {
      status: 'review-rescheduled',
      note: 'TEST: Stakeholder reschedule',
      changedAt: 2026-01-26T14:52:28.907Z,
      actor: [Object]
    },
    {
      status: 'review-rescheduled',
      note: 'TEST: Stakeholder reschedule',
      changedAt: 2026-01-26T14:53:05.162Z,
      actor: [Object]
    },
    {
      status: 'review-rescheduled',
      note: 'TEST: Stakeholder reschedule',
      changedAt: 2026-01-26T14:54:19.622Z,
      actor: [Object]
    },
    {
      status: 'review-rescheduled',
      note: 'TEST: Stakeholder reschedule',
      changedAt: 2026-01-26T14:55:18.209Z,
      actor: [Object]
    },
    {
      status: 'review-rescheduled',
      note: 'TEST: Stakeholder reschedule',
      changedAt: 2026-01-26T14:55:57.689Z,
      actor: [Object]
    },
    {
      status: 'review-rescheduled',
      note: 'TEST: Stakeholder reschedule',
      changedAt: 2026-01-26T14:56:31.951Z,
      actor: [Object]
    },
    {
      status: 'review-rescheduled',
      note: 'TEST: Stakeholder reschedule',
      changedAt: 2026-01-26T14:56:51.477Z,
      actor: [Object]
    },
    {
      status: 'review-rescheduled',
      note: 'TEST: Stakeholder reschedule',
      changedAt: 2026-01-26T14:57:11.920Z,
      actor: [Object]
    },
    {
      status: 'review-rescheduled',
      note: 'TEST: Stakeholder reschedule',
      changedAt: 2026-01-26T14:57:42.111Z,
      actor: [Object]
    },
    {
      status: 'review-rescheduled',
      note: 'TEST: Stakeholder reschedule',
      changedAt: 2026-01-26T14:59:34.016Z,
      actor: [Object]
    },
    {
      status: 'review-rescheduled',
      note: 'TEST: Stakeholder reschedule',
      changedAt: 2026-01-26T15:00:55.561Z,
      actor: [Object]
    },
    {
      status: 'review-rescheduled',
      note: 'TEST: Stakeholder reschedule',
      changedAt: 2026-01-26T15:02:12.281Z,
      actor: [Object]
    },
    {
      status: 'review-rescheduled',
      note: 'TEST: Stakeholder reschedule',
      changedAt: 2026-01-26T15:02:27.668Z,
      actor: [Object]
    }
  ],
  decisionHistory: [
    {
      type: 'accept',
      notes: '',
      decidedAt: 2026-01-26T08:48:28.615Z,
      actor: [Object]
    },
    {
      payload: [Object],
      type: 'reschedule',
      notes: 'sdfsdf',
      decidedAt: 2026-01-26T08:50:17.339Z,
      actor: [Object]
    },
    {
      type: 'accept',
      notes: '',
      decidedAt: 2026-01-26T08:51:09.344Z,
      actor: [Object]
    },
    {
      payload: [Object],
      type: 'reschedule',
      notes: 'fdsfsd',
      decidedAt: 2026-01-26T08:51:55.810Z,
      actor: [Object]
    },
    {
      type: 'accept',
      notes: '',
      decidedAt: 2026-01-26T08:52:10.186Z,
      actor: [Object]
    },
    {
      payload: [Object],
      type: 'reschedule',
      notes: 'dadsad',
      decidedAt: 2026-01-26T08:52:36.045Z,
      actor: [Object]
    },
    {
      type: 'accept',
      notes: '',
      decidedAt: 2026-01-26T08:52:45.106Z,
      actor: [Object]
    },
    {
      payload: [Object],
      type: 'reschedule',
      notes: 'xdfsfsfd',
      decidedAt: 2026-01-26T08:53:14.878Z,
      actor: [Object]
    },
    {
      payload: [Object],
      type: 'reschedule',
      notes: 'sdsfdsf',
      decidedAt: 2026-01-26T08:53:27.484Z,
      actor: [Object]
    },
    {
      type: 'accept',
      notes: '',
      decidedAt: 2026-01-26T08:55:11.872Z,
      actor: [Object]
    },
    {
      payload: [Object],
      type: 'reschedule',
      notes: 'dfsad',
      decidedAt: 2026-01-26T08:55:19.850Z,
      actor: [Object]
    },
    {
      type: 'accept',
      notes: '',
      decidedAt: 2026-01-26T08:55:28.606Z,
      actor: [Object]
    },
    {
      payload: [Object],
      type: 'reschedule',
      notes: 'faf',
      decidedAt: 2026-01-26T08:55:36.624Z,
      actor: [Object]
    },
    {
      type: 'accept',
      notes: '',
      decidedAt: 2026-01-26T08:55:56.553Z,
      actor: [Object]
    },
    {
      payload: [Object],
      type: 'reschedule',
      notes: 'dfsf',
      decidedAt: 2026-01-26T08:57:16.240Z,
      actor: [Object]
    },
    {
      payload: [Object],
      type: 'reschedule',
      notes: 'sfad',
      decidedAt: 2026-01-26T08:57:42.296Z,
      actor: [Object]
    },
    {
      payload: [Object],
      type: 'reschedule',
      notes: 'fsfsdf',
      decidedAt: 2026-01-26T08:57:57.916Z,
      actor: [Object]
    },
    {
      type: 'accept',
      notes: '',
      decidedAt: 2026-01-26T12:18:12.951Z,
      actor: [Object]
    },
    {
      payload: [Object],
      type: 'reschedule',
      notes: 'adada',
      decidedAt: 2026-01-26T12:18:27.804Z,
      actor: [Object]
    },
    {
      type: 'accept',
      notes: '',
      decidedAt: 2026-01-26T14:06:10.823Z,
      actor: [Object]
    },
    {
      payload: [Object],
      type: 'reschedule',
      notes: 'safsf',
      decidedAt: 2026-01-26T14:14:27.481Z,
      actor: [Object]
    },
    {
      type: 'accept',
      notes: '',
      decidedAt: 2026-01-26T14:22:50.571Z,
      actor: [Object]
    },
    {
      payload: [Object],
      type: 'reschedule',
      notes: 'sdadasd',
      decidedAt: 2026-01-26T14:23:16.217Z,
      actor: [Object]
    },
    {
      type: 'accept',
      notes: '',
      decidedAt: 2026-01-26T14:31:01.466Z,
      actor: [Object]
    },
    {
      payload: [Object],
      type: 'reschedule',
      notes: 'fsfsff',
      decidedAt: 2026-01-26T14:31:28.591Z,
      actor: [Object]
    },
    {
      type: 'accept',
      notes: '',
      decidedAt: 2026-01-26T14:34:03.518Z,
      actor: [Object]
    },
    {
      payload: [Object],
      type: 'reschedule',
      notes: 'TEST: Stakeholder reschedule',
      decidedAt: 2026-01-26T14:48:12.682Z,
      actor: [Object]
    },
    {
      payload: [Object],
      type: 'reschedule',
      notes: 'TEST: Stakeholder reschedule',
      decidedAt: 2026-01-26T14:50:11.727Z,
      actor: [Object]
    },
    {
      payload: [Object],
      type: 'reschedule',
      notes: 'TEST: Stakeholder reschedule',
      decidedAt: 2026-01-26T14:51:26.717Z,
      actor: [Object]
    },
    {
      payload: [Object],
      type: 'reschedule',
      notes: 'TEST: Stakeholder reschedule',
      decidedAt: 2026-01-26T14:51:50.282Z,
      actor: [Object]
    },
    {
      payload: [Object],
      type: 'reschedule',
      notes: 'TEST: Stakeholder reschedule',
      decidedAt: 2026-01-26T14:52:28.910Z,
      actor: [Object]
    },
    {
      payload: [Object],
      type: 'reschedule',
      notes: 'TEST: Stakeholder reschedule',
      decidedAt: 2026-01-26T14:53:05.163Z,
      actor: [Object]
    },
    {
      payload: [Object],
      type: 'reschedule',
      notes: 'TEST: Stakeholder reschedule',
      decidedAt: 2026-01-26T14:54:19.623Z,
      actor: [Object]
    },
    {
      payload: [Object],
      type: 'reschedule',
      notes: 'TEST: Stakeholder reschedule',
      decidedAt: 2026-01-26T14:55:18.210Z,
      actor: [Object]
    },
    {
      payload: [Object],
      type: 'reschedule',
      notes: 'TEST: Stakeholder reschedule',
      decidedAt: 2026-01-26T14:55:57.691Z,
      actor: [Object]
    },
    {
      payload: [Object],
      type: 'reschedule',
      notes: 'TEST: Stakeholder reschedule',
      decidedAt: 2026-01-26T14:56:31.952Z,
      actor: [Object]
    },
    {
      payload: [Object],
      type: 'reschedule',
      notes: 'TEST: Stakeholder reschedule',
      decidedAt: 2026-01-26T14:56:51.477Z,
      actor: [Object]
    },
    {
      payload: [Object],
      type: 'reschedule',
      notes: 'TEST: Stakeholder reschedule',
      decidedAt: 2026-01-26T14:57:11.921Z,
      actor: [Object]
    },
    {
      payload: [Object],
      type: 'reschedule',
      notes: 'TEST: Stakeholder reschedule',
      decidedAt: 2026-01-26T14:57:42.112Z,
      actor: [Object]
    },
    {
      payload: [Object],
      type: 'reschedule',
      notes: 'TEST: Stakeholder reschedule',
      decidedAt: 2026-01-26T14:59:34.017Z,
      actor: [Object]
    },
    {
      payload: [Object],
      type: 'reschedule',
      notes: 'TEST: Stakeholder reschedule',
      decidedAt: 2026-01-26T15:00:55.562Z,
      actor: [Object]
    },
    {
      payload: [Object],
      type: 'reschedule',
      notes: 'TEST: Stakeholder reschedule',
      decidedAt: 2026-01-26T15:02:12.283Z,
      actor: [Object]
    },
    {
      type: 'reschedule',
      notes: 'TEST: Stakeholder reschedule',
      decidedAt: 2026-01-26T15:02:27.669Z,
      actor: [Object],
      payload: [Object]
    }
  ],
  createdAt: 2026-01-26T08:48:11.953Z,
  updatedAt: 2026-01-26T15:02:27.682Z,
  __v: 43,
  Event_ID: 'EVENT_1769417308691_kcbtt1kke',
  eventId: new ObjectId('69772a5c50e75fb8b97bbb57')
}' is not valid for request in state 'undefined'

------------------------------------------------------------
[36mChecking available actions for: testing cam sur 2 (stakeholder)[0m
------------------------------------------------------------
User ID: 697184d66d0127f028ac2ee4
Authority: 30
[33m
ΓåÆ Calling actionValidatorService.getAvailableActions()[0m
  Parameters: {
  userId: '697184d66d0127f028ac2ee4',
  requestId: 'REQ-1769417291951-3940',
  status: 'review-rescheduled',
  locationId: '6960871e3f2b9335d7bc99bb'
}
[ACTION VALIDATOR] getAvailableActions - START {
  requestId: 'REQ-1769417291951-3940',
  userId: '697184d66d0127f028ac2ee4',
  state: 'review-rescheduled',
  normalizedState: 'review-rescheduled',
  validCoordinatorsCount: 5
}
[ACTION VALIDATOR] Valid coordinator check {
  requestId: 'REQ-1769417291951-3940',
  userId: '697184d66d0127f028ac2ee4',
  isValidCoordinator: false,
  state: 'review-rescheduled',
  validCoordinators: [
    '6970448c6d0127f028ab5474',
    '6970784d6d0127f028ab85c6',
    '697711a3dbbebe7c7c6cb7a8',
    '69771226dbbebe7c7c6cc1dc',
    '696088303f2b9335d7bcadce'
  ]
}
[ACTION VALIDATOR] Before shouldProceed check {
  requestId: 'REQ-1769417291951-3940',
  userId: '697184d66d0127f028ac2ee4',
  isActiveResponder: false,
  shouldProceed: false,
  normalizedState: 'review-rescheduled'
}
[ACTION VALIDATOR] Returning early - NOT proceeding (only view) {
  requestId: 'REQ-1769417291951-3940',
  userId: '697184d66d0127f028ac2ee4',
  shouldProceed: false
}
[32m
Γ£ô Available Actions Result:[0m
  Actions: [view]
[33m
ΓåÆ Testing individual action validation:[0m

  Testing action: accept
[31m  Γ£ù accept: DENIED[0m
    Reason: Action '{
  requester: {
    userId: new ObjectId('697184d66d0127f028ac2ee4'),
    name: 'testing cam sur 2',
    roleSnapshot: 'stakeholder',
    authoritySnapshot: 30
  },
  claimedBy: { claimedAt: 2026-01-26T08:48:11.953Z },
  latestAction: { timestamp: 2026-01-26T08:48:11.953Z },
  activeResponder: {
    userId: new ObjectId('697711a3dbbebe7c7c6cb7a8'),
    relationship: 'reviewer',
    authority: null
  },
  lastAction: {
    action: 'reschedule',
    actorId: new ObjectId('697184d66d0127f028ac2ee4'),
    timestamp: 2026-01-26T15:02:27.667Z
  },
  _id: new ObjectId('69772a4b50e75fb8b97bba76'),
  Request_ID: 'REQ-1769417291951-3940',
  reviewer: {
    userId: new ObjectId('697711a3dbbebe7c7c6cb7a8'),
    name: 'UNITE Dev',
    roleSnapshot: 'coordinator',
    assignedAt: 2026-01-26T08:48:11.921Z,
    autoAssigned: false,
    assignmentRule: 'manual'
  },
  municipalityId: new ObjectId('6960871e3f2b9335d7bc99bf'),
  district: new ObjectId('6960871e3f2b9335d7bc99bb'),
  province: new ObjectId('696086f13f2b9335d7bc9685'),
  Event_Title: 'test #5',
  Location: 'test',
  Date: 2026-02-24T00:00:00.000Z,
  Category: 'BloodDrive',
  Target_Donation: 100,
  status: 'review-rescheduled',
  rescheduleProposal: {
    proposedDate: 2026-04-01T00:00:00.000Z,
    reviewerNotes: 'TEST: Stakeholder reschedule proposal',
    proposedAt: 2026-01-26T15:02:27.665Z,
    proposedBy: {
      userId: new ObjectId('697184d66d0127f028ac2ee4'),
      name: 'testing cam sur 2',
      roleSnapshot: 'stakeholder',
      authoritySnapshot: 30
    }
  },
  validCoordinators: [
    {
      userId: new ObjectId('6970448c6d0127f028ab5474'),
      name: 'Ben Carlo Valiente',
      organizationType: null,
      isActive: true,
      discoveredAt: 2026-01-26T08:48:12.658Z,
      _id: new ObjectId('69772a4d50e75fb8b97bbaa6')
    },
    {
      userId: new ObjectId('6970784d6d0127f028ab85c6'),
      name: 'David Jaque',
      organizationType: null,
      isActive: true,
      discoveredAt: 2026-01-26T08:48:12.890Z,
      _id: new ObjectId('69772a4d50e75fb8b97bbaa7')
    },
    {
      userId: new ObjectId('697711a3dbbebe7c7c6cb7a8'),
      name: 'UNITE Dev',
      organizationType: null,
      isActive: true,
      discoveredAt: 2026-01-26T08:48:12.993Z,
      _id: new ObjectId('69772a4d50e75fb8b97bbaa8')
    },
    {
      userId: new ObjectId('69771226dbbebe7c7c6cc1dc'),
      name: 'UNITE Dis 2 Dev',
      organizationType: null,
      isActive: true,
      discoveredAt: 2026-01-26T08:48:13.091Z,
      _id: new ObjectId('69772a4d50e75fb8b97bbaa9')
    },
    {
      userId: new ObjectId('696088303f2b9335d7bcadce'),
      name: 'Admin User',
      organizationType: null,
      isActive: true,
      discoveredAt: 2026-01-26T08:48:13.121Z,
      _id: new ObjectId('69772a4d50e75fb8b97bbaaa')
    }
  ],
  statusHistory: [
    {
      status: 'pending-review',
      note: 'Request created',
      changedAt: 2026-01-26T08:48:11.953Z,
      actor: [Object]
    },
    {
      status: 'approved',
      note: '',
      changedAt: 2026-01-26T08:48:28.616Z,
      actor: [Object]
    },
    {
      status: 'review-rescheduled',
      note: 'sdfsdf',
      changedAt: 2026-01-26T08:50:17.343Z,
      actor: [Object]
    },
    {
      status: 'approved',
      note: '',
      changedAt: 2026-01-26T08:51:09.345Z,
      actor: [Object]
    },
    {
      status: 'review-rescheduled',
      note: 'fdsfsd',
      changedAt: 2026-01-26T08:51:55.811Z,
      actor: [Object]
    },
    {
      status: 'approved',
      note: '',
      changedAt: 2026-01-26T08:52:10.186Z,
      actor: [Object]
    },
    {
      status: 'review-rescheduled',
      note: 'dadsad',
      changedAt: 2026-01-26T08:52:36.046Z,
      actor: [Object]
    },
    {
      status: 'approved',
      note: '',
      changedAt: 2026-01-26T08:52:45.107Z,
      actor: [Object]
    },
    {
      status: 'review-rescheduled',
      note: 'xdfsfsfd',
      changedAt: 2026-01-26T08:53:14.878Z,
      actor: [Object]
    },
    {
      status: 'review-rescheduled',
      note: 'sdsfdsf',
      changedAt: 2026-01-26T08:53:27.484Z,
      actor: [Object]
    },
    {
      status: 'approved',
      note: '',
      changedAt: 2026-01-26T08:55:11.874Z,
      actor: [Object]
    },
    {
      status: 'review-rescheduled',
      note: 'dfsad',
      changedAt: 2026-01-26T08:55:19.851Z,
      actor: [Object]
    },
    {
      status: 'approved',
      note: '',
      changedAt: 2026-01-26T08:55:28.606Z,
      actor: [Object]
    },
    {
      status: 'review-rescheduled',
      note: 'faf',
      changedAt: 2026-01-26T08:55:36.625Z,
      actor: [Object]
    },
    {
      status: 'approved',
      note: '',
      changedAt: 2026-01-26T08:55:56.554Z,
      actor: [Object]
    },
    {
      status: 'review-rescheduled',
      note: 'dfsf',
      changedAt: 2026-01-26T08:57:16.242Z,
      actor: [Object]
    },
    {
      status: 'review-rescheduled',
      note: 'sfad',
      changedAt: 2026-01-26T08:57:42.297Z,
      actor: [Object]
    },
    {
      status: 'review-rescheduled',
      note: 'fsfsdf',
      changedAt: 2026-01-26T08:57:57.918Z,
      actor: [Object]
    },
    {
      status: 'approved',
      note: '',
      changedAt: 2026-01-26T12:18:12.951Z,
      actor: [Object]
    },
    {
      status: 'review-rescheduled',
      note: 'adada',
      changedAt: 2026-01-26T12:18:27.805Z,
      actor: [Object]
    },
    {
      status: 'approved',
      note: '',
      changedAt: 2026-01-26T14:06:10.826Z,
      actor: [Object]
    },
    {
      status: 'review-rescheduled',
      note: 'safsf',
      changedAt: 2026-01-26T14:14:27.486Z,
      actor: [Object]
    },
    {
      status: 'approved',
      note: '',
      changedAt: 2026-01-26T14:22:50.576Z,
      actor: [Object]
    },
    {
      status: 'review-rescheduled',
      note: 'sdadasd',
      changedAt: 2026-01-26T14:23:16.218Z,
      actor: [Object]
    },
    {
      status: 'approved',
      note: '',
      changedAt: 2026-01-26T14:31:01.478Z,
      actor: [Object]
    },
    {
      status: 'review-rescheduled',
      note: 'fsfsff',
      changedAt: 2026-01-26T14:31:28.593Z,
      actor: [Object]
    },
    {
      status: 'approved',
      note: '',
      changedAt: 2026-01-26T14:34:03.531Z,
      actor: [Object]
    },
    {
      status: 'review-rescheduled',
      note: 'TEST: Stakeholder reschedule',
      changedAt: 2026-01-26T14:48:12.680Z,
      actor: [Object]
    },
    {
      status: 'review-rescheduled',
      note: 'TEST: Stakeholder reschedule',
      changedAt: 2026-01-26T14:50:11.726Z,
      actor: [Object]
    },
    {
      status: 'review-rescheduled',
      note: 'TEST: Stakeholder reschedule',
      changedAt: 2026-01-26T14:51:26.715Z,
      actor: [Object]
    },
    {
      status: 'review-rescheduled',
      note: 'TEST: Stakeholder reschedule',
      changedAt: 2026-01-26T14:51:50.281Z,
      actor: [Object]
    },
    {
      status: 'review-rescheduled',
      note: 'TEST: Stakeholder reschedule',
      changedAt: 2026-01-26T14:52:28.907Z,
      actor: [Object]
    },
    {
      status: 'review-rescheduled',
      note: 'TEST: Stakeholder reschedule',
      changedAt: 2026-01-26T14:53:05.162Z,
      actor: [Object]
    },
    {
      status: 'review-rescheduled',
      note: 'TEST: Stakeholder reschedule',
      changedAt: 2026-01-26T14:54:19.622Z,
      actor: [Object]
    },
    {
      status: 'review-rescheduled',
      note: 'TEST: Stakeholder reschedule',
      changedAt: 2026-01-26T14:55:18.209Z,
      actor: [Object]
    },
    {
      status: 'review-rescheduled',
      note: 'TEST: Stakeholder reschedule',
      changedAt: 2026-01-26T14:55:57.689Z,
      actor: [Object]
    },
    {
      status: 'review-rescheduled',
      note: 'TEST: Stakeholder reschedule',
      changedAt: 2026-01-26T14:56:31.951Z,
      actor: [Object]
    },
    {
      status: 'review-rescheduled',
      note: 'TEST: Stakeholder reschedule',
      changedAt: 2026-01-26T14:56:51.477Z,
      actor: [Object]
    },
    {
      status: 'review-rescheduled',
      note: 'TEST: Stakeholder reschedule',
      changedAt: 2026-01-26T14:57:11.920Z,
      actor: [Object]
    },
    {
      status: 'review-rescheduled',
      note: 'TEST: Stakeholder reschedule',
      changedAt: 2026-01-26T14:57:42.111Z,
      actor: [Object]
    },
    {
      status: 'review-rescheduled',
      note: 'TEST: Stakeholder reschedule',
      changedAt: 2026-01-26T14:59:34.016Z,
      actor: [Object]
    },
    {
      status: 'review-rescheduled',
      note: 'TEST: Stakeholder reschedule',
      changedAt: 2026-01-26T15:00:55.561Z,
      actor: [Object]
    },
    {
      status: 'review-rescheduled',
      note: 'TEST: Stakeholder reschedule',
      changedAt: 2026-01-26T15:02:12.281Z,
      actor: [Object]
    },
    {
      status: 'review-rescheduled',
      note: 'TEST: Stakeholder reschedule',
      changedAt: 2026-01-26T15:02:27.668Z,
      actor: [Object]
    }
  ],
  decisionHistory: [
    {
      type: 'accept',
      notes: '',
      decidedAt: 2026-01-26T08:48:28.615Z,
      actor: [Object]
    },
    {
      payload: [Object],
      type: 'reschedule',
      notes: 'sdfsdf',
      decidedAt: 2026-01-26T08:50:17.339Z,
      actor: [Object]
    },
    {
      type: 'accept',
      notes: '',
      decidedAt: 2026-01-26T08:51:09.344Z,
      actor: [Object]
    },
    {
      payload: [Object],
      type: 'reschedule',
      notes: 'fdsfsd',
      decidedAt: 2026-01-26T08:51:55.810Z,
      actor: [Object]
    },
    {
      type: 'accept',
      notes: '',
      decidedAt: 2026-01-26T08:52:10.186Z,
      actor: [Object]
    },
    {
      payload: [Object],
      type: 'reschedule',
      notes: 'dadsad',
      decidedAt: 2026-01-26T08:52:36.045Z,
      actor: [Object]
    },
    {
      type: 'accept',
      notes: '',
      decidedAt: 2026-01-26T08:52:45.106Z,
      actor: [Object]
    },
    {
      payload: [Object],
      type: 'reschedule',
      notes: 'xdfsfsfd',
      decidedAt: 2026-01-26T08:53:14.878Z,
      actor: [Object]
    },
    {
      payload: [Object],
      type: 'reschedule',
      notes: 'sdsfdsf',
      decidedAt: 2026-01-26T08:53:27.484Z,
      actor: [Object]
    },
    {
      type: 'accept',
      notes: '',
      decidedAt: 2026-01-26T08:55:11.872Z,
      actor: [Object]
    },
    {
      payload: [Object],
      type: 'reschedule',
      notes: 'dfsad',
      decidedAt: 2026-01-26T08:55:19.850Z,
      actor: [Object]
    },
    {
      type: 'accept',
      notes: '',
      decidedAt: 2026-01-26T08:55:28.606Z,
      actor: [Object]
    },
    {
      payload: [Object],
      type: 'reschedule',
      notes: 'faf',
      decidedAt: 2026-01-26T08:55:36.624Z,
      actor: [Object]
    },
    {
      type: 'accept',
      notes: '',
      decidedAt: 2026-01-26T08:55:56.553Z,
      actor: [Object]
    },
    {
      payload: [Object],
      type: 'reschedule',
      notes: 'dfsf',
      decidedAt: 2026-01-26T08:57:16.240Z,
      actor: [Object]
    },
    {
      payload: [Object],
      type: 'reschedule',
      notes: 'sfad',
      decidedAt: 2026-01-26T08:57:42.296Z,
      actor: [Object]
    },
    {
      payload: [Object],
      type: 'reschedule',
      notes: 'fsfsdf',
      decidedAt: 2026-01-26T08:57:57.916Z,
      actor: [Object]
    },
    {
      type: 'accept',
      notes: '',
      decidedAt: 2026-01-26T12:18:12.951Z,
      actor: [Object]
    },
    {
      payload: [Object],
      type: 'reschedule',
      notes: 'adada',
      decidedAt: 2026-01-26T12:18:27.804Z,
      actor: [Object]
    },
    {
      type: 'accept',
      notes: '',
      decidedAt: 2026-01-26T14:06:10.823Z,
      actor: [Object]
    },
    {
      payload: [Object],
      type: 'reschedule',
      notes: 'safsf',
      decidedAt: 2026-01-26T14:14:27.481Z,
      actor: [Object]
    },
    {
      type: 'accept',
      notes: '',
      decidedAt: 2026-01-26T14:22:50.571Z,
      actor: [Object]
    },
    {
      payload: [Object],
      type: 'reschedule',
      notes: 'sdadasd',
      decidedAt: 2026-01-26T14:23:16.217Z,
      actor: [Object]
    },
    {
      type: 'accept',
      notes: '',
      decidedAt: 2026-01-26T14:31:01.466Z,
      actor: [Object]
    },
    {
      payload: [Object],
      type: 'reschedule',
      notes: 'fsfsff',
      decidedAt: 2026-01-26T14:31:28.591Z,
      actor: [Object]
    },
    {
      type: 'accept',
      notes: '',
      decidedAt: 2026-01-26T14:34:03.518Z,
      actor: [Object]
    },
    {
      payload: [Object],
      type: 'reschedule',
      notes: 'TEST: Stakeholder reschedule',
      decidedAt: 2026-01-26T14:48:12.682Z,
      actor: [Object]
    },
    {
      payload: [Object],
      type: 'reschedule',
      notes: 'TEST: Stakeholder reschedule',
      decidedAt: 2026-01-26T14:50:11.727Z,
      actor: [Object]
    },
    {
      payload: [Object],
      type: 'reschedule',
      notes: 'TEST: Stakeholder reschedule',
      decidedAt: 2026-01-26T14:51:26.717Z,
      actor: [Object]
    },
    {
      payload: [Object],
      type: 'reschedule',
      notes: 'TEST: Stakeholder reschedule',
      decidedAt: 2026-01-26T14:51:50.282Z,
      actor: [Object]
    },
    {
      payload: [Object],
      type: 'reschedule',
      notes: 'TEST: Stakeholder reschedule',
      decidedAt: 2026-01-26T14:52:28.910Z,
      actor: [Object]
    },
    {
      payload: [Object],
      type: 'reschedule',
      notes: 'TEST: Stakeholder reschedule',
      decidedAt: 2026-01-26T14:53:05.163Z,
      actor: [Object]
    },
    {
      payload: [Object],
      type: 'reschedule',
      notes: 'TEST: Stakeholder reschedule',
      decidedAt: 2026-01-26T14:54:19.623Z,
      actor: [Object]
    },
    {
      payload: [Object],
      type: 'reschedule',
      notes: 'TEST: Stakeholder reschedule',
      decidedAt: 2026-01-26T14:55:18.210Z,
      actor: [Object]
    },
    {
      payload: [Object],
      type: 'reschedule',
      notes: 'TEST: Stakeholder reschedule',
      decidedAt: 2026-01-26T14:55:57.691Z,
      actor: [Object]
    },
    {
      payload: [Object],
      type: 'reschedule',
      notes: 'TEST: Stakeholder reschedule',
      decidedAt: 2026-01-26T14:56:31.952Z,
      actor: [Object]
    },
    {
      payload: [Object],
      type: 'reschedule',
      notes: 'TEST: Stakeholder reschedule',
      decidedAt: 2026-01-26T14:56:51.477Z,
      actor: [Object]
    },
    {
      payload: [Object],
      type: 'reschedule',
      notes: 'TEST: Stakeholder reschedule',
      decidedAt: 2026-01-26T14:57:11.921Z,
      actor: [Object]
    },
    {
      payload: [Object],
      type: 'reschedule',
      notes: 'TEST: Stakeholder reschedule',
      decidedAt: 2026-01-26T14:57:42.112Z,
      actor: [Object]
    },
    {
      payload: [Object],
      type: 'reschedule',
      notes: 'TEST: Stakeholder reschedule',
      decidedAt: 2026-01-26T14:59:34.017Z,
      actor: [Object]
    },
    {
      payload: [Object],
      type: 'reschedule',
      notes: 'TEST: Stakeholder reschedule',
      decidedAt: 2026-01-26T15:00:55.562Z,
      actor: [Object]
    },
    {
      payload: [Object],
      type: 'reschedule',
      notes: 'TEST: Stakeholder reschedule',
      decidedAt: 2026-01-26T15:02:12.283Z,
      actor: [Object]
    },
    {
      type: 'reschedule',
      notes: 'TEST: Stakeholder reschedule',
      decidedAt: 2026-01-26T15:02:27.669Z,
      actor: [Object],
      payload: [Object]
    }
  ],
  createdAt: 2026-01-26T08:48:11.953Z,
  updatedAt: 2026-01-26T15:02:27.682Z,
  __v: 43,
  Event_ID: 'EVENT_1769417308691_kcbtt1kke',
  eventId: new ObjectId('69772a5c50e75fb8b97bbb57')
}' is not valid for request in state 'undefined'

  Testing action: reject
[31m  Γ£ù reject: DENIED[0m
    Reason: Action '{
  requester: {
    userId: new ObjectId('697184d66d0127f028ac2ee4'),
    name: 'testing cam sur 2',
    roleSnapshot: 'stakeholder',
    authoritySnapshot: 30
  },
  claimedBy: { claimedAt: 2026-01-26T08:48:11.953Z },
  latestAction: { timestamp: 2026-01-26T08:48:11.953Z },
  activeResponder: {
    userId: new ObjectId('697711a3dbbebe7c7c6cb7a8'),
    relationship: 'reviewer',
    authority: null
  },
  lastAction: {
    action: 'reschedule',
    actorId: new ObjectId('697184d66d0127f028ac2ee4'),
    timestamp: 2026-01-26T15:02:27.667Z
  },
  _id: new ObjectId('69772a4b50e75fb8b97bba76'),
  Request_ID: 'REQ-1769417291951-3940',
  reviewer: {
    userId: new ObjectId('697711a3dbbebe7c7c6cb7a8'),
    name: 'UNITE Dev',
    roleSnapshot: 'coordinator',
    assignedAt: 2026-01-26T08:48:11.921Z,
    autoAssigned: false,
    assignmentRule: 'manual'
  },
  municipalityId: new ObjectId('6960871e3f2b9335d7bc99bf'),
  district: new ObjectId('6960871e3f2b9335d7bc99bb'),
  province: new ObjectId('696086f13f2b9335d7bc9685'),
  Event_Title: 'test #5',
  Location: 'test',
  Date: 2026-02-24T00:00:00.000Z,
  Category: 'BloodDrive',
  Target_Donation: 100,
  status: 'review-rescheduled',
  rescheduleProposal: {
    proposedDate: 2026-04-01T00:00:00.000Z,
    reviewerNotes: 'TEST: Stakeholder reschedule proposal',
    proposedAt: 2026-01-26T15:02:27.665Z,
    proposedBy: {
      userId: new ObjectId('697184d66d0127f028ac2ee4'),
      name: 'testing cam sur 2',
      roleSnapshot: 'stakeholder',
      authoritySnapshot: 30
    }
  },
  validCoordinators: [
    {
      userId: new ObjectId('6970448c6d0127f028ab5474'),
      name: 'Ben Carlo Valiente',
      organizationType: null,
      isActive: true,
      discoveredAt: 2026-01-26T08:48:12.658Z,
      _id: new ObjectId('69772a4d50e75fb8b97bbaa6')
    },
    {
      userId: new ObjectId('6970784d6d0127f028ab85c6'),
      name: 'David Jaque',
      organizationType: null,
      isActive: true,
      discoveredAt: 2026-01-26T08:48:12.890Z,
      _id: new ObjectId('69772a4d50e75fb8b97bbaa7')
    },
    {
      userId: new ObjectId('697711a3dbbebe7c7c6cb7a8'),
      name: 'UNITE Dev',
      organizationType: null,
      isActive: true,
      discoveredAt: 2026-01-26T08:48:12.993Z,
      _id: new ObjectId('69772a4d50e75fb8b97bbaa8')
    },
    {
      userId: new ObjectId('69771226dbbebe7c7c6cc1dc'),
      name: 'UNITE Dis 2 Dev',
      organizationType: null,
      isActive: true,
      discoveredAt: 2026-01-26T08:48:13.091Z,
      _id: new ObjectId('69772a4d50e75fb8b97bbaa9')
    },
    {
      userId: new ObjectId('696088303f2b9335d7bcadce'),
      name: 'Admin User',
      organizationType: null,
      isActive: true,
      discoveredAt: 2026-01-26T08:48:13.121Z,
      _id: new ObjectId('69772a4d50e75fb8b97bbaaa')
    }
  ],
  statusHistory: [
    {
      status: 'pending-review',
      note: 'Request created',
      changedAt: 2026-01-26T08:48:11.953Z,
      actor: [Object]
    },
    {
      status: 'approved',
      note: '',
      changedAt: 2026-01-26T08:48:28.616Z,
      actor: [Object]
    },
    {
      status: 'review-rescheduled',
      note: 'sdfsdf',
      changedAt: 2026-01-26T08:50:17.343Z,
      actor: [Object]
    },
    {
      status: 'approved',
      note: '',
      changedAt: 2026-01-26T08:51:09.345Z,
      actor: [Object]
    },
    {
      status: 'review-rescheduled',
      note: 'fdsfsd',
      changedAt: 2026-01-26T08:51:55.811Z,
      actor: [Object]
    },
    {
      status: 'approved',
      note: '',
      changedAt: 2026-01-26T08:52:10.186Z,
      actor: [Object]
    },
    {
      status: 'review-rescheduled',
      note: 'dadsad',
      changedAt: 2026-01-26T08:52:36.046Z,
      actor: [Object]
    },
    {
      status: 'approved',
      note: '',
      changedAt: 2026-01-26T08:52:45.107Z,
      actor: [Object]
    },
    {
      status: 'review-rescheduled',
      note: 'xdfsfsfd',
      changedAt: 2026-01-26T08:53:14.878Z,
      actor: [Object]
    },
    {
      status: 'review-rescheduled',
      note: 'sdsfdsf',
      changedAt: 2026-01-26T08:53:27.484Z,
      actor: [Object]
    },
    {
      status: 'approved',
      note: '',
      changedAt: 2026-01-26T08:55:11.874Z,
      actor: [Object]
    },
    {
      status: 'review-rescheduled',
      note: 'dfsad',
      changedAt: 2026-01-26T08:55:19.851Z,
      actor: [Object]
    },
    {
      status: 'approved',
      note: '',
      changedAt: 2026-01-26T08:55:28.606Z,
      actor: [Object]
    },
    {
      status: 'review-rescheduled',
      note: 'faf',
      changedAt: 2026-01-26T08:55:36.625Z,
      actor: [Object]
    },
    {
      status: 'approved',
      note: '',
      changedAt: 2026-01-26T08:55:56.554Z,
      actor: [Object]
    },
    {
      status: 'review-rescheduled',
      note: 'dfsf',
      changedAt: 2026-01-26T08:57:16.242Z,
      actor: [Object]
    },
    {
      status: 'review-rescheduled',
      note: 'sfad',
      changedAt: 2026-01-26T08:57:42.297Z,
      actor: [Object]
    },
    {
      status: 'review-rescheduled',
      note: 'fsfsdf',
      changedAt: 2026-01-26T08:57:57.918Z,
      actor: [Object]
    },
    {
      status: 'approved',
      note: '',
      changedAt: 2026-01-26T12:18:12.951Z,
      actor: [Object]
    },
    {
      status: 'review-rescheduled',
      note: 'adada',
      changedAt: 2026-01-26T12:18:27.805Z,
      actor: [Object]
    },
    {
      status: 'approved',
      note: '',
      changedAt: 2026-01-26T14:06:10.826Z,
      actor: [Object]
    },
    {
      status: 'review-rescheduled',
      note: 'safsf',
      changedAt: 2026-01-26T14:14:27.486Z,
      actor: [Object]
    },
    {
      status: 'approved',
      note: '',
      changedAt: 2026-01-26T14:22:50.576Z,
      actor: [Object]
    },
    {
      status: 'review-rescheduled',
      note: 'sdadasd',
      changedAt: 2026-01-26T14:23:16.218Z,
      actor: [Object]
    },
    {
      status: 'approved',
      note: '',
      changedAt: 2026-01-26T14:31:01.478Z,
      actor: [Object]
    },
    {
      status: 'review-rescheduled',
      note: 'fsfsff',
      changedAt: 2026-01-26T14:31:28.593Z,
      actor: [Object]
    },
    {
      status: 'approved',
      note: '',
      changedAt: 2026-01-26T14:34:03.531Z,
      actor: [Object]
    },
    {
      status: 'review-rescheduled',
      note: 'TEST: Stakeholder reschedule',
      changedAt: 2026-01-26T14:48:12.680Z,
      actor: [Object]
    },
    {
      status: 'review-rescheduled',
      note: 'TEST: Stakeholder reschedule',
      changedAt: 2026-01-26T14:50:11.726Z,
      actor: [Object]
    },
    {
      status: 'review-rescheduled',
      note: 'TEST: Stakeholder reschedule',
      changedAt: 2026-01-26T14:51:26.715Z,
      actor: [Object]
    },
    {
      status: 'review-rescheduled',
      note: 'TEST: Stakeholder reschedule',
      changedAt: 2026-01-26T14:51:50.281Z,
      actor: [Object]
    },
    {
      status: 'review-rescheduled',
      note: 'TEST: Stakeholder reschedule',
      changedAt: 2026-01-26T14:52:28.907Z,
      actor: [Object]
    },
    {
      status: 'review-rescheduled',
      note: 'TEST: Stakeholder reschedule',
      changedAt: 2026-01-26T14:53:05.162Z,
      actor: [Object]
    },
    {
      status: 'review-rescheduled',
      note: 'TEST: Stakeholder reschedule',
      changedAt: 2026-01-26T14:54:19.622Z,
      actor: [Object]
    },
    {
      status: 'review-rescheduled',
      note: 'TEST: Stakeholder reschedule',
      changedAt: 2026-01-26T14:55:18.209Z,
      actor: [Object]
    },
    {
      status: 'review-rescheduled',
      note: 'TEST: Stakeholder reschedule',
      changedAt: 2026-01-26T14:55:57.689Z,
      actor: [Object]
    },
    {
      status: 'review-rescheduled',
      note: 'TEST: Stakeholder reschedule',
      changedAt: 2026-01-26T14:56:31.951Z,
      actor: [Object]
    },
    {
      status: 'review-rescheduled',
      note: 'TEST: Stakeholder reschedule',
      changedAt: 2026-01-26T14:56:51.477Z,
      actor: [Object]
    },
    {
      status: 'review-rescheduled',
      note: 'TEST: Stakeholder reschedule',
      changedAt: 2026-01-26T14:57:11.920Z,
      actor: [Object]
    },
    {
      status: 'review-rescheduled',
      note: 'TEST: Stakeholder reschedule',
      changedAt: 2026-01-26T14:57:42.111Z,
      actor: [Object]
    },
    {
      status: 'review-rescheduled',
      note: 'TEST: Stakeholder reschedule',
      changedAt: 2026-01-26T14:59:34.016Z,
      actor: [Object]
    },
    {
      status: 'review-rescheduled',
      note: 'TEST: Stakeholder reschedule',
      changedAt: 2026-01-26T15:00:55.561Z,
      actor: [Object]
    },
    {
      status: 'review-rescheduled',
      note: 'TEST: Stakeholder reschedule',
      changedAt: 2026-01-26T15:02:12.281Z,
      actor: [Object]
    },
    {
      status: 'review-rescheduled',
      note: 'TEST: Stakeholder reschedule',
      changedAt: 2026-01-26T15:02:27.668Z,
      actor: [Object]
    }
  ],
  decisionHistory: [
    {
      type: 'accept',
      notes: '',
      decidedAt: 2026-01-26T08:48:28.615Z,
      actor: [Object]
    },
    {
      payload: [Object],
      type: 'reschedule',
      notes: 'sdfsdf',
      decidedAt: 2026-01-26T08:50:17.339Z,
      actor: [Object]
    },
    {
      type: 'accept',
      notes: '',
      decidedAt: 2026-01-26T08:51:09.344Z,
      actor: [Object]
    },
    {
      payload: [Object],
      type: 'reschedule',
      notes: 'fdsfsd',
      decidedAt: 2026-01-26T08:51:55.810Z,
      actor: [Object]
    },
    {
      type: 'accept',
      notes: '',
      decidedAt: 2026-01-26T08:52:10.186Z,
      actor: [Object]
    },
    {
      payload: [Object],
      type: 'reschedule',
      notes: 'dadsad',
      decidedAt: 2026-01-26T08:52:36.045Z,
      actor: [Object]
    },
    {
      type: 'accept',
      notes: '',
      decidedAt: 2026-01-26T08:52:45.106Z,
      actor: [Object]
    },
    {
      payload: [Object],
      type: 'reschedule',
      notes: 'xdfsfsfd',
      decidedAt: 2026-01-26T08:53:14.878Z,
      actor: [Object]
    },
    {
      payload: [Object],
      type: 'reschedule',
      notes: 'sdsfdsf',
      decidedAt: 2026-01-26T08:53:27.484Z,
      actor: [Object]
    },
    {
      type: 'accept',
      notes: '',
      decidedAt: 2026-01-26T08:55:11.872Z,
      actor: [Object]
    },
    {
      payload: [Object],
      type: 'reschedule',
      notes: 'dfsad',
      decidedAt: 2026-01-26T08:55:19.850Z,
      actor: [Object]
    },
    {
      type: 'accept',
      notes: '',
      decidedAt: 2026-01-26T08:55:28.606Z,
      actor: [Object]
    },
    {
      payload: [Object],
      type: 'reschedule',
      notes: 'faf',
      decidedAt: 2026-01-26T08:55:36.624Z,
      actor: [Object]
    },
    {
      type: 'accept',
      notes: '',
      decidedAt: 2026-01-26T08:55:56.553Z,
      actor: [Object]
    },
    {
      payload: [Object],
      type: 'reschedule',
      notes: 'dfsf',
      decidedAt: 2026-01-26T08:57:16.240Z,
      actor: [Object]
    },
    {
      payload: [Object],
      type: 'reschedule',
      notes: 'sfad',
      decidedAt: 2026-01-26T08:57:42.296Z,
      actor: [Object]
    },
    {
      payload: [Object],
      type: 'reschedule',
      notes: 'fsfsdf',
      decidedAt: 2026-01-26T08:57:57.916Z,
      actor: [Object]
    },
    {
      type: 'accept',
      notes: '',
      decidedAt: 2026-01-26T12:18:12.951Z,
      actor: [Object]
    },
    {
      payload: [Object],
      type: 'reschedule',
      notes: 'adada',
      decidedAt: 2026-01-26T12:18:27.804Z,
      actor: [Object]
    },
    {
      type: 'accept',
      notes: '',
      decidedAt: 2026-01-26T14:06:10.823Z,
      actor: [Object]
    },
    {
      payload: [Object],
      type: 'reschedule',
      notes: 'safsf',
      decidedAt: 2026-01-26T14:14:27.481Z,
      actor: [Object]
    },
    {
      type: 'accept',
      notes: '',
      decidedAt: 2026-01-26T14:22:50.571Z,
      actor: [Object]
    },
    {
      payload: [Object],
      type: 'reschedule',
      notes: 'sdadasd',
      decidedAt: 2026-01-26T14:23:16.217Z,
      actor: [Object]
    },
    {
      type: 'accept',
      notes: '',
      decidedAt: 2026-01-26T14:31:01.466Z,
      actor: [Object]
    },
    {
      payload: [Object],
      type: 'reschedule',
      notes: 'fsfsff',
      decidedAt: 2026-01-26T14:31:28.591Z,
      actor: [Object]
    },
    {
      type: 'accept',
      notes: '',
      decidedAt: 2026-01-26T14:34:03.518Z,
      actor: [Object]
    },
    {
      payload: [Object],
      type: 'reschedule',
      notes: 'TEST: Stakeholder reschedule',
      decidedAt: 2026-01-26T14:48:12.682Z,
      actor: [Object]
    },
    {
      payload: [Object],
      type: 'reschedule',
      notes: 'TEST: Stakeholder reschedule',
      decidedAt: 2026-01-26T14:50:11.727Z,
      actor: [Object]
    },
    {
      payload: [Object],
      type: 'reschedule',
      notes: 'TEST: Stakeholder reschedule',
      decidedAt: 2026-01-26T14:51:26.717Z,
      actor: [Object]
    },
    {
      payload: [Object],
      type: 'reschedule',
      notes: 'TEST: Stakeholder reschedule',
      decidedAt: 2026-01-26T14:51:50.282Z,
      actor: [Object]
    },
    {
      payload: [Object],
      type: 'reschedule',
      notes: 'TEST: Stakeholder reschedule',
      decidedAt: 2026-01-26T14:52:28.910Z,
      actor: [Object]
    },
    {
      payload: [Object],
      type: 'reschedule',
      notes: 'TEST: Stakeholder reschedule',
      decidedAt: 2026-01-26T14:53:05.163Z,
      actor: [Object]
    },
    {
      payload: [Object],
      type: 'reschedule',
      notes: 'TEST: Stakeholder reschedule',
      decidedAt: 2026-01-26T14:54:19.623Z,
      actor: [Object]
    },
    {
      payload: [Object],
      type: 'reschedule',
      notes: 'TEST: Stakeholder reschedule',
      decidedAt: 2026-01-26T14:55:18.210Z,
      actor: [Object]
    },
    {
      payload: [Object],
      type: 'reschedule',
      notes: 'TEST: Stakeholder reschedule',
      decidedAt: 2026-01-26T14:55:57.691Z,
      actor: [Object]
    },
    {
      payload: [Object],
      type: 'reschedule',
      notes: 'TEST: Stakeholder reschedule',
      decidedAt: 2026-01-26T14:56:31.952Z,
      actor: [Object]
    },
    {
      payload: [Object],
      type: 'reschedule',
      notes: 'TEST: Stakeholder reschedule',
      decidedAt: 2026-01-26T14:56:51.477Z,
      actor: [Object]
    },
    {
      payload: [Object],
      type: 'reschedule',
      notes: 'TEST: Stakeholder reschedule',
      decidedAt: 2026-01-26T14:57:11.921Z,
      actor: [Object]
    },
    {
      payload: [Object],
      type: 'reschedule',
      notes: 'TEST: Stakeholder reschedule',
      decidedAt: 2026-01-26T14:57:42.112Z,
      actor: [Object]
    },
    {
      payload: [Object],
      type: 'reschedule',
      notes: 'TEST: Stakeholder reschedule',
      decidedAt: 2026-01-26T14:59:34.017Z,
      actor: [Object]
    },
    {
      payload: [Object],
      type: 'reschedule',
      notes: 'TEST: Stakeholder reschedule',
      decidedAt: 2026-01-26T15:00:55.562Z,
      actor: [Object]
    },
    {
      payload: [Object],
      type: 'reschedule',
      notes: 'TEST: Stakeholder reschedule',
      decidedAt: 2026-01-26T15:02:12.283Z,
      actor: [Object]
    },
    {
      type: 'reschedule',
      notes: 'TEST: Stakeholder reschedule',
      decidedAt: 2026-01-26T15:02:27.669Z,
      actor: [Object],
      payload: [Object]
    }
  ],
  createdAt: 2026-01-26T08:48:11.953Z,
  updatedAt: 2026-01-26T15:02:27.682Z,
  __v: 43,
  Event_ID: 'EVENT_1769417308691_kcbtt1kke',
  eventId: new ObjectId('69772a5c50e75fb8b97bbb57')
}' is not valid for request in state 'undefined'

  Testing action: reschedule
[31m  Γ£ù reschedule: DENIED[0m
    Reason: Action '{
  requester: {
    userId: new ObjectId('697184d66d0127f028ac2ee4'),
    name: 'testing cam sur 2',
    roleSnapshot: 'stakeholder',
    authoritySnapshot: 30
  },
  claimedBy: { claimedAt: 2026-01-26T08:48:11.953Z },
  latestAction: { timestamp: 2026-01-26T08:48:11.953Z },
  activeResponder: {
    userId: new ObjectId('697711a3dbbebe7c7c6cb7a8'),
    relationship: 'reviewer',
    authority: null
  },
  lastAction: {
    action: 'reschedule',
    actorId: new ObjectId('697184d66d0127f028ac2ee4'),
    timestamp: 2026-01-26T15:02:27.667Z
  },
  _id: new ObjectId('69772a4b50e75fb8b97bba76'),
  Request_ID: 'REQ-1769417291951-3940',
  reviewer: {
    userId: new ObjectId('697711a3dbbebe7c7c6cb7a8'),
    name: 'UNITE Dev',
    roleSnapshot: 'coordinator',
    assignedAt: 2026-01-26T08:48:11.921Z,
    autoAssigned: false,
    assignmentRule: 'manual'
  },
  municipalityId: new ObjectId('6960871e3f2b9335d7bc99bf'),
  district: new ObjectId('6960871e3f2b9335d7bc99bb'),
  province: new ObjectId('696086f13f2b9335d7bc9685'),
  Event_Title: 'test #5',
  Location: 'test',
  Date: 2026-02-24T00:00:00.000Z,
  Category: 'BloodDrive',
  Target_Donation: 100,
  status: 'review-rescheduled',
  rescheduleProposal: {
    proposedDate: 2026-04-01T00:00:00.000Z,
    reviewerNotes: 'TEST: Stakeholder reschedule proposal',
    proposedAt: 2026-01-26T15:02:27.665Z,
    proposedBy: {
      userId: new ObjectId('697184d66d0127f028ac2ee4'),
      name: 'testing cam sur 2',
      roleSnapshot: 'stakeholder',
      authoritySnapshot: 30
    }
  },
  validCoordinators: [
    {
      userId: new ObjectId('6970448c6d0127f028ab5474'),
      name: 'Ben Carlo Valiente',
      organizationType: null,
      isActive: true,
      discoveredAt: 2026-01-26T08:48:12.658Z,
      _id: new ObjectId('69772a4d50e75fb8b97bbaa6')
    },
    {
      userId: new ObjectId('6970784d6d0127f028ab85c6'),
      name: 'David Jaque',
      organizationType: null,
      isActive: true,
      discoveredAt: 2026-01-26T08:48:12.890Z,
      _id: new ObjectId('69772a4d50e75fb8b97bbaa7')
    },
    {
      userId: new ObjectId('697711a3dbbebe7c7c6cb7a8'),
      name: 'UNITE Dev',
      organizationType: null,
      isActive: true,
      discoveredAt: 2026-01-26T08:48:12.993Z,
      _id: new ObjectId('69772a4d50e75fb8b97bbaa8')
    },
    {
      userId: new ObjectId('69771226dbbebe7c7c6cc1dc'),
      name: 'UNITE Dis 2 Dev',
      organizationType: null,
      isActive: true,
      discoveredAt: 2026-01-26T08:48:13.091Z,
      _id: new ObjectId('69772a4d50e75fb8b97bbaa9')
    },
    {
      userId: new ObjectId('696088303f2b9335d7bcadce'),
      name: 'Admin User',
      organizationType: null,
      isActive: true,
      discoveredAt: 2026-01-26T08:48:13.121Z,
      _id: new ObjectId('69772a4d50e75fb8b97bbaaa')
    }
  ],
  statusHistory: [
    {
      status: 'pending-review',
      note: 'Request created',
      changedAt: 2026-01-26T08:48:11.953Z,
      actor: [Object]
    },
    {
      status: 'approved',
      note: '',
      changedAt: 2026-01-26T08:48:28.616Z,
      actor: [Object]
    },
    {
      status: 'review-rescheduled',
      note: 'sdfsdf',
      changedAt: 2026-01-26T08:50:17.343Z,
      actor: [Object]
    },
    {
      status: 'approved',
      note: '',
      changedAt: 2026-01-26T08:51:09.345Z,
      actor: [Object]
    },
    {
      status: 'review-rescheduled',
      note: 'fdsfsd',
      changedAt: 2026-01-26T08:51:55.811Z,
      actor: [Object]
    },
    {
      status: 'approved',
      note: '',
      changedAt: 2026-01-26T08:52:10.186Z,
      actor: [Object]
    },
    {
      status: 'review-rescheduled',
      note: 'dadsad',
      changedAt: 2026-01-26T08:52:36.046Z,
      actor: [Object]
    },
    {
      status: 'approved',
      note: '',
      changedAt: 2026-01-26T08:52:45.107Z,
      actor: [Object]
    },
    {
      status: 'review-rescheduled',
      note: 'xdfsfsfd',
      changedAt: 2026-01-26T08:53:14.878Z,
      actor: [Object]
    },
    {
      status: 'review-rescheduled',
      note: 'sdsfdsf',
      changedAt: 2026-01-26T08:53:27.484Z,
      actor: [Object]
    },
    {
      status: 'approved',
      note: '',
      changedAt: 2026-01-26T08:55:11.874Z,
      actor: [Object]
    },
    {
      status: 'review-rescheduled',
      note: 'dfsad',
      changedAt: 2026-01-26T08:55:19.851Z,
      actor: [Object]
    },
    {
      status: 'approved',
      note: '',
      changedAt: 2026-01-26T08:55:28.606Z,
      actor: [Object]
    },
    {
      status: 'review-rescheduled',
      note: 'faf',
      changedAt: 2026-01-26T08:55:36.625Z,
      actor: [Object]
    },
    {
      status: 'approved',
      note: '',
      changedAt: 2026-01-26T08:55:56.554Z,
      actor: [Object]
    },
    {
      status: 'review-rescheduled',
      note: 'dfsf',
      changedAt: 2026-01-26T08:57:16.242Z,
      actor: [Object]
    },
    {
      status: 'review-rescheduled',
      note: 'sfad',
      changedAt: 2026-01-26T08:57:42.297Z,
      actor: [Object]
    },
    {
      status: 'review-rescheduled',
      note: 'fsfsdf',
      changedAt: 2026-01-26T08:57:57.918Z,
      actor: [Object]
    },
    {
      status: 'approved',
      note: '',
      changedAt: 2026-01-26T12:18:12.951Z,
      actor: [Object]
    },
    {
      status: 'review-rescheduled',
      note: 'adada',
      changedAt: 2026-01-26T12:18:27.805Z,
      actor: [Object]
    },
    {
      status: 'approved',
      note: '',
      changedAt: 2026-01-26T14:06:10.826Z,
      actor: [Object]
    },
    {
      status: 'review-rescheduled',
      note: 'safsf',
      changedAt: 2026-01-26T14:14:27.486Z,
      actor: [Object]
    },
    {
      status: 'approved',
      note: '',
      changedAt: 2026-01-26T14:22:50.576Z,
      actor: [Object]
    },
    {
      status: 'review-rescheduled',
      note: 'sdadasd',
      changedAt: 2026-01-26T14:23:16.218Z,
      actor: [Object]
    },
    {
      status: 'approved',
      note: '',
      changedAt: 2026-01-26T14:31:01.478Z,
      actor: [Object]
    },
    {
      status: 'review-rescheduled',
      note: 'fsfsff',
      changedAt: 2026-01-26T14:31:28.593Z,
      actor: [Object]
    },
    {
      status: 'approved',
      note: '',
      changedAt: 2026-01-26T14:34:03.531Z,
      actor: [Object]
    },
    {
      status: 'review-rescheduled',
      note: 'TEST: Stakeholder reschedule',
      changedAt: 2026-01-26T14:48:12.680Z,
      actor: [Object]
    },
    {
      status: 'review-rescheduled',
      note: 'TEST: Stakeholder reschedule',
      changedAt: 2026-01-26T14:50:11.726Z,
      actor: [Object]
    },
    {
      status: 'review-rescheduled',
      note: 'TEST: Stakeholder reschedule',
      changedAt: 2026-01-26T14:51:26.715Z,
      actor: [Object]
    },
    {
      status: 'review-rescheduled',
      note: 'TEST: Stakeholder reschedule',
      changedAt: 2026-01-26T14:51:50.281Z,
      actor: [Object]
    },
    {
      status: 'review-rescheduled',
      note: 'TEST: Stakeholder reschedule',
      changedAt: 2026-01-26T14:52:28.907Z,
      actor: [Object]
    },
    {
      status: 'review-rescheduled',
      note: 'TEST: Stakeholder reschedule',
      changedAt: 2026-01-26T14:53:05.162Z,
      actor: [Object]
    },
    {
      status: 'review-rescheduled',
      note: 'TEST: Stakeholder reschedule',
      changedAt: 2026-01-26T14:54:19.622Z,
      actor: [Object]
    },
    {
      status: 'review-rescheduled',
      note: 'TEST: Stakeholder reschedule',
      changedAt: 2026-01-26T14:55:18.209Z,
      actor: [Object]
    },
    {
      status: 'review-rescheduled',
      note: 'TEST: Stakeholder reschedule',
      changedAt: 2026-01-26T14:55:57.689Z,
      actor: [Object]
    },
    {
      status: 'review-rescheduled',
      note: 'TEST: Stakeholder reschedule',
      changedAt: 2026-01-26T14:56:31.951Z,
      actor: [Object]
    },
    {
      status: 'review-rescheduled',
      note: 'TEST: Stakeholder reschedule',
      changedAt: 2026-01-26T14:56:51.477Z,
      actor: [Object]
    },
    {
      status: 'review-rescheduled',
      note: 'TEST: Stakeholder reschedule',
      changedAt: 2026-01-26T14:57:11.920Z,
      actor: [Object]
    },
    {
      status: 'review-rescheduled',
      note: 'TEST: Stakeholder reschedule',
      changedAt: 2026-01-26T14:57:42.111Z,
      actor: [Object]
    },
    {
      status: 'review-rescheduled',
      note: 'TEST: Stakeholder reschedule',
      changedAt: 2026-01-26T14:59:34.016Z,
      actor: [Object]
    },
    {
      status: 'review-rescheduled',
      note: 'TEST: Stakeholder reschedule',
      changedAt: 2026-01-26T15:00:55.561Z,
      actor: [Object]
    },
    {
      status: 'review-rescheduled',
      note: 'TEST: Stakeholder reschedule',
      changedAt: 2026-01-26T15:02:12.281Z,
      actor: [Object]
    },
    {
      status: 'review-rescheduled',
      note: 'TEST: Stakeholder reschedule',
      changedAt: 2026-01-26T15:02:27.668Z,
      actor: [Object]
    }
  ],
  decisionHistory: [
    {
      type: 'accept',
      notes: '',
      decidedAt: 2026-01-26T08:48:28.615Z,
      actor: [Object]
    },
    {
      payload: [Object],
      type: 'reschedule',
      notes: 'sdfsdf',
      decidedAt: 2026-01-26T08:50:17.339Z,
      actor: [Object]
    },
    {
      type: 'accept',
      notes: '',
      decidedAt: 2026-01-26T08:51:09.344Z,
      actor: [Object]
    },
    {
      payload: [Object],
      type: 'reschedule',
      notes: 'fdsfsd',
      decidedAt: 2026-01-26T08:51:55.810Z,
      actor: [Object]
    },
    {
      type: 'accept',
      notes: '',
      decidedAt: 2026-01-26T08:52:10.186Z,
      actor: [Object]
    },
    {
      payload: [Object],
      type: 'reschedule',
      notes: 'dadsad',
      decidedAt: 2026-01-26T08:52:36.045Z,
      actor: [Object]
    },
    {
      type: 'accept',
      notes: '',
      decidedAt: 2026-01-26T08:52:45.106Z,
      actor: [Object]
    },
    {
      payload: [Object],
      type: 'reschedule',
      notes: 'xdfsfsfd',
      decidedAt: 2026-01-26T08:53:14.878Z,
      actor: [Object]
    },
    {
      payload: [Object],
      type: 'reschedule',
      notes: 'sdsfdsf',
      decidedAt: 2026-01-26T08:53:27.484Z,
      actor: [Object]
    },
    {
      type: 'accept',
      notes: '',
      decidedAt: 2026-01-26T08:55:11.872Z,
      actor: [Object]
    },
    {
      payload: [Object],
      type: 'reschedule',
      notes: 'dfsad',
      decidedAt: 2026-01-26T08:55:19.850Z,
      actor: [Object]
    },
    {
      type: 'accept',
      notes: '',
      decidedAt: 2026-01-26T08:55:28.606Z,
      actor: [Object]
    },
    {
      payload: [Object],
      type: 'reschedule',
      notes: 'faf',
      decidedAt: 2026-01-26T08:55:36.624Z,
      actor: [Object]
    },
    {
      type: 'accept',
      notes: '',
      decidedAt: 2026-01-26T08:55:56.553Z,
      actor: [Object]
    },
    {
      payload: [Object],
      type: 'reschedule',
      notes: 'dfsf',
      decidedAt: 2026-01-26T08:57:16.240Z,
      actor: [Object]
    },
    {
      payload: [Object],
      type: 'reschedule',
      notes: 'sfad',
      decidedAt: 2026-01-26T08:57:42.296Z,
      actor: [Object]
    },
    {
      payload: [Object],
      type: 'reschedule',
      notes: 'fsfsdf',
      decidedAt: 2026-01-26T08:57:57.916Z,
      actor: [Object]
    },
    {
      type: 'accept',
      notes: '',
      decidedAt: 2026-01-26T12:18:12.951Z,
      actor: [Object]
    },
    {
      payload: [Object],
      type: 'reschedule',
      notes: 'adada',
      decidedAt: 2026-01-26T12:18:27.804Z,
      actor: [Object]
    },
    {
      type: 'accept',
      notes: '',
      decidedAt: 2026-01-26T14:06:10.823Z,
      actor: [Object]
    },
    {
      payload: [Object],
      type: 'reschedule',
      notes: 'safsf',
      decidedAt: 2026-01-26T14:14:27.481Z,
      actor: [Object]
    },
    {
      type: 'accept',
      notes: '',
      decidedAt: 2026-01-26T14:22:50.571Z,
      actor: [Object]
    },
    {
      payload: [Object],
      type: 'reschedule',
      notes: 'sdadasd',
      decidedAt: 2026-01-26T14:23:16.217Z,
      actor: [Object]
    },
    {
      type: 'accept',
      notes: '',
      decidedAt: 2026-01-26T14:31:01.466Z,
      actor: [Object]
    },
    {
      payload: [Object],
      type: 'reschedule',
      notes: 'fsfsff',
      decidedAt: 2026-01-26T14:31:28.591Z,
      actor: [Object]
    },
    {
      type: 'accept',
      notes: '',
      decidedAt: 2026-01-26T14:34:03.518Z,
      actor: [Object]
    },
    {
      payload: [Object],
      type: 'reschedule',
      notes: 'TEST: Stakeholder reschedule',
      decidedAt: 2026-01-26T14:48:12.682Z,
      actor: [Object]
    },
    {
      payload: [Object],
      type: 'reschedule',
      notes: 'TEST: Stakeholder reschedule',
      decidedAt: 2026-01-26T14:50:11.727Z,
      actor: [Object]
    },
    {
      payload: [Object],
      type: 'reschedule',
      notes: 'TEST: Stakeholder reschedule',
      decidedAt: 2026-01-26T14:51:26.717Z,
      actor: [Object]
    },
    {
      payload: [Object],
      type: 'reschedule',
      notes: 'TEST: Stakeholder reschedule',
      decidedAt: 2026-01-26T14:51:50.282Z,
      actor: [Object]
    },
    {
      payload: [Object],
      type: 'reschedule',
      notes: 'TEST: Stakeholder reschedule',
      decidedAt: 2026-01-26T14:52:28.910Z,
      actor: [Object]
    },
    {
      payload: [Object],
      type: 'reschedule',
      notes: 'TEST: Stakeholder reschedule',
      decidedAt: 2026-01-26T14:53:05.163Z,
      actor: [Object]
    },
    {
      payload: [Object],
      type: 'reschedule',
      notes: 'TEST: Stakeholder reschedule',
      decidedAt: 2026-01-26T14:54:19.623Z,
      actor: [Object]
    },
    {
      payload: [Object],
      type: 'reschedule',
      notes: 'TEST: Stakeholder reschedule',
      decidedAt: 2026-01-26T14:55:18.210Z,
      actor: [Object]
    },
    {
      payload: [Object],
      type: 'reschedule',
      notes: 'TEST: Stakeholder reschedule',
      decidedAt: 2026-01-26T14:55:57.691Z,
      actor: [Object]
    },
    {
      payload: [Object],
      type: 'reschedule',
      notes: 'TEST: Stakeholder reschedule',
      decidedAt: 2026-01-26T14:56:31.952Z,
      actor: [Object]
    },
    {
      payload: [Object],
      type: 'reschedule',
      notes: 'TEST: Stakeholder reschedule',
      decidedAt: 2026-01-26T14:56:51.477Z,
      actor: [Object]
    },
    {
      payload: [Object],
      type: 'reschedule',
      notes: 'TEST: Stakeholder reschedule',
      decidedAt: 2026-01-26T14:57:11.921Z,
      actor: [Object]
    },
    {
      payload: [Object],
      type: 'reschedule',
      notes: 'TEST: Stakeholder reschedule',
      decidedAt: 2026-01-26T14:57:42.112Z,
      actor: [Object]
    },
    {
      payload: [Object],
      type: 'reschedule',
      notes: 'TEST: Stakeholder reschedule',
      decidedAt: 2026-01-26T14:59:34.017Z,
      actor: [Object]
    },
    {
      payload: [Object],
      type: 'reschedule',
      notes: 'TEST: Stakeholder reschedule',
      decidedAt: 2026-01-26T15:00:55.562Z,
      actor: [Object]
    },
    {
      payload: [Object],
      type: 'reschedule',
      notes: 'TEST: Stakeholder reschedule',
      decidedAt: 2026-01-26T15:02:12.283Z,
      actor: [Object]
    },
    {
      type: 'reschedule',
      notes: 'TEST: Stakeholder reschedule',
      decidedAt: 2026-01-26T15:02:27.669Z,
      actor: [Object],
      payload: [Object]
    }
  ],
  createdAt: 2026-01-26T08:48:11.953Z,
  updatedAt: 2026-01-26T15:02:27.682Z,
  __v: 43,
  Event_ID: 'EVENT_1769417308691_kcbtt1kke',
  eventId: new ObjectId('69772a5c50e75fb8b97bbb57')
}' is not valid for request in state 'undefined'

  Testing action: view
[31m  Γ£ù view: DENIED[0m
    Reason: Action '{
  requester: {
    userId: new ObjectId('697184d66d0127f028ac2ee4'),
    name: 'testing cam sur 2',
    roleSnapshot: 'stakeholder',
    authoritySnapshot: 30
  },
  claimedBy: { claimedAt: 2026-01-26T08:48:11.953Z },
  latestAction: { timestamp: 2026-01-26T08:48:11.953Z },
  activeResponder: {
    userId: new ObjectId('697711a3dbbebe7c7c6cb7a8'),
    relationship: 'reviewer',
    authority: null
  },
  lastAction: {
    action: 'reschedule',
    actorId: new ObjectId('697184d66d0127f028ac2ee4'),
    timestamp: 2026-01-26T15:02:27.667Z
  },
  _id: new ObjectId('69772a4b50e75fb8b97bba76'),
  Request_ID: 'REQ-1769417291951-3940',
  reviewer: {
    userId: new ObjectId('697711a3dbbebe7c7c6cb7a8'),
    name: 'UNITE Dev',
    roleSnapshot: 'coordinator',
    assignedAt: 2026-01-26T08:48:11.921Z,
    autoAssigned: false,
    assignmentRule: 'manual'
  },
  municipalityId: new ObjectId('6960871e3f2b9335d7bc99bf'),
  district: new ObjectId('6960871e3f2b9335d7bc99bb'),
  province: new ObjectId('696086f13f2b9335d7bc9685'),
  Event_Title: 'test #5',
  Location: 'test',
  Date: 2026-02-24T00:00:00.000Z,
  Category: 'BloodDrive',
  Target_Donation: 100,
  status: 'review-rescheduled',
  rescheduleProposal: {
    proposedDate: 2026-04-01T00:00:00.000Z,
    reviewerNotes: 'TEST: Stakeholder reschedule proposal',
    proposedAt: 2026-01-26T15:02:27.665Z,
    proposedBy: {
      userId: new ObjectId('697184d66d0127f028ac2ee4'),
      name: 'testing cam sur 2',
      roleSnapshot: 'stakeholder',
      authoritySnapshot: 30
    }
  },
  validCoordinators: [
    {
      userId: new ObjectId('6970448c6d0127f028ab5474'),
      name: 'Ben Carlo Valiente',
      organizationType: null,
      isActive: true,
      discoveredAt: 2026-01-26T08:48:12.658Z,
      _id: new ObjectId('69772a4d50e75fb8b97bbaa6')
    },
    {
      userId: new ObjectId('6970784d6d0127f028ab85c6'),
      name: 'David Jaque',
      organizationType: null,
      isActive: true,
      discoveredAt: 2026-01-26T08:48:12.890Z,
      _id: new ObjectId('69772a4d50e75fb8b97bbaa7')
    },
    {
      userId: new ObjectId('697711a3dbbebe7c7c6cb7a8'),
      name: 'UNITE Dev',
      organizationType: null,
      isActive: true,
      discoveredAt: 2026-01-26T08:48:12.993Z,
      _id: new ObjectId('69772a4d50e75fb8b97bbaa8')
    },
    {
      userId: new ObjectId('69771226dbbebe7c7c6cc1dc'),
      name: 'UNITE Dis 2 Dev',
      organizationType: null,
      isActive: true,
      discoveredAt: 2026-01-26T08:48:13.091Z,
      _id: new ObjectId('69772a4d50e75fb8b97bbaa9')
    },
    {
      userId: new ObjectId('696088303f2b9335d7bcadce'),
      name: 'Admin User',
      organizationType: null,
      isActive: true,
      discoveredAt: 2026-01-26T08:48:13.121Z,
      _id: new ObjectId('69772a4d50e75fb8b97bbaaa')
    }
  ],
  statusHistory: [
    {
      status: 'pending-review',
      note: 'Request created',
      changedAt: 2026-01-26T08:48:11.953Z,
      actor: [Object]
    },
    {
      status: 'approved',
      note: '',
      changedAt: 2026-01-26T08:48:28.616Z,
      actor: [Object]
    },
    {
      status: 'review-rescheduled',
      note: 'sdfsdf',
      changedAt: 2026-01-26T08:50:17.343Z,
      actor: [Object]
    },
    {
      status: 'approved',
      note: '',
      changedAt: 2026-01-26T08:51:09.345Z,
      actor: [Object]
    },
    {
      status: 'review-rescheduled',
      note: 'fdsfsd',
      changedAt: 2026-01-26T08:51:55.811Z,
      actor: [Object]
    },
    {
      status: 'approved',
      note: '',
      changedAt: 2026-01-26T08:52:10.186Z,
      actor: [Object]
    },
    {
      status: 'review-rescheduled',
      note: 'dadsad',
      changedAt: 2026-01-26T08:52:36.046Z,
      actor: [Object]
    },
    {
      status: 'approved',
      note: '',
      changedAt: 2026-01-26T08:52:45.107Z,
      actor: [Object]
    },
    {
      status: 'review-rescheduled',
      note: 'xdfsfsfd',
      changedAt: 2026-01-26T08:53:14.878Z,
      actor: [Object]
    },
    {
      status: 'review-rescheduled',
      note: 'sdsfdsf',
      changedAt: 2026-01-26T08:53:27.484Z,
      actor: [Object]
    },
    {
      status: 'approved',
      note: '',
      changedAt: 2026-01-26T08:55:11.874Z,
      actor: [Object]
    },
    {
      status: 'review-rescheduled',
      note: 'dfsad',
      changedAt: 2026-01-26T08:55:19.851Z,
      actor: [Object]
    },
    {
      status: 'approved',
      note: '',
      changedAt: 2026-01-26T08:55:28.606Z,
      actor: [Object]
    },
    {
      status: 'review-rescheduled',
      note: 'faf',
      changedAt: 2026-01-26T08:55:36.625Z,
      actor: [Object]
    },
    {
      status: 'approved',
      note: '',
      changedAt: 2026-01-26T08:55:56.554Z,
      actor: [Object]
    },
    {
      status: 'review-rescheduled',
      note: 'dfsf',
      changedAt: 2026-01-26T08:57:16.242Z,
      actor: [Object]
    },
    {
      status: 'review-rescheduled',
      note: 'sfad',
      changedAt: 2026-01-26T08:57:42.297Z,
      actor: [Object]
    },
    {
      status: 'review-rescheduled',
      note: 'fsfsdf',
      changedAt: 2026-01-26T08:57:57.918Z,
      actor: [Object]
    },
    {
      status: 'approved',
      note: '',
      changedAt: 2026-01-26T12:18:12.951Z,
      actor: [Object]
    },
    {
      status: 'review-rescheduled',
      note: 'adada',
      changedAt: 2026-01-26T12:18:27.805Z,
      actor: [Object]
    },
    {
      status: 'approved',
      note: '',
      changedAt: 2026-01-26T14:06:10.826Z,
      actor: [Object]
    },
    {
      status: 'review-rescheduled',
      note: 'safsf',
      changedAt: 2026-01-26T14:14:27.486Z,
      actor: [Object]
    },
    {
      status: 'approved',
      note: '',
      changedAt: 2026-01-26T14:22:50.576Z,
      actor: [Object]
    },
    {
      status: 'review-rescheduled',
      note: 'sdadasd',
      changedAt: 2026-01-26T14:23:16.218Z,
      actor: [Object]
    },
    {
      status: 'approved',
      note: '',
      changedAt: 2026-01-26T14:31:01.478Z,
      actor: [Object]
    },
    {
      status: 'review-rescheduled',
      note: 'fsfsff',
      changedAt: 2026-01-26T14:31:28.593Z,
      actor: [Object]
    },
    {
      status: 'approved',
      note: '',
      changedAt: 2026-01-26T14:34:03.531Z,
      actor: [Object]
    },
    {
      status: 'review-rescheduled',
      note: 'TEST: Stakeholder reschedule',
      changedAt: 2026-01-26T14:48:12.680Z,
      actor: [Object]
    },
    {
      status: 'review-rescheduled',
      note: 'TEST: Stakeholder reschedule',
      changedAt: 2026-01-26T14:50:11.726Z,
      actor: [Object]
    },
    {
      status: 'review-rescheduled',
      note: 'TEST: Stakeholder reschedule',
      changedAt: 2026-01-26T14:51:26.715Z,
      actor: [Object]
    },
    {
      status: 'review-rescheduled',
      note: 'TEST: Stakeholder reschedule',
      changedAt: 2026-01-26T14:51:50.281Z,
      actor: [Object]
    },
    {
      status: 'review-rescheduled',
      note: 'TEST: Stakeholder reschedule',
      changedAt: 2026-01-26T14:52:28.907Z,
      actor: [Object]
    },
    {
      status: 'review-rescheduled',
      note: 'TEST: Stakeholder reschedule',
      changedAt: 2026-01-26T14:53:05.162Z,
      actor: [Object]
    },
    {
      status: 'review-rescheduled',
      note: 'TEST: Stakeholder reschedule',
      changedAt: 2026-01-26T14:54:19.622Z,
      actor: [Object]
    },
    {
      status: 'review-rescheduled',
      note: 'TEST: Stakeholder reschedule',
      changedAt: 2026-01-26T14:55:18.209Z,
      actor: [Object]
    },
    {
      status: 'review-rescheduled',
      note: 'TEST: Stakeholder reschedule',
      changedAt: 2026-01-26T14:55:57.689Z,
      actor: [Object]
    },
    {
      status: 'review-rescheduled',
      note: 'TEST: Stakeholder reschedule',
      changedAt: 2026-01-26T14:56:31.951Z,
      actor: [Object]
    },
    {
      status: 'review-rescheduled',
      note: 'TEST: Stakeholder reschedule',
      changedAt: 2026-01-26T14:56:51.477Z,
      actor: [Object]
    },
    {
      status: 'review-rescheduled',
      note: 'TEST: Stakeholder reschedule',
      changedAt: 2026-01-26T14:57:11.920Z,
      actor: [Object]
    },
    {
      status: 'review-rescheduled',
      note: 'TEST: Stakeholder reschedule',
      changedAt: 2026-01-26T14:57:42.111Z,
      actor: [Object]
    },
    {
      status: 'review-rescheduled',
      note: 'TEST: Stakeholder reschedule',
      changedAt: 2026-01-26T14:59:34.016Z,
      actor: [Object]
    },
    {
      status: 'review-rescheduled',
      note: 'TEST: Stakeholder reschedule',
      changedAt: 2026-01-26T15:00:55.561Z,
      actor: [Object]
    },
    {
      status: 'review-rescheduled',
      note: 'TEST: Stakeholder reschedule',
      changedAt: 2026-01-26T15:02:12.281Z,
      actor: [Object]
    },
    {
      status: 'review-rescheduled',
      note: 'TEST: Stakeholder reschedule',
      changedAt: 2026-01-26T15:02:27.668Z,
      actor: [Object]
    }
  ],
  decisionHistory: [
    {
      type: 'accept',
      notes: '',
      decidedAt: 2026-01-26T08:48:28.615Z,
      actor: [Object]
    },
    {
      payload: [Object],
      type: 'reschedule',
      notes: 'sdfsdf',
      decidedAt: 2026-01-26T08:50:17.339Z,
      actor: [Object]
    },
    {
      type: 'accept',
      notes: '',
      decidedAt: 2026-01-26T08:51:09.344Z,
      actor: [Object]
    },
    {
      payload: [Object],
      type: 'reschedule',
      notes: 'fdsfsd',
      decidedAt: 2026-01-26T08:51:55.810Z,
      actor: [Object]
    },
    {
      type: 'accept',
      notes: '',
      decidedAt: 2026-01-26T08:52:10.186Z,
      actor: [Object]
    },
    {
      payload: [Object],
      type: 'reschedule',
      notes: 'dadsad',
      decidedAt: 2026-01-26T08:52:36.045Z,
      actor: [Object]
    },
    {
      type: 'accept',
      notes: '',
      decidedAt: 2026-01-26T08:52:45.106Z,
      actor: [Object]
    },
    {
      payload: [Object],
      type: 'reschedule',
      notes: 'xdfsfsfd',
      decidedAt: 2026-01-26T08:53:14.878Z,
      actor: [Object]
    },
    {
      payload: [Object],
      type: 'reschedule',
      notes: 'sdsfdsf',
      decidedAt: 2026-01-26T08:53:27.484Z,
      actor: [Object]
    },
    {
      type: 'accept',
      notes: '',
      decidedAt: 2026-01-26T08:55:11.872Z,
      actor: [Object]
    },
    {
      payload: [Object],
      type: 'reschedule',
      notes: 'dfsad',
      decidedAt: 2026-01-26T08:55:19.850Z,
      actor: [Object]
    },
    {
      type: 'accept',
      notes: '',
      decidedAt: 2026-01-26T08:55:28.606Z,
      actor: [Object]
    },
    {
      payload: [Object],
      type: 'reschedule',
      notes: 'faf',
      decidedAt: 2026-01-26T08:55:36.624Z,
      actor: [Object]
    },
    {
      type: 'accept',
      notes: '',
      decidedAt: 2026-01-26T08:55:56.553Z,
      actor: [Object]
    },
    {
      payload: [Object],
      type: 'reschedule',
      notes: 'dfsf',
      decidedAt: 2026-01-26T08:57:16.240Z,
      actor: [Object]
    },
    {
      payload: [Object],
      type: 'reschedule',
      notes: 'sfad',
      decidedAt: 2026-01-26T08:57:42.296Z,
      actor: [Object]
    },
    {
      payload: [Object],
      type: 'reschedule',
      notes: 'fsfsdf',
      decidedAt: 2026-01-26T08:57:57.916Z,
      actor: [Object]
    },
    {
      type: 'accept',
      notes: '',
      decidedAt: 2026-01-26T12:18:12.951Z,
      actor: [Object]
    },
    {
      payload: [Object],
      type: 'reschedule',
      notes: 'adada',
      decidedAt: 2026-01-26T12:18:27.804Z,
      actor: [Object]
    },
    {
      type: 'accept',
      notes: '',
      decidedAt: 2026-01-26T14:06:10.823Z,
      actor: [Object]
    },
    {
      payload: [Object],
      type: 'reschedule',
      notes: 'safsf',
      decidedAt: 2026-01-26T14:14:27.481Z,
      actor: [Object]
    },
    {
      type: 'accept',
      notes: '',
      decidedAt: 2026-01-26T14:22:50.571Z,
      actor: [Object]
    },
    {
      payload: [Object],
      type: 'reschedule',
      notes: 'sdadasd',
      decidedAt: 2026-01-26T14:23:16.217Z,
      actor: [Object]
    },
    {
      type: 'accept',
      notes: '',
      decidedAt: 2026-01-26T14:31:01.466Z,
      actor: [Object]
    },
    {
      payload: [Object],
      type: 'reschedule',
      notes: 'fsfsff',
      decidedAt: 2026-01-26T14:31:28.591Z,
      actor: [Object]
    },
    {
      type: 'accept',
      notes: '',
      decidedAt: 2026-01-26T14:34:03.518Z,
      actor: [Object]
    },
    {
      payload: [Object],
      type: 'reschedule',
      notes: 'TEST: Stakeholder reschedule',
      decidedAt: 2026-01-26T14:48:12.682Z,
      actor: [Object]
    },
    {
      payload: [Object],
      type: 'reschedule',
      notes: 'TEST: Stakeholder reschedule',
      decidedAt: 2026-01-26T14:50:11.727Z,
      actor: [Object]
    },
    {
      payload: [Object],
      type: 'reschedule',
      notes: 'TEST: Stakeholder reschedule',
      decidedAt: 2026-01-26T14:51:26.717Z,
      actor: [Object]
    },
    {
      payload: [Object],
      type: 'reschedule',
      notes: 'TEST: Stakeholder reschedule',
      decidedAt: 2026-01-26T14:51:50.282Z,
      actor: [Object]
    },
    {
      payload: [Object],
      type: 'reschedule',
      notes: 'TEST: Stakeholder reschedule',
      decidedAt: 2026-01-26T14:52:28.910Z,
      actor: [Object]
    },
    {
      payload: [Object],
      type: 'reschedule',
      notes: 'TEST: Stakeholder reschedule',
      decidedAt: 2026-01-26T14:53:05.163Z,
      actor: [Object]
    },
    {
      payload: [Object],
      type: 'reschedule',
      notes: 'TEST: Stakeholder reschedule',
      decidedAt: 2026-01-26T14:54:19.623Z,
      actor: [Object]
    },
    {
      payload: [Object],
      type: 'reschedule',
      notes: 'TEST: Stakeholder reschedule',
      decidedAt: 2026-01-26T14:55:18.210Z,
      actor: [Object]
    },
    {
      payload: [Object],
      type: 'reschedule',
      notes: 'TEST: Stakeholder reschedule',
      decidedAt: 2026-01-26T14:55:57.691Z,
      actor: [Object]
    },
    {
      payload: [Object],
      type: 'reschedule',
      notes: 'TEST: Stakeholder reschedule',
      decidedAt: 2026-01-26T14:56:31.952Z,
      actor: [Object]
    },
    {
      payload: [Object],
      type: 'reschedule',
      notes: 'TEST: Stakeholder reschedule',
      decidedAt: 2026-01-26T14:56:51.477Z,
      actor: [Object]
    },
    {
      payload: [Object],
      type: 'reschedule',
      notes: 'TEST: Stakeholder reschedule',
      decidedAt: 2026-01-26T14:57:11.921Z,
      actor: [Object]
    },
    {
      payload: [Object],
      type: 'reschedule',
      notes: 'TEST: Stakeholder reschedule',
      decidedAt: 2026-01-26T14:57:42.112Z,
      actor: [Object]
    },
    {
      payload: [Object],
      type: 'reschedule',
      notes: 'TEST: Stakeholder reschedule',
      decidedAt: 2026-01-26T14:59:34.017Z,
      actor: [Object]
    },
    {
      payload: [Object],
      type: 'reschedule',
      notes: 'TEST: Stakeholder reschedule',
      decidedAt: 2026-01-26T15:00:55.562Z,
      actor: [Object]
    },
    {
      payload: [Object],
      type: 'reschedule',
      notes: 'TEST: Stakeholder reschedule',
      decidedAt: 2026-01-26T15:02:12.283Z,
      actor: [Object]
    },
    {
      type: 'reschedule',
      notes: 'TEST: Stakeholder reschedule',
      decidedAt: 2026-01-26T15:02:27.669Z,
      actor: [Object],
      payload: [Object]
    }
  ],
  createdAt: 2026-01-26T08:48:11.953Z,
  updatedAt: 2026-01-26T15:02:27.682Z,
  __v: 43,
  Event_ID: 'EVENT_1769417308691_kcbtt1kke',
  eventId: new ObjectId('69772a5c50e75fb8b97bbb57')
}' is not valid for request in state 'undefined'

------------------------------------------------------------
[36mChecking available actions for: UNITE Dev (assignedCoord)[0m
------------------------------------------------------------
User ID: 697711a3dbbebe7c7c6cb7a8
Authority: 60
[33m
ΓåÆ Calling actionValidatorService.getAvailableActions()[0m
  Parameters: {
  userId: '697711a3dbbebe7c7c6cb7a8',
  requestId: 'REQ-1769417291951-3940',
  status: 'review-rescheduled',
  locationId: '6960871e3f2b9335d7bc99bb'
}
[ACTION VALIDATOR] getAvailableActions - START {
  requestId: 'REQ-1769417291951-3940',
  userId: '697711a3dbbebe7c7c6cb7a8',
  state: 'review-rescheduled',
  normalizedState: 'review-rescheduled',
  validCoordinatorsCount: 5
}
[ACTION VALIDATOR] Before shouldProceed check {
  requestId: 'REQ-1769417291951-3940',
  userId: '697711a3dbbebe7c7c6cb7a8',
  isActiveResponder: true,
  shouldProceed: true,
  normalizedState: 'review-rescheduled'
}
[32m
Γ£ô Available Actions Result:[0m
  Actions: [view, accept, reject, reschedule]
[33m
ΓåÆ Testing individual action validation:[0m

  Testing action: accept
[31m  Γ£ù accept: DENIED[0m
    Reason: Action '{
  requester: {
    userId: new ObjectId('697184d66d0127f028ac2ee4'),
    name: 'testing cam sur 2',
    roleSnapshot: 'stakeholder',
    authoritySnapshot: 30
  },
  claimedBy: { claimedAt: 2026-01-26T08:48:11.953Z },
  latestAction: { timestamp: 2026-01-26T08:48:11.953Z },
  activeResponder: {
    userId: new ObjectId('697711a3dbbebe7c7c6cb7a8'),
    relationship: 'reviewer',
    authority: null
  },
  lastAction: {
    action: 'reschedule',
    actorId: new ObjectId('697184d66d0127f028ac2ee4'),
    timestamp: 2026-01-26T15:02:27.667Z
  },
  _id: new ObjectId('69772a4b50e75fb8b97bba76'),
  Request_ID: 'REQ-1769417291951-3940',
  reviewer: {
    userId: new ObjectId('697711a3dbbebe7c7c6cb7a8'),
    name: 'UNITE Dev',
    roleSnapshot: 'coordinator',
    assignedAt: 2026-01-26T08:48:11.921Z,
    autoAssigned: false,
    assignmentRule: 'manual'
  },
  municipalityId: new ObjectId('6960871e3f2b9335d7bc99bf'),
  district: new ObjectId('6960871e3f2b9335d7bc99bb'),
  province: new ObjectId('696086f13f2b9335d7bc9685'),
  Event_Title: 'test #5',
  Location: 'test',
  Date: 2026-02-24T00:00:00.000Z,
  Category: 'BloodDrive',
  Target_Donation: 100,
  status: 'review-rescheduled',
  rescheduleProposal: {
    proposedDate: 2026-04-01T00:00:00.000Z,
    reviewerNotes: 'TEST: Stakeholder reschedule proposal',
    proposedAt: 2026-01-26T15:02:27.665Z,
    proposedBy: {
      userId: new ObjectId('697184d66d0127f028ac2ee4'),
      name: 'testing cam sur 2',
      roleSnapshot: 'stakeholder',
      authoritySnapshot: 30
    }
  },
  validCoordinators: [
    {
      userId: new ObjectId('6970448c6d0127f028ab5474'),
      name: 'Ben Carlo Valiente',
      organizationType: null,
      isActive: true,
      discoveredAt: 2026-01-26T08:48:12.658Z,
      _id: new ObjectId('69772a4d50e75fb8b97bbaa6')
    },
    {
      userId: new ObjectId('6970784d6d0127f028ab85c6'),
      name: 'David Jaque',
      organizationType: null,
      isActive: true,
      discoveredAt: 2026-01-26T08:48:12.890Z,
      _id: new ObjectId('69772a4d50e75fb8b97bbaa7')
    },
    {
      userId: new ObjectId('697711a3dbbebe7c7c6cb7a8'),
      name: 'UNITE Dev',
      organizationType: null,
      isActive: true,
      discoveredAt: 2026-01-26T08:48:12.993Z,
      _id: new ObjectId('69772a4d50e75fb8b97bbaa8')
    },
    {
      userId: new ObjectId('69771226dbbebe7c7c6cc1dc'),
      name: 'UNITE Dis 2 Dev',
      organizationType: null,
      isActive: true,
      discoveredAt: 2026-01-26T08:48:13.091Z,
      _id: new ObjectId('69772a4d50e75fb8b97bbaa9')
    },
    {
      userId: new ObjectId('696088303f2b9335d7bcadce'),
      name: 'Admin User',
      organizationType: null,
      isActive: true,
      discoveredAt: 2026-01-26T08:48:13.121Z,
      _id: new ObjectId('69772a4d50e75fb8b97bbaaa')
    }
  ],
  statusHistory: [
    {
      status: 'pending-review',
      note: 'Request created',
      changedAt: 2026-01-26T08:48:11.953Z,
      actor: [Object]
    },
    {
      status: 'approved',
      note: '',
      changedAt: 2026-01-26T08:48:28.616Z,
      actor: [Object]
    },
    {
      status: 'review-rescheduled',
      note: 'sdfsdf',
      changedAt: 2026-01-26T08:50:17.343Z,
      actor: [Object]
    },
    {
      status: 'approved',
      note: '',
      changedAt: 2026-01-26T08:51:09.345Z,
      actor: [Object]
    },
    {
      status: 'review-rescheduled',
      note: 'fdsfsd',
      changedAt: 2026-01-26T08:51:55.811Z,
      actor: [Object]
    },
    {
      status: 'approved',
      note: '',
      changedAt: 2026-01-26T08:52:10.186Z,
      actor: [Object]
    },
    {
      status: 'review-rescheduled',
      note: 'dadsad',
      changedAt: 2026-01-26T08:52:36.046Z,
      actor: [Object]
    },
    {
      status: 'approved',
      note: '',
      changedAt: 2026-01-26T08:52:45.107Z,
      actor: [Object]
    },
    {
      status: 'review-rescheduled',
      note: 'xdfsfsfd',
      changedAt: 2026-01-26T08:53:14.878Z,
      actor: [Object]
    },
    {
      status: 'review-rescheduled',
      note: 'sdsfdsf',
      changedAt: 2026-01-26T08:53:27.484Z,
      actor: [Object]
    },
    {
      status: 'approved',
      note: '',
      changedAt: 2026-01-26T08:55:11.874Z,
      actor: [Object]
    },
    {
      status: 'review-rescheduled',
      note: 'dfsad',
      changedAt: 2026-01-26T08:55:19.851Z,
      actor: [Object]
    },
    {
      status: 'approved',
      note: '',
      changedAt: 2026-01-26T08:55:28.606Z,
      actor: [Object]
    },
    {
      status: 'review-rescheduled',
      note: 'faf',
      changedAt: 2026-01-26T08:55:36.625Z,
      actor: [Object]
    },
    {
      status: 'approved',
      note: '',
      changedAt: 2026-01-26T08:55:56.554Z,
      actor: [Object]
    },
    {
      status: 'review-rescheduled',
      note: 'dfsf',
      changedAt: 2026-01-26T08:57:16.242Z,
      actor: [Object]
    },
    {
      status: 'review-rescheduled',
      note: 'sfad',
      changedAt: 2026-01-26T08:57:42.297Z,
      actor: [Object]
    },
    {
      status: 'review-rescheduled',
      note: 'fsfsdf',
      changedAt: 2026-01-26T08:57:57.918Z,
      actor: [Object]
    },
    {
      status: 'approved',
      note: '',
      changedAt: 2026-01-26T12:18:12.951Z,
      actor: [Object]
    },
    {
      status: 'review-rescheduled',
      note: 'adada',
      changedAt: 2026-01-26T12:18:27.805Z,
      actor: [Object]
    },
    {
      status: 'approved',
      note: '',
      changedAt: 2026-01-26T14:06:10.826Z,
      actor: [Object]
    },
    {
      status: 'review-rescheduled',
      note: 'safsf',
      changedAt: 2026-01-26T14:14:27.486Z,
      actor: [Object]
    },
    {
      status: 'approved',
      note: '',
      changedAt: 2026-01-26T14:22:50.576Z,
      actor: [Object]
    },
    {
      status: 'review-rescheduled',
      note: 'sdadasd',
      changedAt: 2026-01-26T14:23:16.218Z,
      actor: [Object]
    },
    {
      status: 'approved',
      note: '',
      changedAt: 2026-01-26T14:31:01.478Z,
      actor: [Object]
    },
    {
      status: 'review-rescheduled',
      note: 'fsfsff',
      changedAt: 2026-01-26T14:31:28.593Z,
      actor: [Object]
    },
    {
      status: 'approved',
      note: '',
      changedAt: 2026-01-26T14:34:03.531Z,
      actor: [Object]
    },
    {
      status: 'review-rescheduled',
      note: 'TEST: Stakeholder reschedule',
      changedAt: 2026-01-26T14:48:12.680Z,
      actor: [Object]
    },
    {
      status: 'review-rescheduled',
      note: 'TEST: Stakeholder reschedule',
      changedAt: 2026-01-26T14:50:11.726Z,
      actor: [Object]
    },
    {
      status: 'review-rescheduled',
      note: 'TEST: Stakeholder reschedule',
      changedAt: 2026-01-26T14:51:26.715Z,
      actor: [Object]
    },
    {
      status: 'review-rescheduled',
      note: 'TEST: Stakeholder reschedule',
      changedAt: 2026-01-26T14:51:50.281Z,
      actor: [Object]
    },
    {
      status: 'review-rescheduled',
      note: 'TEST: Stakeholder reschedule',
      changedAt: 2026-01-26T14:52:28.907Z,
      actor: [Object]
    },
    {
      status: 'review-rescheduled',
      note: 'TEST: Stakeholder reschedule',
      changedAt: 2026-01-26T14:53:05.162Z,
      actor: [Object]
    },
    {
      status: 'review-rescheduled',
      note: 'TEST: Stakeholder reschedule',
      changedAt: 2026-01-26T14:54:19.622Z,
      actor: [Object]
    },
    {
      status: 'review-rescheduled',
      note: 'TEST: Stakeholder reschedule',
      changedAt: 2026-01-26T14:55:18.209Z,
      actor: [Object]
    },
    {
      status: 'review-rescheduled',
      note: 'TEST: Stakeholder reschedule',
      changedAt: 2026-01-26T14:55:57.689Z,
      actor: [Object]
    },
    {
      status: 'review-rescheduled',
      note: 'TEST: Stakeholder reschedule',
      changedAt: 2026-01-26T14:56:31.951Z,
      actor: [Object]
    },
    {
      status: 'review-rescheduled',
      note: 'TEST: Stakeholder reschedule',
      changedAt: 2026-01-26T14:56:51.477Z,
      actor: [Object]
    },
    {
      status: 'review-rescheduled',
      note: 'TEST: Stakeholder reschedule',
      changedAt: 2026-01-26T14:57:11.920Z,
      actor: [Object]
    },
    {
      status: 'review-rescheduled',
      note: 'TEST: Stakeholder reschedule',
      changedAt: 2026-01-26T14:57:42.111Z,
      actor: [Object]
    },
    {
      status: 'review-rescheduled',
      note: 'TEST: Stakeholder reschedule',
      changedAt: 2026-01-26T14:59:34.016Z,
      actor: [Object]
    },
    {
      status: 'review-rescheduled',
      note: 'TEST: Stakeholder reschedule',
      changedAt: 2026-01-26T15:00:55.561Z,
      actor: [Object]
    },
    {
      status: 'review-rescheduled',
      note: 'TEST: Stakeholder reschedule',
      changedAt: 2026-01-26T15:02:12.281Z,
      actor: [Object]
    },
    {
      status: 'review-rescheduled',
      note: 'TEST: Stakeholder reschedule',
      changedAt: 2026-01-26T15:02:27.668Z,
      actor: [Object]
    }
  ],
  decisionHistory: [
    {
      type: 'accept',
      notes: '',
      decidedAt: 2026-01-26T08:48:28.615Z,
      actor: [Object]
    },
    {
      payload: [Object],
      type: 'reschedule',
      notes: 'sdfsdf',
      decidedAt: 2026-01-26T08:50:17.339Z,
      actor: [Object]
    },
    {
      type: 'accept',
      notes: '',
      decidedAt: 2026-01-26T08:51:09.344Z,
      actor: [Object]
    },
    {
      payload: [Object],
      type: 'reschedule',
      notes: 'fdsfsd',
      decidedAt: 2026-01-26T08:51:55.810Z,
      actor: [Object]
    },
    {
      type: 'accept',
      notes: '',
      decidedAt: 2026-01-26T08:52:10.186Z,
      actor: [Object]
    },
    {
      payload: [Object],
      type: 'reschedule',
      notes: 'dadsad',
      decidedAt: 2026-01-26T08:52:36.045Z,
      actor: [Object]
    },
    {
      type: 'accept',
      notes: '',
      decidedAt: 2026-01-26T08:52:45.106Z,
      actor: [Object]
    },
    {
      payload: [Object],
      type: 'reschedule',
      notes: 'xdfsfsfd',
      decidedAt: 2026-01-26T08:53:14.878Z,
      actor: [Object]
    },
    {
      payload: [Object],
      type: 'reschedule',
      notes: 'sdsfdsf',
      decidedAt: 2026-01-26T08:53:27.484Z,
      actor: [Object]
    },
    {
      type: 'accept',
      notes: '',
      decidedAt: 2026-01-26T08:55:11.872Z,
      actor: [Object]
    },
    {
      payload: [Object],
      type: 'reschedule',
      notes: 'dfsad',
      decidedAt: 2026-01-26T08:55:19.850Z,
      actor: [Object]
    },
    {
      type: 'accept',
      notes: '',
      decidedAt: 2026-01-26T08:55:28.606Z,
      actor: [Object]
    },
    {
      payload: [Object],
      type: 'reschedule',
      notes: 'faf',
      decidedAt: 2026-01-26T08:55:36.624Z,
      actor: [Object]
    },
    {
      type: 'accept',
      notes: '',
      decidedAt: 2026-01-26T08:55:56.553Z,
      actor: [Object]
    },
    {
      payload: [Object],
      type: 'reschedule',
      notes: 'dfsf',
      decidedAt: 2026-01-26T08:57:16.240Z,
      actor: [Object]
    },
    {
      payload: [Object],
      type: 'reschedule',
      notes: 'sfad',
      decidedAt: 2026-01-26T08:57:42.296Z,
      actor: [Object]
    },
    {
      payload: [Object],
      type: 'reschedule',
      notes: 'fsfsdf',
      decidedAt: 2026-01-26T08:57:57.916Z,
      actor: [Object]
    },
    {
      type: 'accept',
      notes: '',
      decidedAt: 2026-01-26T12:18:12.951Z,
      actor: [Object]
    },
    {
      payload: [Object],
      type: 'reschedule',
      notes: 'adada',
      decidedAt: 2026-01-26T12:18:27.804Z,
      actor: [Object]
    },
    {
      type: 'accept',
      notes: '',
      decidedAt: 2026-01-26T14:06:10.823Z,
      actor: [Object]
    },
    {
      payload: [Object],
      type: 'reschedule',
      notes: 'safsf',
      decidedAt: 2026-01-26T14:14:27.481Z,
      actor: [Object]
    },
    {
      type: 'accept',
      notes: '',
      decidedAt: 2026-01-26T14:22:50.571Z,
      actor: [Object]
    },
    {
      payload: [Object],
      type: 'reschedule',
      notes: 'sdadasd',
      decidedAt: 2026-01-26T14:23:16.217Z,
      actor: [Object]
    },
    {
      type: 'accept',
      notes: '',
      decidedAt: 2026-01-26T14:31:01.466Z,
      actor: [Object]
    },
    {
      payload: [Object],
      type: 'reschedule',
      notes: 'fsfsff',
      decidedAt: 2026-01-26T14:31:28.591Z,
      actor: [Object]
    },
    {
      type: 'accept',
      notes: '',
      decidedAt: 2026-01-26T14:34:03.518Z,
      actor: [Object]
    },
    {
      payload: [Object],
      type: 'reschedule',
      notes: 'TEST: Stakeholder reschedule',
      decidedAt: 2026-01-26T14:48:12.682Z,
      actor: [Object]
    },
    {
      payload: [Object],
      type: 'reschedule',
      notes: 'TEST: Stakeholder reschedule',
      decidedAt: 2026-01-26T14:50:11.727Z,
      actor: [Object]
    },
    {
      payload: [Object],
      type: 'reschedule',
      notes: 'TEST: Stakeholder reschedule',
      decidedAt: 2026-01-26T14:51:26.717Z,
      actor: [Object]
    },
    {
      payload: [Object],
      type: 'reschedule',
      notes: 'TEST: Stakeholder reschedule',
      decidedAt: 2026-01-26T14:51:50.282Z,
      actor: [Object]
    },
    {
      payload: [Object],
      type: 'reschedule',
      notes: 'TEST: Stakeholder reschedule',
      decidedAt: 2026-01-26T14:52:28.910Z,
      actor: [Object]
    },
    {
      payload: [Object],
      type: 'reschedule',
      notes: 'TEST: Stakeholder reschedule',
      decidedAt: 2026-01-26T14:53:05.163Z,
      actor: [Object]
    },
    {
      payload: [Object],
      type: 'reschedule',
      notes: 'TEST: Stakeholder reschedule',
      decidedAt: 2026-01-26T14:54:19.623Z,
      actor: [Object]
    },
    {
      payload: [Object],
      type: 'reschedule',
      notes: 'TEST: Stakeholder reschedule',
      decidedAt: 2026-01-26T14:55:18.210Z,
      actor: [Object]
    },
    {
      payload: [Object],
      type: 'reschedule',
      notes: 'TEST: Stakeholder reschedule',
      decidedAt: 2026-01-26T14:55:57.691Z,
      actor: [Object]
    },
    {
      payload: [Object],
      type: 'reschedule',
      notes: 'TEST: Stakeholder reschedule',
      decidedAt: 2026-01-26T14:56:31.952Z,
      actor: [Object]
    },
    {
      payload: [Object],
      type: 'reschedule',
      notes: 'TEST: Stakeholder reschedule',
      decidedAt: 2026-01-26T14:56:51.477Z,
      actor: [Object]
    },
    {
      payload: [Object],
      type: 'reschedule',
      notes: 'TEST: Stakeholder reschedule',
      decidedAt: 2026-01-26T14:57:11.921Z,
      actor: [Object]
    },
    {
      payload: [Object],
      type: 'reschedule',
      notes: 'TEST: Stakeholder reschedule',
      decidedAt: 2026-01-26T14:57:42.112Z,
      actor: [Object]
    },
    {
      payload: [Object],
      type: 'reschedule',
      notes: 'TEST: Stakeholder reschedule',
      decidedAt: 2026-01-26T14:59:34.017Z,
      actor: [Object]
    },
    {
      payload: [Object],
      type: 'reschedule',
      notes: 'TEST: Stakeholder reschedule',
      decidedAt: 2026-01-26T15:00:55.562Z,
      actor: [Object]
    },
    {
      payload: [Object],
      type: 'reschedule',
      notes: 'TEST: Stakeholder reschedule',
      decidedAt: 2026-01-26T15:02:12.283Z,
      actor: [Object]
    },
    {
      type: 'reschedule',
      notes: 'TEST: Stakeholder reschedule',
      decidedAt: 2026-01-26T15:02:27.669Z,
      actor: [Object],
      payload: [Object]
    }
  ],
  createdAt: 2026-01-26T08:48:11.953Z,
  updatedAt: 2026-01-26T15:02:27.682Z,
  __v: 43,
  Event_ID: 'EVENT_1769417308691_kcbtt1kke',
  eventId: new ObjectId('69772a5c50e75fb8b97bbb57')
}' is not valid for request in state 'undefined'

  Testing action: reject
[31m  Γ£ù reject: DENIED[0m
    Reason: Action '{
  requester: {
    userId: new ObjectId('697184d66d0127f028ac2ee4'),
    name: 'testing cam sur 2',
    roleSnapshot: 'stakeholder',
    authoritySnapshot: 30
  },
  claimedBy: { claimedAt: 2026-01-26T08:48:11.953Z },
  latestAction: { timestamp: 2026-01-26T08:48:11.953Z },
  activeResponder: {
    userId: new ObjectId('697711a3dbbebe7c7c6cb7a8'),
    relationship: 'reviewer',
    authority: null
  },
  lastAction: {
    action: 'reschedule',
    actorId: new ObjectId('697184d66d0127f028ac2ee4'),
    timestamp: 2026-01-26T15:02:27.667Z
  },
  _id: new ObjectId('69772a4b50e75fb8b97bba76'),
  Request_ID: 'REQ-1769417291951-3940',
  reviewer: {
    userId: new ObjectId('697711a3dbbebe7c7c6cb7a8'),
    name: 'UNITE Dev',
    roleSnapshot: 'coordinator',
    assignedAt: 2026-01-26T08:48:11.921Z,
    autoAssigned: false,
    assignmentRule: 'manual'
  },
  municipalityId: new ObjectId('6960871e3f2b9335d7bc99bf'),
  district: new ObjectId('6960871e3f2b9335d7bc99bb'),
  province: new ObjectId('696086f13f2b9335d7bc9685'),
  Event_Title: 'test #5',
  Location: 'test',
  Date: 2026-02-24T00:00:00.000Z,
  Category: 'BloodDrive',
  Target_Donation: 100,
  status: 'review-rescheduled',
  rescheduleProposal: {
    proposedDate: 2026-04-01T00:00:00.000Z,
    reviewerNotes: 'TEST: Stakeholder reschedule proposal',
    proposedAt: 2026-01-26T15:02:27.665Z,
    proposedBy: {
      userId: new ObjectId('697184d66d0127f028ac2ee4'),
      name: 'testing cam sur 2',
      roleSnapshot: 'stakeholder',
      authoritySnapshot: 30
    }
  },
  validCoordinators: [
    {
      userId: new ObjectId('6970448c6d0127f028ab5474'),
      name: 'Ben Carlo Valiente',
      organizationType: null,
      isActive: true,
      discoveredAt: 2026-01-26T08:48:12.658Z,
      _id: new ObjectId('69772a4d50e75fb8b97bbaa6')
    },
    {
      userId: new ObjectId('6970784d6d0127f028ab85c6'),
      name: 'David Jaque',
      organizationType: null,
      isActive: true,
      discoveredAt: 2026-01-26T08:48:12.890Z,
      _id: new ObjectId('69772a4d50e75fb8b97bbaa7')
    },
    {
      userId: new ObjectId('697711a3dbbebe7c7c6cb7a8'),
      name: 'UNITE Dev',
      organizationType: null,
      isActive: true,
      discoveredAt: 2026-01-26T08:48:12.993Z,
      _id: new ObjectId('69772a4d50e75fb8b97bbaa8')
    },
    {
      userId: new ObjectId('69771226dbbebe7c7c6cc1dc'),
      name: 'UNITE Dis 2 Dev',
      organizationType: null,
      isActive: true,
      discoveredAt: 2026-01-26T08:48:13.091Z,
      _id: new ObjectId('69772a4d50e75fb8b97bbaa9')
    },
    {
      userId: new ObjectId('696088303f2b9335d7bcadce'),
      name: 'Admin User',
      organizationType: null,
      isActive: true,
      discoveredAt: 2026-01-26T08:48:13.121Z,
      _id: new ObjectId('69772a4d50e75fb8b97bbaaa')
    }
  ],
  statusHistory: [
    {
      status: 'pending-review',
      note: 'Request created',
      changedAt: 2026-01-26T08:48:11.953Z,
      actor: [Object]
    },
    {
      status: 'approved',
      note: '',
      changedAt: 2026-01-26T08:48:28.616Z,
      actor: [Object]
    },
    {
      status: 'review-rescheduled',
      note: 'sdfsdf',
      changedAt: 2026-01-26T08:50:17.343Z,
      actor: [Object]
    },
    {
      status: 'approved',
      note: '',
      changedAt: 2026-01-26T08:51:09.345Z,
      actor: [Object]
    },
    {
      status: 'review-rescheduled',
      note: 'fdsfsd',
      changedAt: 2026-01-26T08:51:55.811Z,
      actor: [Object]
    },
    {
      status: 'approved',
      note: '',
      changedAt: 2026-01-26T08:52:10.186Z,
      actor: [Object]
    },
    {
      status: 'review-rescheduled',
      note: 'dadsad',
      changedAt: 2026-01-26T08:52:36.046Z,
      actor: [Object]
    },
    {
      status: 'approved',
      note: '',
      changedAt: 2026-01-26T08:52:45.107Z,
      actor: [Object]
    },
    {
      status: 'review-rescheduled',
      note: 'xdfsfsfd',
      changedAt: 2026-01-26T08:53:14.878Z,
      actor: [Object]
    },
    {
      status: 'review-rescheduled',
      note: 'sdsfdsf',
      changedAt: 2026-01-26T08:53:27.484Z,
      actor: [Object]
    },
    {
      status: 'approved',
      note: '',
      changedAt: 2026-01-26T08:55:11.874Z,
      actor: [Object]
    },
    {
      status: 'review-rescheduled',
      note: 'dfsad',
      changedAt: 2026-01-26T08:55:19.851Z,
      actor: [Object]
    },
    {
      status: 'approved',
      note: '',
      changedAt: 2026-01-26T08:55:28.606Z,
      actor: [Object]
    },
    {
      status: 'review-rescheduled',
      note: 'faf',
      changedAt: 2026-01-26T08:55:36.625Z,
      actor: [Object]
    },
    {
      status: 'approved',
      note: '',
      changedAt: 2026-01-26T08:55:56.554Z,
      actor: [Object]
    },
    {
      status: 'review-rescheduled',
      note: 'dfsf',
      changedAt: 2026-01-26T08:57:16.242Z,
      actor: [Object]
    },
    {
      status: 'review-rescheduled',
      note: 'sfad',
      changedAt: 2026-01-26T08:57:42.297Z,
      actor: [Object]
    },
    {
      status: 'review-rescheduled',
      note: 'fsfsdf',
      changedAt: 2026-01-26T08:57:57.918Z,
      actor: [Object]
    },
    {
      status: 'approved',
      note: '',
      changedAt: 2026-01-26T12:18:12.951Z,
      actor: [Object]
    },
    {
      status: 'review-rescheduled',
      note: 'adada',
      changedAt: 2026-01-26T12:18:27.805Z,
      actor: [Object]
    },
    {
      status: 'approved',
      note: '',
      changedAt: 2026-01-26T14:06:10.826Z,
      actor: [Object]
    },
    {
      status: 'review-rescheduled',
      note: 'safsf',
      changedAt: 2026-01-26T14:14:27.486Z,
      actor: [Object]
    },
    {
      status: 'approved',
      note: '',
      changedAt: 2026-01-26T14:22:50.576Z,
      actor: [Object]
    },
    {
      status: 'review-rescheduled',
      note: 'sdadasd',
      changedAt: 2026-01-26T14:23:16.218Z,
      actor: [Object]
    },
    {
      status: 'approved',
      note: '',
      changedAt: 2026-01-26T14:31:01.478Z,
      actor: [Object]
    },
    {
      status: 'review-rescheduled',
      note: 'fsfsff',
      changedAt: 2026-01-26T14:31:28.593Z,
      actor: [Object]
    },
    {
      status: 'approved',
      note: '',
      changedAt: 2026-01-26T14:34:03.531Z,
      actor: [Object]
    },
    {
      status: 'review-rescheduled',
      note: 'TEST: Stakeholder reschedule',
      changedAt: 2026-01-26T14:48:12.680Z,
      actor: [Object]
    },
    {
      status: 'review-rescheduled',
      note: 'TEST: Stakeholder reschedule',
      changedAt: 2026-01-26T14:50:11.726Z,
      actor: [Object]
    },
    {
      status: 'review-rescheduled',
      note: 'TEST: Stakeholder reschedule',
      changedAt: 2026-01-26T14:51:26.715Z,
      actor: [Object]
    },
    {
      status: 'review-rescheduled',
      note: 'TEST: Stakeholder reschedule',
      changedAt: 2026-01-26T14:51:50.281Z,
      actor: [Object]
    },
    {
      status: 'review-rescheduled',
      note: 'TEST: Stakeholder reschedule',
      changedAt: 2026-01-26T14:52:28.907Z,
      actor: [Object]
    },
    {
      status: 'review-rescheduled',
      note: 'TEST: Stakeholder reschedule',
      changedAt: 2026-01-26T14:53:05.162Z,
      actor: [Object]
    },
    {
      status: 'review-rescheduled',
      note: 'TEST: Stakeholder reschedule',
      changedAt: 2026-01-26T14:54:19.622Z,
      actor: [Object]
    },
    {
      status: 'review-rescheduled',
      note: 'TEST: Stakeholder reschedule',
      changedAt: 2026-01-26T14:55:18.209Z,
      actor: [Object]
    },
    {
      status: 'review-rescheduled',
      note: 'TEST: Stakeholder reschedule',
      changedAt: 2026-01-26T14:55:57.689Z,
      actor: [Object]
    },
    {
      status: 'review-rescheduled',
      note: 'TEST: Stakeholder reschedule',
      changedAt: 2026-01-26T14:56:31.951Z,
      actor: [Object]
    },
    {
      status: 'review-rescheduled',
      note: 'TEST: Stakeholder reschedule',
      changedAt: 2026-01-26T14:56:51.477Z,
      actor: [Object]
    },
    {
      status: 'review-rescheduled',
      note: 'TEST: Stakeholder reschedule',
      changedAt: 2026-01-26T14:57:11.920Z,
      actor: [Object]
    },
    {
      status: 'review-rescheduled',
      note: 'TEST: Stakeholder reschedule',
      changedAt: 2026-01-26T14:57:42.111Z,
      actor: [Object]
    },
    {
      status: 'review-rescheduled',
      note: 'TEST: Stakeholder reschedule',
      changedAt: 2026-01-26T14:59:34.016Z,
      actor: [Object]
    },
    {
      status: 'review-rescheduled',
      note: 'TEST: Stakeholder reschedule',
      changedAt: 2026-01-26T15:00:55.561Z,
      actor: [Object]
    },
    {
      status: 'review-rescheduled',
      note: 'TEST: Stakeholder reschedule',
      changedAt: 2026-01-26T15:02:12.281Z,
      actor: [Object]
    },
    {
      status: 'review-rescheduled',
      note: 'TEST: Stakeholder reschedule',
      changedAt: 2026-01-26T15:02:27.668Z,
      actor: [Object]
    }
  ],
  decisionHistory: [
    {
      type: 'accept',
      notes: '',
      decidedAt: 2026-01-26T08:48:28.615Z,
      actor: [Object]
    },
    {
      payload: [Object],
      type: 'reschedule',
      notes: 'sdfsdf',
      decidedAt: 2026-01-26T08:50:17.339Z,
      actor: [Object]
    },
    {
      type: 'accept',
      notes: '',
      decidedAt: 2026-01-26T08:51:09.344Z,
      actor: [Object]
    },
    {
      payload: [Object],
      type: 'reschedule',
      notes: 'fdsfsd',
      decidedAt: 2026-01-26T08:51:55.810Z,
      actor: [Object]
    },
    {
      type: 'accept',
      notes: '',
      decidedAt: 2026-01-26T08:52:10.186Z,
      actor: [Object]
    },
    {
      payload: [Object],
      type: 'reschedule',
      notes: 'dadsad',
      decidedAt: 2026-01-26T08:52:36.045Z,
      actor: [Object]
    },
    {
      type: 'accept',
      notes: '',
      decidedAt: 2026-01-26T08:52:45.106Z,
      actor: [Object]
    },
    {
      payload: [Object],
      type: 'reschedule',
      notes: 'xdfsfsfd',
      decidedAt: 2026-01-26T08:53:14.878Z,
      actor: [Object]
    },
    {
      payload: [Object],
      type: 'reschedule',
      notes: 'sdsfdsf',
      decidedAt: 2026-01-26T08:53:27.484Z,
      actor: [Object]
    },
    {
      type: 'accept',
      notes: '',
      decidedAt: 2026-01-26T08:55:11.872Z,
      actor: [Object]
    },
    {
      payload: [Object],
      type: 'reschedule',
      notes: 'dfsad',
      decidedAt: 2026-01-26T08:55:19.850Z,
      actor: [Object]
    },
    {
      type: 'accept',
      notes: '',
      decidedAt: 2026-01-26T08:55:28.606Z,
      actor: [Object]
    },
    {
      payload: [Object],
      type: 'reschedule',
      notes: 'faf',
      decidedAt: 2026-01-26T08:55:36.624Z,
      actor: [Object]
    },
    {
      type: 'accept',
      notes: '',
      decidedAt: 2026-01-26T08:55:56.553Z,
      actor: [Object]
    },
    {
      payload: [Object],
      type: 'reschedule',
      notes: 'dfsf',
      decidedAt: 2026-01-26T08:57:16.240Z,
      actor: [Object]
    },
    {
      payload: [Object],
      type: 'reschedule',
      notes: 'sfad',
      decidedAt: 2026-01-26T08:57:42.296Z,
      actor: [Object]
    },
    {
      payload: [Object],
      type: 'reschedule',
      notes: 'fsfsdf',
      decidedAt: 2026-01-26T08:57:57.916Z,
      actor: [Object]
    },
    {
      type: 'accept',
      notes: '',
      decidedAt: 2026-01-26T12:18:12.951Z,
      actor: [Object]
    },
    {
      payload: [Object],
      type: 'reschedule',
      notes: 'adada',
      decidedAt: 2026-01-26T12:18:27.804Z,
      actor: [Object]
    },
    {
      type: 'accept',
      notes: '',
      decidedAt: 2026-01-26T14:06:10.823Z,
      actor: [Object]
    },
    {
      payload: [Object],
      type: 'reschedule',
      notes: 'safsf',
      decidedAt: 2026-01-26T14:14:27.481Z,
      actor: [Object]
    },
    {
      type: 'accept',
      notes: '',
      decidedAt: 2026-01-26T14:22:50.571Z,
      actor: [Object]
    },
    {
      payload: [Object],
      type: 'reschedule',
      notes: 'sdadasd',
      decidedAt: 2026-01-26T14:23:16.217Z,
      actor: [Object]
    },
    {
      type: 'accept',
      notes: '',
      decidedAt: 2026-01-26T14:31:01.466Z,
      actor: [Object]
    },
    {
      payload: [Object],
      type: 'reschedule',
      notes: 'fsfsff',
      decidedAt: 2026-01-26T14:31:28.591Z,
      actor: [Object]
    },
    {
      type: 'accept',
      notes: '',
      decidedAt: 2026-01-26T14:34:03.518Z,
      actor: [Object]
    },
    {
      payload: [Object],
      type: 'reschedule',
      notes: 'TEST: Stakeholder reschedule',
      decidedAt: 2026-01-26T14:48:12.682Z,
      actor: [Object]
    },
    {
      payload: [Object],
      type: 'reschedule',
      notes: 'TEST: Stakeholder reschedule',
      decidedAt: 2026-01-26T14:50:11.727Z,
      actor: [Object]
    },
    {
      payload: [Object],
      type: 'reschedule',
      notes: 'TEST: Stakeholder reschedule',
      decidedAt: 2026-01-26T14:51:26.717Z,
      actor: [Object]
    },
    {
      payload: [Object],
      type: 'reschedule',
      notes: 'TEST: Stakeholder reschedule',
      decidedAt: 2026-01-26T14:51:50.282Z,
      actor: [Object]
    },
    {
      payload: [Object],
      type: 'reschedule',
      notes: 'TEST: Stakeholder reschedule',
      decidedAt: 2026-01-26T14:52:28.910Z,
      actor: [Object]
    },
    {
      payload: [Object],
      type: 'reschedule',
      notes: 'TEST: Stakeholder reschedule',
      decidedAt: 2026-01-26T14:53:05.163Z,
      actor: [Object]
    },
    {
      payload: [Object],
      type: 'reschedule',
      notes: 'TEST: Stakeholder reschedule',
      decidedAt: 2026-01-26T14:54:19.623Z,
      actor: [Object]
    },
    {
      payload: [Object],
      type: 'reschedule',
      notes: 'TEST: Stakeholder reschedule',
      decidedAt: 2026-01-26T14:55:18.210Z,
      actor: [Object]
    },
    {
      payload: [Object],
      type: 'reschedule',
      notes: 'TEST: Stakeholder reschedule',
      decidedAt: 2026-01-26T14:55:57.691Z,
      actor: [Object]
    },
    {
      payload: [Object],
      type: 'reschedule',
      notes: 'TEST: Stakeholder reschedule',
      decidedAt: 2026-01-26T14:56:31.952Z,
      actor: [Object]
    },
    {
      payload: [Object],
      type: 'reschedule',
      notes: 'TEST: Stakeholder reschedule',
      decidedAt: 2026-01-26T14:56:51.477Z,
      actor: [Object]
    },
    {
      payload: [Object],
      type: 'reschedule',
      notes: 'TEST: Stakeholder reschedule',
      decidedAt: 2026-01-26T14:57:11.921Z,
      actor: [Object]
    },
    {
      payload: [Object],
      type: 'reschedule',
      notes: 'TEST: Stakeholder reschedule',
      decidedAt: 2026-01-26T14:57:42.112Z,
      actor: [Object]
    },
    {
      payload: [Object],
      type: 'reschedule',
      notes: 'TEST: Stakeholder reschedule',
      decidedAt: 2026-01-26T14:59:34.017Z,
      actor: [Object]
    },
    {
      payload: [Object],
      type: 'reschedule',
      notes: 'TEST: Stakeholder reschedule',
      decidedAt: 2026-01-26T15:00:55.562Z,
      actor: [Object]
    },
    {
      payload: [Object],
      type: 'reschedule',
      notes: 'TEST: Stakeholder reschedule',
      decidedAt: 2026-01-26T15:02:12.283Z,
      actor: [Object]
    },
    {
      type: 'reschedule',
      notes: 'TEST: Stakeholder reschedule',
      decidedAt: 2026-01-26T15:02:27.669Z,
      actor: [Object],
      payload: [Object]
    }
  ],
  createdAt: 2026-01-26T08:48:11.953Z,
  updatedAt: 2026-01-26T15:02:27.682Z,
  __v: 43,
  Event_ID: 'EVENT_1769417308691_kcbtt1kke',
  eventId: new ObjectId('69772a5c50e75fb8b97bbb57')
}' is not valid for request in state 'undefined'

  Testing action: reschedule
[31m  Γ£ù reschedule: DENIED[0m
    Reason: Action '{
  requester: {
    userId: new ObjectId('697184d66d0127f028ac2ee4'),
    name: 'testing cam sur 2',
    roleSnapshot: 'stakeholder',
    authoritySnapshot: 30
  },
  claimedBy: { claimedAt: 2026-01-26T08:48:11.953Z },
  latestAction: { timestamp: 2026-01-26T08:48:11.953Z },
  activeResponder: {
    userId: new ObjectId('697711a3dbbebe7c7c6cb7a8'),
    relationship: 'reviewer',
    authority: null
  },
  lastAction: {
    action: 'reschedule',
    actorId: new ObjectId('697184d66d0127f028ac2ee4'),
    timestamp: 2026-01-26T15:02:27.667Z
  },
  _id: new ObjectId('69772a4b50e75fb8b97bba76'),
  Request_ID: 'REQ-1769417291951-3940',
  reviewer: {
    userId: new ObjectId('697711a3dbbebe7c7c6cb7a8'),
    name: 'UNITE Dev',
    roleSnapshot: 'coordinator',
    assignedAt: 2026-01-26T08:48:11.921Z,
    autoAssigned: false,
    assignmentRule: 'manual'
  },
  municipalityId: new ObjectId('6960871e3f2b9335d7bc99bf'),
  district: new ObjectId('6960871e3f2b9335d7bc99bb'),
  province: new ObjectId('696086f13f2b9335d7bc9685'),
  Event_Title: 'test #5',
  Location: 'test',
  Date: 2026-02-24T00:00:00.000Z,
  Category: 'BloodDrive',
  Target_Donation: 100,
  status: 'review-rescheduled',
  rescheduleProposal: {
    proposedDate: 2026-04-01T00:00:00.000Z,
    reviewerNotes: 'TEST: Stakeholder reschedule proposal',
    proposedAt: 2026-01-26T15:02:27.665Z,
    proposedBy: {
      userId: new ObjectId('697184d66d0127f028ac2ee4'),
      name: 'testing cam sur 2',
      roleSnapshot: 'stakeholder',
      authoritySnapshot: 30
    }
  },
  validCoordinators: [
    {
      userId: new ObjectId('6970448c6d0127f028ab5474'),
      name: 'Ben Carlo Valiente',
      organizationType: null,
      isActive: true,
      discoveredAt: 2026-01-26T08:48:12.658Z,
      _id: new ObjectId('69772a4d50e75fb8b97bbaa6')
    },
    {
      userId: new ObjectId('6970784d6d0127f028ab85c6'),
      name: 'David Jaque',
      organizationType: null,
      isActive: true,
      discoveredAt: 2026-01-26T08:48:12.890Z,
      _id: new ObjectId('69772a4d50e75fb8b97bbaa7')
    },
    {
      userId: new ObjectId('697711a3dbbebe7c7c6cb7a8'),
      name: 'UNITE Dev',
      organizationType: null,
      isActive: true,
      discoveredAt: 2026-01-26T08:48:12.993Z,
      _id: new ObjectId('69772a4d50e75fb8b97bbaa8')
    },
    {
      userId: new ObjectId('69771226dbbebe7c7c6cc1dc'),
      name: 'UNITE Dis 2 Dev',
      organizationType: null,
      isActive: true,
      discoveredAt: 2026-01-26T08:48:13.091Z,
      _id: new ObjectId('69772a4d50e75fb8b97bbaa9')
    },
    {
      userId: new ObjectId('696088303f2b9335d7bcadce'),
      name: 'Admin User',
      organizationType: null,
      isActive: true,
      discoveredAt: 2026-01-26T08:48:13.121Z,
      _id: new ObjectId('69772a4d50e75fb8b97bbaaa')
    }
  ],
  statusHistory: [
    {
      status: 'pending-review',
      note: 'Request created',
      changedAt: 2026-01-26T08:48:11.953Z,
      actor: [Object]
    },
    {
      status: 'approved',
      note: '',
      changedAt: 2026-01-26T08:48:28.616Z,
      actor: [Object]
    },
    {
      status: 'review-rescheduled',
      note: 'sdfsdf',
      changedAt: 2026-01-26T08:50:17.343Z,
      actor: [Object]
    },
    {
      status: 'approved',
      note: '',
      changedAt: 2026-01-26T08:51:09.345Z,
      actor: [Object]
    },
    {
      status: 'review-rescheduled',
      note: 'fdsfsd',
      changedAt: 2026-01-26T08:51:55.811Z,
      actor: [Object]
    },
    {
      status: 'approved',
      note: '',
      changedAt: 2026-01-26T08:52:10.186Z,
      actor: [Object]
    },
    {
      status: 'review-rescheduled',
      note: 'dadsad',
      changedAt: 2026-01-26T08:52:36.046Z,
      actor: [Object]
    },
    {
      status: 'approved',
      note: '',
      changedAt: 2026-01-26T08:52:45.107Z,
      actor: [Object]
    },
    {
      status: 'review-rescheduled',
      note: 'xdfsfsfd',
      changedAt: 2026-01-26T08:53:14.878Z,
      actor: [Object]
    },
    {
      status: 'review-rescheduled',
      note: 'sdsfdsf',
      changedAt: 2026-01-26T08:53:27.484Z,
      actor: [Object]
    },
    {
      status: 'approved',
      note: '',
      changedAt: 2026-01-26T08:55:11.874Z,
      actor: [Object]
    },
    {
      status: 'review-rescheduled',
      note: 'dfsad',
      changedAt: 2026-01-26T08:55:19.851Z,
      actor: [Object]
    },
    {
      status: 'approved',
      note: '',
      changedAt: 2026-01-26T08:55:28.606Z,
      actor: [Object]
    },
    {
      status: 'review-rescheduled',
      note: 'faf',
      changedAt: 2026-01-26T08:55:36.625Z,
      actor: [Object]
    },
    {
      status: 'approved',
      note: '',
      changedAt: 2026-01-26T08:55:56.554Z,
      actor: [Object]
    },
    {
      status: 'review-rescheduled',
      note: 'dfsf',
      changedAt: 2026-01-26T08:57:16.242Z,
      actor: [Object]
    },
    {
      status: 'review-rescheduled',
      note: 'sfad',
      changedAt: 2026-01-26T08:57:42.297Z,
      actor: [Object]
    },
    {
      status: 'review-rescheduled',
      note: 'fsfsdf',
      changedAt: 2026-01-26T08:57:57.918Z,
      actor: [Object]
    },
    {
      status: 'approved',
      note: '',
      changedAt: 2026-01-26T12:18:12.951Z,
      actor: [Object]
    },
    {
      status: 'review-rescheduled',
      note: 'adada',
      changedAt: 2026-01-26T12:18:27.805Z,
      actor: [Object]
    },
    {
      status: 'approved',
      note: '',
      changedAt: 2026-01-26T14:06:10.826Z,
      actor: [Object]
    },
    {
      status: 'review-rescheduled',
      note: 'safsf',
      changedAt: 2026-01-26T14:14:27.486Z,
      actor: [Object]
    },
    {
      status: 'approved',
      note: '',
      changedAt: 2026-01-26T14:22:50.576Z,
      actor: [Object]
    },
    {
      status: 'review-rescheduled',
      note: 'sdadasd',
      changedAt: 2026-01-26T14:23:16.218Z,
      actor: [Object]
    },
    {
      status: 'approved',
      note: '',
      changedAt: 2026-01-26T14:31:01.478Z,
      actor: [Object]
    },
    {
      status: 'review-rescheduled',
      note: 'fsfsff',
      changedAt: 2026-01-26T14:31:28.593Z,
      actor: [Object]
    },
    {
      status: 'approved',
      note: '',
      changedAt: 2026-01-26T14:34:03.531Z,
      actor: [Object]
    },
    {
      status: 'review-rescheduled',
      note: 'TEST: Stakeholder reschedule',
      changedAt: 2026-01-26T14:48:12.680Z,
      actor: [Object]
    },
    {
      status: 'review-rescheduled',
      note: 'TEST: Stakeholder reschedule',
      changedAt: 2026-01-26T14:50:11.726Z,
      actor: [Object]
    },
    {
      status: 'review-rescheduled',
      note: 'TEST: Stakeholder reschedule',
      changedAt: 2026-01-26T14:51:26.715Z,
      actor: [Object]
    },
    {
      status: 'review-rescheduled',
      note: 'TEST: Stakeholder reschedule',
      changedAt: 2026-01-26T14:51:50.281Z,
      actor: [Object]
    },
    {
      status: 'review-rescheduled',
      note: 'TEST: Stakeholder reschedule',
      changedAt: 2026-01-26T14:52:28.907Z,
      actor: [Object]
    },
    {
      status: 'review-rescheduled',
      note: 'TEST: Stakeholder reschedule',
      changedAt: 2026-01-26T14:53:05.162Z,
      actor: [Object]
    },
    {
      status: 'review-rescheduled',
      note: 'TEST: Stakeholder reschedule',
      changedAt: 2026-01-26T14:54:19.622Z,
      actor: [Object]
    },
    {
      status: 'review-rescheduled',
      note: 'TEST: Stakeholder reschedule',
      changedAt: 2026-01-26T14:55:18.209Z,
      actor: [Object]
    },
    {
      status: 'review-rescheduled',
      note: 'TEST: Stakeholder reschedule',
      changedAt: 2026-01-26T14:55:57.689Z,
      actor: [Object]
    },
    {
      status: 'review-rescheduled',
      note: 'TEST: Stakeholder reschedule',
      changedAt: 2026-01-26T14:56:31.951Z,
      actor: [Object]
    },
    {
      status: 'review-rescheduled',
      note: 'TEST: Stakeholder reschedule',
      changedAt: 2026-01-26T14:56:51.477Z,
      actor: [Object]
    },
    {
      status: 'review-rescheduled',
      note: 'TEST: Stakeholder reschedule',
      changedAt: 2026-01-26T14:57:11.920Z,
      actor: [Object]
    },
    {
      status: 'review-rescheduled',
      note: 'TEST: Stakeholder reschedule',
      changedAt: 2026-01-26T14:57:42.111Z,
      actor: [Object]
    },
    {
      status: 'review-rescheduled',
      note: 'TEST: Stakeholder reschedule',
      changedAt: 2026-01-26T14:59:34.016Z,
      actor: [Object]
    },
    {
      status: 'review-rescheduled',
      note: 'TEST: Stakeholder reschedule',
      changedAt: 2026-01-26T15:00:55.561Z,
      actor: [Object]
    },
    {
      status: 'review-rescheduled',
      note: 'TEST: Stakeholder reschedule',
      changedAt: 2026-01-26T15:02:12.281Z,
      actor: [Object]
    },
    {
      status: 'review-rescheduled',
      note: 'TEST: Stakeholder reschedule',
      changedAt: 2026-01-26T15:02:27.668Z,
      actor: [Object]
    }
  ],
  decisionHistory: [
    {
      type: 'accept',
      notes: '',
      decidedAt: 2026-01-26T08:48:28.615Z,
      actor: [Object]
    },
    {
      payload: [Object],
      type: 'reschedule',
      notes: 'sdfsdf',
      decidedAt: 2026-01-26T08:50:17.339Z,
      actor: [Object]
    },
    {
      type: 'accept',
      notes: '',
      decidedAt: 2026-01-26T08:51:09.344Z,
      actor: [Object]
    },
    {
      payload: [Object],
      type: 'reschedule',
      notes: 'fdsfsd',
      decidedAt: 2026-01-26T08:51:55.810Z,
      actor: [Object]
    },
    {
      type: 'accept',
      notes: '',
      decidedAt: 2026-01-26T08:52:10.186Z,
      actor: [Object]
    },
    {
      payload: [Object],
      type: 'reschedule',
      notes: 'dadsad',
      decidedAt: 2026-01-26T08:52:36.045Z,
      actor: [Object]
    },
    {
      type: 'accept',
      notes: '',
      decidedAt: 2026-01-26T08:52:45.106Z,
      actor: [Object]
    },
    {
      payload: [Object],
      type: 'reschedule',
      notes: 'xdfsfsfd',
      decidedAt: 2026-01-26T08:53:14.878Z,
      actor: [Object]
    },
    {
      payload: [Object],
      type: 'reschedule',
      notes: 'sdsfdsf',
      decidedAt: 2026-01-26T08:53:27.484Z,
      actor: [Object]
    },
    {
      type: 'accept',
      notes: '',
      decidedAt: 2026-01-26T08:55:11.872Z,
      actor: [Object]
    },
    {
      payload: [Object],
      type: 'reschedule',
      notes: 'dfsad',
      decidedAt: 2026-01-26T08:55:19.850Z,
      actor: [Object]
    },
    {
      type: 'accept',
      notes: '',
      decidedAt: 2026-01-26T08:55:28.606Z,
      actor: [Object]
    },
    {
      payload: [Object],
      type: 'reschedule',
      notes: 'faf',
      decidedAt: 2026-01-26T08:55:36.624Z,
      actor: [Object]
    },
    {
      type: 'accept',
      notes: '',
      decidedAt: 2026-01-26T08:55:56.553Z,
      actor: [Object]
    },
    {
      payload: [Object],
      type: 'reschedule',
      notes: 'dfsf',
      decidedAt: 2026-01-26T08:57:16.240Z,
      actor: [Object]
    },
    {
      payload: [Object],
      type: 'reschedule',
      notes: 'sfad',
      decidedAt: 2026-01-26T08:57:42.296Z,
      actor: [Object]
    },
    {
      payload: [Object],
      type: 'reschedule',
      notes: 'fsfsdf',
      decidedAt: 2026-01-26T08:57:57.916Z,
      actor: [Object]
    },
    {
      type: 'accept',
      notes: '',
      decidedAt: 2026-01-26T12:18:12.951Z,
      actor: [Object]
    },
    {
      payload: [Object],
      type: 'reschedule',
      notes: 'adada',
      decidedAt: 2026-01-26T12:18:27.804Z,
      actor: [Object]
    },
    {
      type: 'accept',
      notes: '',
      decidedAt: 2026-01-26T14:06:10.823Z,
      actor: [Object]
    },
    {
      payload: [Object],
      type: 'reschedule',
      notes: 'safsf',
      decidedAt: 2026-01-26T14:14:27.481Z,
      actor: [Object]
    },
    {
      type: 'accept',
      notes: '',
      decidedAt: 2026-01-26T14:22:50.571Z,
      actor: [Object]
    },
    {
      payload: [Object],
      type: 'reschedule',
      notes: 'sdadasd',
      decidedAt: 2026-01-26T14:23:16.217Z,
      actor: [Object]
    },
    {
      type: 'accept',
      notes: '',
      decidedAt: 2026-01-26T14:31:01.466Z,
      actor: [Object]
    },
    {
      payload: [Object],
      type: 'reschedule',
      notes: 'fsfsff',
      decidedAt: 2026-01-26T14:31:28.591Z,
      actor: [Object]
    },
    {
      type: 'accept',
      notes: '',
      decidedAt: 2026-01-26T14:34:03.518Z,
      actor: [Object]
    },
    {
      payload: [Object],
      type: 'reschedule',
      notes: 'TEST: Stakeholder reschedule',
      decidedAt: 2026-01-26T14:48:12.682Z,
      actor: [Object]
    },
    {
      payload: [Object],
      type: 'reschedule',
      notes: 'TEST: Stakeholder reschedule',
      decidedAt: 2026-01-26T14:50:11.727Z,
      actor: [Object]
    },
    {
      payload: [Object],
      type: 'reschedule',
      notes: 'TEST: Stakeholder reschedule',
      decidedAt: 2026-01-26T14:51:26.717Z,
      actor: [Object]
    },
    {
      payload: [Object],
      type: 'reschedule',
      notes: 'TEST: Stakeholder reschedule',
      decidedAt: 2026-01-26T14:51:50.282Z,
      actor: [Object]
    },
    {
      payload: [Object],
      type: 'reschedule',
      notes: 'TEST: Stakeholder reschedule',
      decidedAt: 2026-01-26T14:52:28.910Z,
      actor: [Object]
    },
    {
      payload: [Object],
      type: 'reschedule',
      notes: 'TEST: Stakeholder reschedule',
      decidedAt: 2026-01-26T14:53:05.163Z,
      actor: [Object]
    },
    {
      payload: [Object],
      type: 'reschedule',
      notes: 'TEST: Stakeholder reschedule',
      decidedAt: 2026-01-26T14:54:19.623Z,
      actor: [Object]
    },
    {
      payload: [Object],
      type: 'reschedule',
      notes: 'TEST: Stakeholder reschedule',
      decidedAt: 2026-01-26T14:55:18.210Z,
      actor: [Object]
    },
    {
      payload: [Object],
      type: 'reschedule',
      notes: 'TEST: Stakeholder reschedule',
      decidedAt: 2026-01-26T14:55:57.691Z,
      actor: [Object]
    },
    {
      payload: [Object],
      type: 'reschedule',
      notes: 'TEST: Stakeholder reschedule',
      decidedAt: 2026-01-26T14:56:31.952Z,
      actor: [Object]
    },
    {
      payload: [Object],
      type: 'reschedule',
      notes: 'TEST: Stakeholder reschedule',
      decidedAt: 2026-01-26T14:56:51.477Z,
      actor: [Object]
    },
    {
      payload: [Object],
      type: 'reschedule',
      notes: 'TEST: Stakeholder reschedule',
      decidedAt: 2026-01-26T14:57:11.921Z,
      actor: [Object]
    },
    {
      payload: [Object],
      type: 'reschedule',
      notes: 'TEST: Stakeholder reschedule',
      decidedAt: 2026-01-26T14:57:42.112Z,
      actor: [Object]
    },
    {
      payload: [Object],
      type: 'reschedule',
      notes: 'TEST: Stakeholder reschedule',
      decidedAt: 2026-01-26T14:59:34.017Z,
      actor: [Object]
    },
    {
      payload: [Object],
      type: 'reschedule',
      notes: 'TEST: Stakeholder reschedule',
      decidedAt: 2026-01-26T15:00:55.562Z,
      actor: [Object]
    },
    {
      payload: [Object],
      type: 'reschedule',
      notes: 'TEST: Stakeholder reschedule',
      decidedAt: 2026-01-26T15:02:12.283Z,
      actor: [Object]
    },
    {
      type: 'reschedule',
      notes: 'TEST: Stakeholder reschedule',
      decidedAt: 2026-01-26T15:02:27.669Z,
      actor: [Object],
      payload: [Object]
    }
  ],
  createdAt: 2026-01-26T08:48:11.953Z,
  updatedAt: 2026-01-26T15:02:27.682Z,
  __v: 43,
  Event_ID: 'EVENT_1769417308691_kcbtt1kke',
  eventId: new ObjectId('69772a5c50e75fb8b97bbb57')
}' is not valid for request in state 'undefined'

  Testing action: view
[31m  Γ£ù view: DENIED[0m
    Reason: Action '{
  requester: {
    userId: new ObjectId('697184d66d0127f028ac2ee4'),
    name: 'testing cam sur 2',
    roleSnapshot: 'stakeholder',
    authoritySnapshot: 30
  },
  claimedBy: { claimedAt: 2026-01-26T08:48:11.953Z },
  latestAction: { timestamp: 2026-01-26T08:48:11.953Z },
  activeResponder: {
    userId: new ObjectId('697711a3dbbebe7c7c6cb7a8'),
    relationship: 'reviewer',
    authority: null
  },
  lastAction: {
    action: 'reschedule',
    actorId: new ObjectId('697184d66d0127f028ac2ee4'),
    timestamp: 2026-01-26T15:02:27.667Z
  },
  _id: new ObjectId('69772a4b50e75fb8b97bba76'),
  Request_ID: 'REQ-1769417291951-3940',
  reviewer: {
    userId: new ObjectId('697711a3dbbebe7c7c6cb7a8'),
    name: 'UNITE Dev',
    roleSnapshot: 'coordinator',
    assignedAt: 2026-01-26T08:48:11.921Z,
    autoAssigned: false,
    assignmentRule: 'manual'
  },
  municipalityId: new ObjectId('6960871e3f2b9335d7bc99bf'),
  district: new ObjectId('6960871e3f2b9335d7bc99bb'),
  province: new ObjectId('696086f13f2b9335d7bc9685'),
  Event_Title: 'test #5',
  Location: 'test',
  Date: 2026-02-24T00:00:00.000Z,
  Category: 'BloodDrive',
  Target_Donation: 100,
  status: 'review-rescheduled',
  rescheduleProposal: {
    proposedDate: 2026-04-01T00:00:00.000Z,
    reviewerNotes: 'TEST: Stakeholder reschedule proposal',
    proposedAt: 2026-01-26T15:02:27.665Z,
    proposedBy: {
      userId: new ObjectId('697184d66d0127f028ac2ee4'),
      name: 'testing cam sur 2',
      roleSnapshot: 'stakeholder',
      authoritySnapshot: 30
    }
  },
  validCoordinators: [
    {
      userId: new ObjectId('6970448c6d0127f028ab5474'),
      name: 'Ben Carlo Valiente',
      organizationType: null,
      isActive: true,
      discoveredAt: 2026-01-26T08:48:12.658Z,
      _id: new ObjectId('69772a4d50e75fb8b97bbaa6')
    },
    {
      userId: new ObjectId('6970784d6d0127f028ab85c6'),
      name: 'David Jaque',
      organizationType: null,
      isActive: true,
      discoveredAt: 2026-01-26T08:48:12.890Z,
      _id: new ObjectId('69772a4d50e75fb8b97bbaa7')
    },
    {
      userId: new ObjectId('697711a3dbbebe7c7c6cb7a8'),
      name: 'UNITE Dev',
      organizationType: null,
      isActive: true,
      discoveredAt: 2026-01-26T08:48:12.993Z,
      _id: new ObjectId('69772a4d50e75fb8b97bbaa8')
    },
    {
      userId: new ObjectId('69771226dbbebe7c7c6cc1dc'),
      name: 'UNITE Dis 2 Dev',
      organizationType: null,
      isActive: true,
      discoveredAt: 2026-01-26T08:48:13.091Z,
      _id: new ObjectId('69772a4d50e75fb8b97bbaa9')
    },
    {
      userId: new ObjectId('696088303f2b9335d7bcadce'),
      name: 'Admin User',
      organizationType: null,
      isActive: true,
      discoveredAt: 2026-01-26T08:48:13.121Z,
      _id: new ObjectId('69772a4d50e75fb8b97bbaaa')
    }
  ],
  statusHistory: [
    {
      status: 'pending-review',
      note: 'Request created',
      changedAt: 2026-01-26T08:48:11.953Z,
      actor: [Object]
    },
    {
      status: 'approved',
      note: '',
      changedAt: 2026-01-26T08:48:28.616Z,
      actor: [Object]
    },
    {
      status: 'review-rescheduled',
      note: 'sdfsdf',
      changedAt: 2026-01-26T08:50:17.343Z,
      actor: [Object]
    },
    {
      status: 'approved',
      note: '',
      changedAt: 2026-01-26T08:51:09.345Z,
      actor: [Object]
    },
    {
      status: 'review-rescheduled',
      note: 'fdsfsd',
      changedAt: 2026-01-26T08:51:55.811Z,
      actor: [Object]
    },
    {
      status: 'approved',
      note: '',
      changedAt: 2026-01-26T08:52:10.186Z,
      actor: [Object]
    },
    {
      status: 'review-rescheduled',
      note: 'dadsad',
      changedAt: 2026-01-26T08:52:36.046Z,
      actor: [Object]
    },
    {
      status: 'approved',
      note: '',
      changedAt: 2026-01-26T08:52:45.107Z,
      actor: [Object]
    },
    {
      status: 'review-rescheduled',
      note: 'xdfsfsfd',
      changedAt: 2026-01-26T08:53:14.878Z,
      actor: [Object]
    },
    {
      status: 'review-rescheduled',
      note: 'sdsfdsf',
      changedAt: 2026-01-26T08:53:27.484Z,
      actor: [Object]
    },
    {
      status: 'approved',
      note: '',
      changedAt: 2026-01-26T08:55:11.874Z,
      actor: [Object]
    },
    {
      status: 'review-rescheduled',
      note: 'dfsad',
      changedAt: 2026-01-26T08:55:19.851Z,
      actor: [Object]
    },
    {
      status: 'approved',
      note: '',
      changedAt: 2026-01-26T08:55:28.606Z,
      actor: [Object]
    },
    {
      status: 'review-rescheduled',
      note: 'faf',
      changedAt: 2026-01-26T08:55:36.625Z,
      actor: [Object]
    },
    {
      status: 'approved',
      note: '',
      changedAt: 2026-01-26T08:55:56.554Z,
      actor: [Object]
    },
    {
      status: 'review-rescheduled',
      note: 'dfsf',
      changedAt: 2026-01-26T08:57:16.242Z,
      actor: [Object]
    },
    {
      status: 'review-rescheduled',
      note: 'sfad',
      changedAt: 2026-01-26T08:57:42.297Z,
      actor: [Object]
    },
    {
      status: 'review-rescheduled',
      note: 'fsfsdf',
      changedAt: 2026-01-26T08:57:57.918Z,
      actor: [Object]
    },
    {
      status: 'approved',
      note: '',
      changedAt: 2026-01-26T12:18:12.951Z,
      actor: [Object]
    },
    {
      status: 'review-rescheduled',
      note: 'adada',
      changedAt: 2026-01-26T12:18:27.805Z,
      actor: [Object]
    },
    {
      status: 'approved',
      note: '',
      changedAt: 2026-01-26T14:06:10.826Z,
      actor: [Object]
    },
    {
      status: 'review-rescheduled',
      note: 'safsf',
      changedAt: 2026-01-26T14:14:27.486Z,
      actor: [Object]
    },
    {
      status: 'approved',
      note: '',
      changedAt: 2026-01-26T14:22:50.576Z,
      actor: [Object]
    },
    {
      status: 'review-rescheduled',
      note: 'sdadasd',
      changedAt: 2026-01-26T14:23:16.218Z,
      actor: [Object]
    },
    {
      status: 'approved',
      note: '',
      changedAt: 2026-01-26T14:31:01.478Z,
      actor: [Object]
    },
    {
      status: 'review-rescheduled',
      note: 'fsfsff',
      changedAt: 2026-01-26T14:31:28.593Z,
      actor: [Object]
    },
    {
      status: 'approved',
      note: '',
      changedAt: 2026-01-26T14:34:03.531Z,
      actor: [Object]
    },
    {
      status: 'review-rescheduled',
      note: 'TEST: Stakeholder reschedule',
      changedAt: 2026-01-26T14:48:12.680Z,
      actor: [Object]
    },
    {
      status: 'review-rescheduled',
      note: 'TEST: Stakeholder reschedule',
      changedAt: 2026-01-26T14:50:11.726Z,
      actor: [Object]
    },
    {
      status: 'review-rescheduled',
      note: 'TEST: Stakeholder reschedule',
      changedAt: 2026-01-26T14:51:26.715Z,
      actor: [Object]
    },
    {
      status: 'review-rescheduled',
      note: 'TEST: Stakeholder reschedule',
      changedAt: 2026-01-26T14:51:50.281Z,
      actor: [Object]
    },
    {
      status: 'review-rescheduled',
      note: 'TEST: Stakeholder reschedule',
      changedAt: 2026-01-26T14:52:28.907Z,
      actor: [Object]
    },
    {
      status: 'review-rescheduled',
      note: 'TEST: Stakeholder reschedule',
      changedAt: 2026-01-26T14:53:05.162Z,
      actor: [Object]
    },
    {
      status: 'review-rescheduled',
      note: 'TEST: Stakeholder reschedule',
      changedAt: 2026-01-26T14:54:19.622Z,
      actor: [Object]
    },
    {
      status: 'review-rescheduled',
      note: 'TEST: Stakeholder reschedule',
      changedAt: 2026-01-26T14:55:18.209Z,
      actor: [Object]
    },
    {
      status: 'review-rescheduled',
      note: 'TEST: Stakeholder reschedule',
      changedAt: 2026-01-26T14:55:57.689Z,
      actor: [Object]
    },
    {
      status: 'review-rescheduled',
      note: 'TEST: Stakeholder reschedule',
      changedAt: 2026-01-26T14:56:31.951Z,
      actor: [Object]
    },
    {
      status: 'review-rescheduled',
      note: 'TEST: Stakeholder reschedule',
      changedAt: 2026-01-26T14:56:51.477Z,
      actor: [Object]
    },
    {
      status: 'review-rescheduled',
      note: 'TEST: Stakeholder reschedule',
      changedAt: 2026-01-26T14:57:11.920Z,
      actor: [Object]
    },
    {
      status: 'review-rescheduled',
      note: 'TEST: Stakeholder reschedule',
      changedAt: 2026-01-26T14:57:42.111Z,
      actor: [Object]
    },
    {
      status: 'review-rescheduled',
      note: 'TEST: Stakeholder reschedule',
      changedAt: 2026-01-26T14:59:34.016Z,
      actor: [Object]
    },
    {
      status: 'review-rescheduled',
      note: 'TEST: Stakeholder reschedule',
      changedAt: 2026-01-26T15:00:55.561Z,
      actor: [Object]
    },
    {
      status: 'review-rescheduled',
      note: 'TEST: Stakeholder reschedule',
      changedAt: 2026-01-26T15:02:12.281Z,
      actor: [Object]
    },
    {
      status: 'review-rescheduled',
      note: 'TEST: Stakeholder reschedule',
      changedAt: 2026-01-26T15:02:27.668Z,
      actor: [Object]
    }
  ],
  decisionHistory: [
    {
      type: 'accept',
      notes: '',
      decidedAt: 2026-01-26T08:48:28.615Z,
      actor: [Object]
    },
    {
      payload: [Object],
      type: 'reschedule',
      notes: 'sdfsdf',
      decidedAt: 2026-01-26T08:50:17.339Z,
      actor: [Object]
    },
    {
      type: 'accept',
      notes: '',
      decidedAt: 2026-01-26T08:51:09.344Z,
      actor: [Object]
    },
    {
      payload: [Object],
      type: 'reschedule',
      notes: 'fdsfsd',
      decidedAt: 2026-01-26T08:51:55.810Z,
      actor: [Object]
    },
    {
      type: 'accept',
      notes: '',
      decidedAt: 2026-01-26T08:52:10.186Z,
      actor: [Object]
    },
    {
      payload: [Object],
      type: 'reschedule',
      notes: 'dadsad',
      decidedAt: 2026-01-26T08:52:36.045Z,
      actor: [Object]
    },
    {
      type: 'accept',
      notes: '',
      decidedAt: 2026-01-26T08:52:45.106Z,
      actor: [Object]
    },
    {
      payload: [Object],
      type: 'reschedule',
      notes: 'xdfsfsfd',
      decidedAt: 2026-01-26T08:53:14.878Z,
      actor: [Object]
    },
    {
      payload: [Object],
      type: 'reschedule',
      notes: 'sdsfdsf',
      decidedAt: 2026-01-26T08:53:27.484Z,
      actor: [Object]
    },
    {
      type: 'accept',
      notes: '',
      decidedAt: 2026-01-26T08:55:11.872Z,
      actor: [Object]
    },
    {
      payload: [Object],
      type: 'reschedule',
      notes: 'dfsad',
      decidedAt: 2026-01-26T08:55:19.850Z,
      actor: [Object]
    },
    {
      type: 'accept',
      notes: '',
      decidedAt: 2026-01-26T08:55:28.606Z,
      actor: [Object]
    },
    {
      payload: [Object],
      type: 'reschedule',
      notes: 'faf',
      decidedAt: 2026-01-26T08:55:36.624Z,
      actor: [Object]
    },
    {
      type: 'accept',
      notes: '',
      decidedAt: 2026-01-26T08:55:56.553Z,
      actor: [Object]
    },
    {
      payload: [Object],
      type: 'reschedule',
      notes: 'dfsf',
      decidedAt: 2026-01-26T08:57:16.240Z,
      actor: [Object]
    },
    {
      payload: [Object],
      type: 'reschedule',
      notes: 'sfad',
      decidedAt: 2026-01-26T08:57:42.296Z,
      actor: [Object]
    },
    {
      payload: [Object],
      type: 'reschedule',
      notes: 'fsfsdf',
      decidedAt: 2026-01-26T08:57:57.916Z,
      actor: [Object]
    },
    {
      type: 'accept',
      notes: '',
      decidedAt: 2026-01-26T12:18:12.951Z,
      actor: [Object]
    },
    {
      payload: [Object],
      type: 'reschedule',
      notes: 'adada',
      decidedAt: 2026-01-26T12:18:27.804Z,
      actor: [Object]
    },
    {
      type: 'accept',
      notes: '',
      decidedAt: 2026-01-26T14:06:10.823Z,
      actor: [Object]
    },
    {
      payload: [Object],
      type: 'reschedule',
      notes: 'safsf',
      decidedAt: 2026-01-26T14:14:27.481Z,
      actor: [Object]
    },
    {
      type: 'accept',
      notes: '',
      decidedAt: 2026-01-26T14:22:50.571Z,
      actor: [Object]
    },
    {
      payload: [Object],
      type: 'reschedule',
      notes: 'sdadasd',
      decidedAt: 2026-01-26T14:23:16.217Z,
      actor: [Object]
    },
    {
      type: 'accept',
      notes: '',
      decidedAt: 2026-01-26T14:31:01.466Z,
      actor: [Object]
    },
    {
      payload: [Object],
      type: 'reschedule',
      notes: 'fsfsff',
      decidedAt: 2026-01-26T14:31:28.591Z,
      actor: [Object]
    },
    {
      type: 'accept',
      notes: '',
      decidedAt: 2026-01-26T14:34:03.518Z,
      actor: [Object]
    },
    {
      payload: [Object],
      type: 'reschedule',
      notes: 'TEST: Stakeholder reschedule',
      decidedAt: 2026-01-26T14:48:12.682Z,
      actor: [Object]
    },
    {
      payload: [Object],
      type: 'reschedule',
      notes: 'TEST: Stakeholder reschedule',
      decidedAt: 2026-01-26T14:50:11.727Z,
      actor: [Object]
    },
    {
      payload: [Object],
      type: 'reschedule',
      notes: 'TEST: Stakeholder reschedule',
      decidedAt: 2026-01-26T14:51:26.717Z,
      actor: [Object]
    },
    {
      payload: [Object],
      type: 'reschedule',
      notes: 'TEST: Stakeholder reschedule',
      decidedAt: 2026-01-26T14:51:50.282Z,
      actor: [Object]
    },
    {
      payload: [Object],
      type: 'reschedule',
      notes: 'TEST: Stakeholder reschedule',
      decidedAt: 2026-01-26T14:52:28.910Z,
      actor: [Object]
    },
    {
      payload: [Object],
      type: 'reschedule',
      notes: 'TEST: Stakeholder reschedule',
      decidedAt: 2026-01-26T14:53:05.163Z,
      actor: [Object]
    },
    {
      payload: [Object],
      type: 'reschedule',
      notes: 'TEST: Stakeholder reschedule',
      decidedAt: 2026-01-26T14:54:19.623Z,
      actor: [Object]
    },
    {
      payload: [Object],
      type: 'reschedule',
      notes: 'TEST: Stakeholder reschedule',
      decidedAt: 2026-01-26T14:55:18.210Z,
      actor: [Object]
    },
    {
      payload: [Object],
      type: 'reschedule',
      notes: 'TEST: Stakeholder reschedule',
      decidedAt: 2026-01-26T14:55:57.691Z,
      actor: [Object]
    },
    {
      payload: [Object],
      type: 'reschedule',
      notes: 'TEST: Stakeholder reschedule',
      decidedAt: 2026-01-26T14:56:31.952Z,
      actor: [Object]
    },
    {
      payload: [Object],
      type: 'reschedule',
      notes: 'TEST: Stakeholder reschedule',
      decidedAt: 2026-01-26T14:56:51.477Z,
      actor: [Object]
    },
    {
      payload: [Object],
      type: 'reschedule',
      notes: 'TEST: Stakeholder reschedule',
      decidedAt: 2026-01-26T14:57:11.921Z,
      actor: [Object]
    },
    {
      payload: [Object],
      type: 'reschedule',
      notes: 'TEST: Stakeholder reschedule',
      decidedAt: 2026-01-26T14:57:42.112Z,
      actor: [Object]
    },
    {
      payload: [Object],
      type: 'reschedule',
      notes: 'TEST: Stakeholder reschedule',
      decidedAt: 2026-01-26T14:59:34.017Z,
      actor: [Object]
    },
    {
      payload: [Object],
      type: 'reschedule',
      notes: 'TEST: Stakeholder reschedule',
      decidedAt: 2026-01-26T15:00:55.562Z,
      actor: [Object]
    },
    {
      payload: [Object],
      type: 'reschedule',
      notes: 'TEST: Stakeholder reschedule',
      decidedAt: 2026-01-26T15:02:12.283Z,
      actor: [Object]
    },
    {
      type: 'reschedule',
      notes: 'TEST: Stakeholder reschedule',
      decidedAt: 2026-01-26T15:02:27.669Z,
      actor: [Object],
      payload: [Object]
    }
  ],
  createdAt: 2026-01-26T08:48:11.953Z,
  updatedAt: 2026-01-26T15:02:27.682Z,
  __v: 43,
  Event_ID: 'EVENT_1769417308691_kcbtt1kke',
  eventId: new ObjectId('69772a5c50e75fb8b97bbb57')
}' is not valid for request in state 'undefined'

------------------------------------------------------------
[36mChecking available actions for: UNITE Dis 2 Dev (validCoord)[0m
------------------------------------------------------------
User ID: 69771226dbbebe7c7c6cc1dc
Authority: 60
[33m
ΓåÆ Calling actionValidatorService.getAvailableActions()[0m
  Parameters: {
  userId: '69771226dbbebe7c7c6cc1dc',
  requestId: 'REQ-1769417291951-3940',
  status: 'review-rescheduled',
  locationId: '6960871e3f2b9335d7bc99bb'
}
[ACTION VALIDATOR] getAvailableActions - START {
  requestId: 'REQ-1769417291951-3940',
  userId: '69771226dbbebe7c7c6cc1dc',
  state: 'review-rescheduled',
  normalizedState: 'review-rescheduled',
  validCoordinatorsCount: 5
}
[ACTION VALIDATOR] Valid coordinator check {
  requestId: 'REQ-1769417291951-3940',
  userId: '69771226dbbebe7c7c6cc1dc',
  isValidCoordinator: true,
  state: 'review-rescheduled',
  validCoordinators: [
    '6970448c6d0127f028ab5474',
    '6970784d6d0127f028ab85c6',
    '697711a3dbbebe7c7c6cb7a8',
    '69771226dbbebe7c7c6cc1dc',
    '696088303f2b9335d7bcadce'
  ]
}
[ACTION VALIDATOR] Valid coordinator (69771226dbbebe7c7c6cc1dc) allowed to act on broadcast request REQ-1769417291951-3940 in review-rescheduled state
[ACTION VALIDATOR] Before shouldProceed check {
  requestId: 'REQ-1769417291951-3940',
  userId: '69771226dbbebe7c7c6cc1dc',
  isActiveResponder: true,
  shouldProceed: true,
  normalizedState: 'review-rescheduled'
}
[32m
Γ£ô Available Actions Result:[0m
  Actions: [view]
[33m
ΓåÆ Testing individual action validation:[0m

  Testing action: accept
[31m  Γ£ù accept: DENIED[0m
    Reason: Action '{
  requester: {
    userId: new ObjectId('697184d66d0127f028ac2ee4'),
    name: 'testing cam sur 2',
    roleSnapshot: 'stakeholder',
    authoritySnapshot: 30
  },
  claimedBy: { claimedAt: 2026-01-26T08:48:11.953Z },
  latestAction: { timestamp: 2026-01-26T08:48:11.953Z },
  activeResponder: {
    userId: new ObjectId('697711a3dbbebe7c7c6cb7a8'),
    relationship: 'reviewer',
    authority: null
  },
  lastAction: {
    action: 'reschedule',
    actorId: new ObjectId('697184d66d0127f028ac2ee4'),
    timestamp: 2026-01-26T15:02:27.667Z
  },
  _id: new ObjectId('69772a4b50e75fb8b97bba76'),
  Request_ID: 'REQ-1769417291951-3940',
  reviewer: {
    userId: new ObjectId('697711a3dbbebe7c7c6cb7a8'),
    name: 'UNITE Dev',
    roleSnapshot: 'coordinator',
    assignedAt: 2026-01-26T08:48:11.921Z,
    autoAssigned: false,
    assignmentRule: 'manual'
  },
  municipalityId: new ObjectId('6960871e3f2b9335d7bc99bf'),
  district: new ObjectId('6960871e3f2b9335d7bc99bb'),
  province: new ObjectId('696086f13f2b9335d7bc9685'),
  Event_Title: 'test #5',
  Location: 'test',
  Date: 2026-02-24T00:00:00.000Z,
  Category: 'BloodDrive',
  Target_Donation: 100,
  status: 'review-rescheduled',
  rescheduleProposal: {
    proposedDate: 2026-04-01T00:00:00.000Z,
    reviewerNotes: 'TEST: Stakeholder reschedule proposal',
    proposedAt: 2026-01-26T15:02:27.665Z,
    proposedBy: {
      userId: new ObjectId('697184d66d0127f028ac2ee4'),
      name: 'testing cam sur 2',
      roleSnapshot: 'stakeholder',
      authoritySnapshot: 30
    }
  },
  validCoordinators: [
    {
      userId: new ObjectId('6970448c6d0127f028ab5474'),
      name: 'Ben Carlo Valiente',
      organizationType: null,
      isActive: true,
      discoveredAt: 2026-01-26T08:48:12.658Z,
      _id: new ObjectId('69772a4d50e75fb8b97bbaa6')
    },
    {
      userId: new ObjectId('6970784d6d0127f028ab85c6'),
      name: 'David Jaque',
      organizationType: null,
      isActive: true,
      discoveredAt: 2026-01-26T08:48:12.890Z,
      _id: new ObjectId('69772a4d50e75fb8b97bbaa7')
    },
    {
      userId: new ObjectId('697711a3dbbebe7c7c6cb7a8'),
      name: 'UNITE Dev',
      organizationType: null,
      isActive: true,
      discoveredAt: 2026-01-26T08:48:12.993Z,
      _id: new ObjectId('69772a4d50e75fb8b97bbaa8')
    },
    {
      userId: new ObjectId('69771226dbbebe7c7c6cc1dc'),
      name: 'UNITE Dis 2 Dev',
      organizationType: null,
      isActive: true,
      discoveredAt: 2026-01-26T08:48:13.091Z,
      _id: new ObjectId('69772a4d50e75fb8b97bbaa9')
    },
    {
      userId: new ObjectId('696088303f2b9335d7bcadce'),
      name: 'Admin User',
      organizationType: null,
      isActive: true,
      discoveredAt: 2026-01-26T08:48:13.121Z,
      _id: new ObjectId('69772a4d50e75fb8b97bbaaa')
    }
  ],
  statusHistory: [
    {
      status: 'pending-review',
      note: 'Request created',
      changedAt: 2026-01-26T08:48:11.953Z,
      actor: [Object]
    },
    {
      status: 'approved',
      note: '',
      changedAt: 2026-01-26T08:48:28.616Z,
      actor: [Object]
    },
    {
      status: 'review-rescheduled',
      note: 'sdfsdf',
      changedAt: 2026-01-26T08:50:17.343Z,
      actor: [Object]
    },
    {
      status: 'approved',
      note: '',
      changedAt: 2026-01-26T08:51:09.345Z,
      actor: [Object]
    },
    {
      status: 'review-rescheduled',
      note: 'fdsfsd',
      changedAt: 2026-01-26T08:51:55.811Z,
      actor: [Object]
    },
    {
      status: 'approved',
      note: '',
      changedAt: 2026-01-26T08:52:10.186Z,
      actor: [Object]
    },
    {
      status: 'review-rescheduled',
      note: 'dadsad',
      changedAt: 2026-01-26T08:52:36.046Z,
      actor: [Object]
    },
    {
      status: 'approved',
      note: '',
      changedAt: 2026-01-26T08:52:45.107Z,
      actor: [Object]
    },
    {
      status: 'review-rescheduled',
      note: 'xdfsfsfd',
      changedAt: 2026-01-26T08:53:14.878Z,
      actor: [Object]
    },
    {
      status: 'review-rescheduled',
      note: 'sdsfdsf',
      changedAt: 2026-01-26T08:53:27.484Z,
      actor: [Object]
    },
    {
      status: 'approved',
      note: '',
      changedAt: 2026-01-26T08:55:11.874Z,
      actor: [Object]
    },
    {
      status: 'review-rescheduled',
      note: 'dfsad',
      changedAt: 2026-01-26T08:55:19.851Z,
      actor: [Object]
    },
    {
      status: 'approved',
      note: '',
      changedAt: 2026-01-26T08:55:28.606Z,
      actor: [Object]
    },
    {
      status: 'review-rescheduled',
      note: 'faf',
      changedAt: 2026-01-26T08:55:36.625Z,
      actor: [Object]
    },
    {
      status: 'approved',
      note: '',
      changedAt: 2026-01-26T08:55:56.554Z,
      actor: [Object]
    },
    {
      status: 'review-rescheduled',
      note: 'dfsf',
      changedAt: 2026-01-26T08:57:16.242Z,
      actor: [Object]
    },
    {
      status: 'review-rescheduled',
      note: 'sfad',
      changedAt: 2026-01-26T08:57:42.297Z,
      actor: [Object]
    },
    {
      status: 'review-rescheduled',
      note: 'fsfsdf',
      changedAt: 2026-01-26T08:57:57.918Z,
      actor: [Object]
    },
    {
      status: 'approved',
      note: '',
      changedAt: 2026-01-26T12:18:12.951Z,
      actor: [Object]
    },
    {
      status: 'review-rescheduled',
      note: 'adada',
      changedAt: 2026-01-26T12:18:27.805Z,
      actor: [Object]
    },
    {
      status: 'approved',
      note: '',
      changedAt: 2026-01-26T14:06:10.826Z,
      actor: [Object]
    },
    {
      status: 'review-rescheduled',
      note: 'safsf',
      changedAt: 2026-01-26T14:14:27.486Z,
      actor: [Object]
    },
    {
      status: 'approved',
      note: '',
      changedAt: 2026-01-26T14:22:50.576Z,
      actor: [Object]
    },
    {
      status: 'review-rescheduled',
      note: 'sdadasd',
      changedAt: 2026-01-26T14:23:16.218Z,
      actor: [Object]
    },
    {
      status: 'approved',
      note: '',
      changedAt: 2026-01-26T14:31:01.478Z,
      actor: [Object]
    },
    {
      status: 'review-rescheduled',
      note: 'fsfsff',
      changedAt: 2026-01-26T14:31:28.593Z,
      actor: [Object]
    },
    {
      status: 'approved',
      note: '',
      changedAt: 2026-01-26T14:34:03.531Z,
      actor: [Object]
    },
    {
      status: 'review-rescheduled',
      note: 'TEST: Stakeholder reschedule',
      changedAt: 2026-01-26T14:48:12.680Z,
      actor: [Object]
    },
    {
      status: 'review-rescheduled',
      note: 'TEST: Stakeholder reschedule',
      changedAt: 2026-01-26T14:50:11.726Z,
      actor: [Object]
    },
    {
      status: 'review-rescheduled',
      note: 'TEST: Stakeholder reschedule',
      changedAt: 2026-01-26T14:51:26.715Z,
      actor: [Object]
    },
    {
      status: 'review-rescheduled',
      note: 'TEST: Stakeholder reschedule',
      changedAt: 2026-01-26T14:51:50.281Z,
      actor: [Object]
    },
    {
      status: 'review-rescheduled',
      note: 'TEST: Stakeholder reschedule',
      changedAt: 2026-01-26T14:52:28.907Z,
      actor: [Object]
    },
    {
      status: 'review-rescheduled',
      note: 'TEST: Stakeholder reschedule',
      changedAt: 2026-01-26T14:53:05.162Z,
      actor: [Object]
    },
    {
      status: 'review-rescheduled',
      note: 'TEST: Stakeholder reschedule',
      changedAt: 2026-01-26T14:54:19.622Z,
      actor: [Object]
    },
    {
      status: 'review-rescheduled',
      note: 'TEST: Stakeholder reschedule',
      changedAt: 2026-01-26T14:55:18.209Z,
      actor: [Object]
    },
    {
      status: 'review-rescheduled',
      note: 'TEST: Stakeholder reschedule',
      changedAt: 2026-01-26T14:55:57.689Z,
      actor: [Object]
    },
    {
      status: 'review-rescheduled',
      note: 'TEST: Stakeholder reschedule',
      changedAt: 2026-01-26T14:56:31.951Z,
      actor: [Object]
    },
    {
      status: 'review-rescheduled',
      note: 'TEST: Stakeholder reschedule',
      changedAt: 2026-01-26T14:56:51.477Z,
      actor: [Object]
    },
    {
      status: 'review-rescheduled',
      note: 'TEST: Stakeholder reschedule',
      changedAt: 2026-01-26T14:57:11.920Z,
      actor: [Object]
    },
    {
      status: 'review-rescheduled',
      note: 'TEST: Stakeholder reschedule',
      changedAt: 2026-01-26T14:57:42.111Z,
      actor: [Object]
    },
    {
      status: 'review-rescheduled',
      note: 'TEST: Stakeholder reschedule',
      changedAt: 2026-01-26T14:59:34.016Z,
      actor: [Object]
    },
    {
      status: 'review-rescheduled',
      note: 'TEST: Stakeholder reschedule',
      changedAt: 2026-01-26T15:00:55.561Z,
      actor: [Object]
    },
    {
      status: 'review-rescheduled',
      note: 'TEST: Stakeholder reschedule',
      changedAt: 2026-01-26T15:02:12.281Z,
      actor: [Object]
    },
    {
      status: 'review-rescheduled',
      note: 'TEST: Stakeholder reschedule',
      changedAt: 2026-01-26T15:02:27.668Z,
      actor: [Object]
    }
  ],
  decisionHistory: [
    {
      type: 'accept',
      notes: '',
      decidedAt: 2026-01-26T08:48:28.615Z,
      actor: [Object]
    },
    {
      payload: [Object],
      type: 'reschedule',
      notes: 'sdfsdf',
      decidedAt: 2026-01-26T08:50:17.339Z,
      actor: [Object]
    },
    {
      type: 'accept',
      notes: '',
      decidedAt: 2026-01-26T08:51:09.344Z,
      actor: [Object]
    },
    {
      payload: [Object],
      type: 'reschedule',
      notes: 'fdsfsd',
      decidedAt: 2026-01-26T08:51:55.810Z,
      actor: [Object]
    },
    {
      type: 'accept',
      notes: '',
      decidedAt: 2026-01-26T08:52:10.186Z,
      actor: [Object]
    },
    {
      payload: [Object],
      type: 'reschedule',
      notes: 'dadsad',
      decidedAt: 2026-01-26T08:52:36.045Z,
      actor: [Object]
    },
    {
      type: 'accept',
      notes: '',
      decidedAt: 2026-01-26T08:52:45.106Z,
      actor: [Object]
    },
    {
      payload: [Object],
      type: 'reschedule',
      notes: 'xdfsfsfd',
      decidedAt: 2026-01-26T08:53:14.878Z,
      actor: [Object]
    },
    {
      payload: [Object],
      type: 'reschedule',
      notes: 'sdsfdsf',
      decidedAt: 2026-01-26T08:53:27.484Z,
      actor: [Object]
    },
    {
      type: 'accept',
      notes: '',
      decidedAt: 2026-01-26T08:55:11.872Z,
      actor: [Object]
    },
    {
      payload: [Object],
      type: 'reschedule',
      notes: 'dfsad',
      decidedAt: 2026-01-26T08:55:19.850Z,
      actor: [Object]
    },
    {
      type: 'accept',
      notes: '',
      decidedAt: 2026-01-26T08:55:28.606Z,
      actor: [Object]
    },
    {
      payload: [Object],
      type: 'reschedule',
      notes: 'faf',
      decidedAt: 2026-01-26T08:55:36.624Z,
      actor: [Object]
    },
    {
      type: 'accept',
      notes: '',
      decidedAt: 2026-01-26T08:55:56.553Z,
      actor: [Object]
    },
    {
      payload: [Object],
      type: 'reschedule',
      notes: 'dfsf',
      decidedAt: 2026-01-26T08:57:16.240Z,
      actor: [Object]
    },
    {
      payload: [Object],
      type: 'reschedule',
      notes: 'sfad',
      decidedAt: 2026-01-26T08:57:42.296Z,
      actor: [Object]
    },
    {
      payload: [Object],
      type: 'reschedule',
      notes: 'fsfsdf',
      decidedAt: 2026-01-26T08:57:57.916Z,
      actor: [Object]
    },
    {
      type: 'accept',
      notes: '',
      decidedAt: 2026-01-26T12:18:12.951Z,
      actor: [Object]
    },
    {
      payload: [Object],
      type: 'reschedule',
      notes: 'adada',
      decidedAt: 2026-01-26T12:18:27.804Z,
      actor: [Object]
    },
    {
      type: 'accept',
      notes: '',
      decidedAt: 2026-01-26T14:06:10.823Z,
      actor: [Object]
    },
    {
      payload: [Object],
      type: 'reschedule',
      notes: 'safsf',
      decidedAt: 2026-01-26T14:14:27.481Z,
      actor: [Object]
    },
    {
      type: 'accept',
      notes: '',
      decidedAt: 2026-01-26T14:22:50.571Z,
      actor: [Object]
    },
    {
      payload: [Object],
      type: 'reschedule',
      notes: 'sdadasd',
      decidedAt: 2026-01-26T14:23:16.217Z,
      actor: [Object]
    },
    {
      type: 'accept',
      notes: '',
      decidedAt: 2026-01-26T14:31:01.466Z,
      actor: [Object]
    },
    {
      payload: [Object],
      type: 'reschedule',
      notes: 'fsfsff',
      decidedAt: 2026-01-26T14:31:28.591Z,
      actor: [Object]
    },
    {
      type: 'accept',
      notes: '',
      decidedAt: 2026-01-26T14:34:03.518Z,
      actor: [Object]
    },
    {
      payload: [Object],
      type: 'reschedule',
      notes: 'TEST: Stakeholder reschedule',
      decidedAt: 2026-01-26T14:48:12.682Z,
      actor: [Object]
    },
    {
      payload: [Object],
      type: 'reschedule',
      notes: 'TEST: Stakeholder reschedule',
      decidedAt: 2026-01-26T14:50:11.727Z,
      actor: [Object]
    },
    {
      payload: [Object],
      type: 'reschedule',
      notes: 'TEST: Stakeholder reschedule',
      decidedAt: 2026-01-26T14:51:26.717Z,
      actor: [Object]
    },
    {
      payload: [Object],
      type: 'reschedule',
      notes: 'TEST: Stakeholder reschedule',
      decidedAt: 2026-01-26T14:51:50.282Z,
      actor: [Object]
    },
    {
      payload: [Object],
      type: 'reschedule',
      notes: 'TEST: Stakeholder reschedule',
      decidedAt: 2026-01-26T14:52:28.910Z,
      actor: [Object]
    },
    {
      payload: [Object],
      type: 'reschedule',
      notes: 'TEST: Stakeholder reschedule',
      decidedAt: 2026-01-26T14:53:05.163Z,
      actor: [Object]
    },
    {
      payload: [Object],
      type: 'reschedule',
      notes: 'TEST: Stakeholder reschedule',
      decidedAt: 2026-01-26T14:54:19.623Z,
      actor: [Object]
    },
    {
      payload: [Object],
      type: 'reschedule',
      notes: 'TEST: Stakeholder reschedule',
      decidedAt: 2026-01-26T14:55:18.210Z,
      actor: [Object]
    },
    {
      payload: [Object],
      type: 'reschedule',
      notes: 'TEST: Stakeholder reschedule',
      decidedAt: 2026-01-26T14:55:57.691Z,
      actor: [Object]
    },
    {
      payload: [Object],
      type: 'reschedule',
      notes: 'TEST: Stakeholder reschedule',
      decidedAt: 2026-01-26T14:56:31.952Z,
      actor: [Object]
    },
    {
      payload: [Object],
      type: 'reschedule',
      notes: 'TEST: Stakeholder reschedule',
      decidedAt: 2026-01-26T14:56:51.477Z,
      actor: [Object]
    },
    {
      payload: [Object],
      type: 'reschedule',
      notes: 'TEST: Stakeholder reschedule',
      decidedAt: 2026-01-26T14:57:11.921Z,
      actor: [Object]
    },
    {
      payload: [Object],
      type: 'reschedule',
      notes: 'TEST: Stakeholder reschedule',
      decidedAt: 2026-01-26T14:57:42.112Z,
      actor: [Object]
    },
    {
      payload: [Object],
      type: 'reschedule',
      notes: 'TEST: Stakeholder reschedule',
      decidedAt: 2026-01-26T14:59:34.017Z,
      actor: [Object]
    },
    {
      payload: [Object],
      type: 'reschedule',
      notes: 'TEST: Stakeholder reschedule',
      decidedAt: 2026-01-26T15:00:55.562Z,
      actor: [Object]
    },
    {
      payload: [Object],
      type: 'reschedule',
      notes: 'TEST: Stakeholder reschedule',
      decidedAt: 2026-01-26T15:02:12.283Z,
      actor: [Object]
    },
    {
      type: 'reschedule',
      notes: 'TEST: Stakeholder reschedule',
      decidedAt: 2026-01-26T15:02:27.669Z,
      actor: [Object],
      payload: [Object]
    }
  ],
  createdAt: 2026-01-26T08:48:11.953Z,
  updatedAt: 2026-01-26T15:02:27.682Z,
  __v: 43,
  Event_ID: 'EVENT_1769417308691_kcbtt1kke',
  eventId: new ObjectId('69772a5c50e75fb8b97bbb57')
}' is not valid for request in state 'undefined'

  Testing action: reject
[31m  Γ£ù reject: DENIED[0m
    Reason: Action '{
  requester: {
    userId: new ObjectId('697184d66d0127f028ac2ee4'),
    name: 'testing cam sur 2',
    roleSnapshot: 'stakeholder',
    authoritySnapshot: 30
  },
  claimedBy: { claimedAt: 2026-01-26T08:48:11.953Z },
  latestAction: { timestamp: 2026-01-26T08:48:11.953Z },
  activeResponder: {
    userId: new ObjectId('697711a3dbbebe7c7c6cb7a8'),
    relationship: 'reviewer',
    authority: null
  },
  lastAction: {
    action: 'reschedule',
    actorId: new ObjectId('697184d66d0127f028ac2ee4'),
    timestamp: 2026-01-26T15:02:27.667Z
  },
  _id: new ObjectId('69772a4b50e75fb8b97bba76'),
  Request_ID: 'REQ-1769417291951-3940',
  reviewer: {
    userId: new ObjectId('697711a3dbbebe7c7c6cb7a8'),
    name: 'UNITE Dev',
    roleSnapshot: 'coordinator',
    assignedAt: 2026-01-26T08:48:11.921Z,
    autoAssigned: false,
    assignmentRule: 'manual'
  },
  municipalityId: new ObjectId('6960871e3f2b9335d7bc99bf'),
  district: new ObjectId('6960871e3f2b9335d7bc99bb'),
  province: new ObjectId('696086f13f2b9335d7bc9685'),
  Event_Title: 'test #5',
  Location: 'test',
  Date: 2026-02-24T00:00:00.000Z,
  Category: 'BloodDrive',
  Target_Donation: 100,
  status: 'review-rescheduled',
  rescheduleProposal: {
    proposedDate: 2026-04-01T00:00:00.000Z,
    reviewerNotes: 'TEST: Stakeholder reschedule proposal',
    proposedAt: 2026-01-26T15:02:27.665Z,
    proposedBy: {
      userId: new ObjectId('697184d66d0127f028ac2ee4'),
      name: 'testing cam sur 2',
      roleSnapshot: 'stakeholder',
      authoritySnapshot: 30
    }
  },
  validCoordinators: [
    {
      userId: new ObjectId('6970448c6d0127f028ab5474'),
      name: 'Ben Carlo Valiente',
      organizationType: null,
      isActive: true,
      discoveredAt: 2026-01-26T08:48:12.658Z,
      _id: new ObjectId('69772a4d50e75fb8b97bbaa6')
    },
    {
      userId: new ObjectId('6970784d6d0127f028ab85c6'),
      name: 'David Jaque',
      organizationType: null,
      isActive: true,
      discoveredAt: 2026-01-26T08:48:12.890Z,
      _id: new ObjectId('69772a4d50e75fb8b97bbaa7')
    },
    {
      userId: new ObjectId('697711a3dbbebe7c7c6cb7a8'),
      name: 'UNITE Dev',
      organizationType: null,
      isActive: true,
      discoveredAt: 2026-01-26T08:48:12.993Z,
      _id: new ObjectId('69772a4d50e75fb8b97bbaa8')
    },
    {
      userId: new ObjectId('69771226dbbebe7c7c6cc1dc'),
      name: 'UNITE Dis 2 Dev',
      organizationType: null,
      isActive: true,
      discoveredAt: 2026-01-26T08:48:13.091Z,
      _id: new ObjectId('69772a4d50e75fb8b97bbaa9')
    },
    {
      userId: new ObjectId('696088303f2b9335d7bcadce'),
      name: 'Admin User',
      organizationType: null,
      isActive: true,
      discoveredAt: 2026-01-26T08:48:13.121Z,
      _id: new ObjectId('69772a4d50e75fb8b97bbaaa')
    }
  ],
  statusHistory: [
    {
      status: 'pending-review',
      note: 'Request created',
      changedAt: 2026-01-26T08:48:11.953Z,
      actor: [Object]
    },
    {
      status: 'approved',
      note: '',
      changedAt: 2026-01-26T08:48:28.616Z,
      actor: [Object]
    },
    {
      status: 'review-rescheduled',
      note: 'sdfsdf',
      changedAt: 2026-01-26T08:50:17.343Z,
      actor: [Object]
    },
    {
      status: 'approved',
      note: '',
      changedAt: 2026-01-26T08:51:09.345Z,
      actor: [Object]
    },
    {
      status: 'review-rescheduled',
      note: 'fdsfsd',
      changedAt: 2026-01-26T08:51:55.811Z,
      actor: [Object]
    },
    {
      status: 'approved',
      note: '',
      changedAt: 2026-01-26T08:52:10.186Z,
      actor: [Object]
    },
    {
      status: 'review-rescheduled',
      note: 'dadsad',
      changedAt: 2026-01-26T08:52:36.046Z,
      actor: [Object]
    },
    {
      status: 'approved',
      note: '',
      changedAt: 2026-01-26T08:52:45.107Z,
      actor: [Object]
    },
    {
      status: 'review-rescheduled',
      note: 'xdfsfsfd',
      changedAt: 2026-01-26T08:53:14.878Z,
      actor: [Object]
    },
    {
      status: 'review-rescheduled',
      note: 'sdsfdsf',
      changedAt: 2026-01-26T08:53:27.484Z,
      actor: [Object]
    },
    {
      status: 'approved',
      note: '',
      changedAt: 2026-01-26T08:55:11.874Z,
      actor: [Object]
    },
    {
      status: 'review-rescheduled',
      note: 'dfsad',
      changedAt: 2026-01-26T08:55:19.851Z,
      actor: [Object]
    },
    {
      status: 'approved',
      note: '',
      changedAt: 2026-01-26T08:55:28.606Z,
      actor: [Object]
    },
    {
      status: 'review-rescheduled',
      note: 'faf',
      changedAt: 2026-01-26T08:55:36.625Z,
      actor: [Object]
    },
    {
      status: 'approved',
      note: '',
      changedAt: 2026-01-26T08:55:56.554Z,
      actor: [Object]
    },
    {
      status: 'review-rescheduled',
      note: 'dfsf',
      changedAt: 2026-01-26T08:57:16.242Z,
      actor: [Object]
    },
    {
      status: 'review-rescheduled',
      note: 'sfad',
      changedAt: 2026-01-26T08:57:42.297Z,
      actor: [Object]
    },
    {
      status: 'review-rescheduled',
      note: 'fsfsdf',
      changedAt: 2026-01-26T08:57:57.918Z,
      actor: [Object]
    },
    {
      status: 'approved',
      note: '',
      changedAt: 2026-01-26T12:18:12.951Z,
      actor: [Object]
    },
    {
      status: 'review-rescheduled',
      note: 'adada',
      changedAt: 2026-01-26T12:18:27.805Z,
      actor: [Object]
    },
    {
      status: 'approved',
      note: '',
      changedAt: 2026-01-26T14:06:10.826Z,
      actor: [Object]
    },
    {
      status: 'review-rescheduled',
      note: 'safsf',
      changedAt: 2026-01-26T14:14:27.486Z,
      actor: [Object]
    },
    {
      status: 'approved',
      note: '',
      changedAt: 2026-01-26T14:22:50.576Z,
      actor: [Object]
    },
    {
      status: 'review-rescheduled',
      note: 'sdadasd',
      changedAt: 2026-01-26T14:23:16.218Z,
      actor: [Object]
    },
    {
      status: 'approved',
      note: '',
      changedAt: 2026-01-26T14:31:01.478Z,
      actor: [Object]
    },
    {
      status: 'review-rescheduled',
      note: 'fsfsff',
      changedAt: 2026-01-26T14:31:28.593Z,
      actor: [Object]
    },
    {
      status: 'approved',
      note: '',
      changedAt: 2026-01-26T14:34:03.531Z,
      actor: [Object]
    },
    {
      status: 'review-rescheduled',
      note: 'TEST: Stakeholder reschedule',
      changedAt: 2026-01-26T14:48:12.680Z,
      actor: [Object]
    },
    {
      status: 'review-rescheduled',
      note: 'TEST: Stakeholder reschedule',
      changedAt: 2026-01-26T14:50:11.726Z,
      actor: [Object]
    },
    {
      status: 'review-rescheduled',
      note: 'TEST: Stakeholder reschedule',
      changedAt: 2026-01-26T14:51:26.715Z,
      actor: [Object]
    },
    {
      status: 'review-rescheduled',
      note: 'TEST: Stakeholder reschedule',
      changedAt: 2026-01-26T14:51:50.281Z,
      actor: [Object]
    },
    {
      status: 'review-rescheduled',
      note: 'TEST: Stakeholder reschedule',
      changedAt: 2026-01-26T14:52:28.907Z,
      actor: [Object]
    },
    {
      status: 'review-rescheduled',
      note: 'TEST: Stakeholder reschedule',
      changedAt: 2026-01-26T14:53:05.162Z,
      actor: [Object]
    },
    {
      status: 'review-rescheduled',
      note: 'TEST: Stakeholder reschedule',
      changedAt: 2026-01-26T14:54:19.622Z,
      actor: [Object]
    },
    {
      status: 'review-rescheduled',
      note: 'TEST: Stakeholder reschedule',
      changedAt: 2026-01-26T14:55:18.209Z,
      actor: [Object]
    },
    {
      status: 'review-rescheduled',
      note: 'TEST: Stakeholder reschedule',
      changedAt: 2026-01-26T14:55:57.689Z,
      actor: [Object]
    },
    {
      status: 'review-rescheduled',
      note: 'TEST: Stakeholder reschedule',
      changedAt: 2026-01-26T14:56:31.951Z,
      actor: [Object]
    },
    {
      status: 'review-rescheduled',
      note: 'TEST: Stakeholder reschedule',
      changedAt: 2026-01-26T14:56:51.477Z,
      actor: [Object]
    },
    {
      status: 'review-rescheduled',
      note: 'TEST: Stakeholder reschedule',
      changedAt: 2026-01-26T14:57:11.920Z,
      actor: [Object]
    },
    {
      status: 'review-rescheduled',
      note: 'TEST: Stakeholder reschedule',
      changedAt: 2026-01-26T14:57:42.111Z,
      actor: [Object]
    },
    {
      status: 'review-rescheduled',
      note: 'TEST: Stakeholder reschedule',
      changedAt: 2026-01-26T14:59:34.016Z,
      actor: [Object]
    },
    {
      status: 'review-rescheduled',
      note: 'TEST: Stakeholder reschedule',
      changedAt: 2026-01-26T15:00:55.561Z,
      actor: [Object]
    },
    {
      status: 'review-rescheduled',
      note: 'TEST: Stakeholder reschedule',
      changedAt: 2026-01-26T15:02:12.281Z,
      actor: [Object]
    },
    {
      status: 'review-rescheduled',
      note: 'TEST: Stakeholder reschedule',
      changedAt: 2026-01-26T15:02:27.668Z,
      actor: [Object]
    }
  ],
  decisionHistory: [
    {
      type: 'accept',
      notes: '',
      decidedAt: 2026-01-26T08:48:28.615Z,
      actor: [Object]
    },
    {
      payload: [Object],
      type: 'reschedule',
      notes: 'sdfsdf',
      decidedAt: 2026-01-26T08:50:17.339Z,
      actor: [Object]
    },
    {
      type: 'accept',
      notes: '',
      decidedAt: 2026-01-26T08:51:09.344Z,
      actor: [Object]
    },
    {
      payload: [Object],
      type: 'reschedule',
      notes: 'fdsfsd',
      decidedAt: 2026-01-26T08:51:55.810Z,
      actor: [Object]
    },
    {
      type: 'accept',
      notes: '',
      decidedAt: 2026-01-26T08:52:10.186Z,
      actor: [Object]
    },
    {
      payload: [Object],
      type: 'reschedule',
      notes: 'dadsad',
      decidedAt: 2026-01-26T08:52:36.045Z,
      actor: [Object]
    },
    {
      type: 'accept',
      notes: '',
      decidedAt: 2026-01-26T08:52:45.106Z,
      actor: [Object]
    },
    {
      payload: [Object],
      type: 'reschedule',
      notes: 'xdfsfsfd',
      decidedAt: 2026-01-26T08:53:14.878Z,
      actor: [Object]
    },
    {
      payload: [Object],
      type: 'reschedule',
      notes: 'sdsfdsf',
      decidedAt: 2026-01-26T08:53:27.484Z,
      actor: [Object]
    },
    {
      type: 'accept',
      notes: '',
      decidedAt: 2026-01-26T08:55:11.872Z,
      actor: [Object]
    },
    {
      payload: [Object],
      type: 'reschedule',
      notes: 'dfsad',
      decidedAt: 2026-01-26T08:55:19.850Z,
      actor: [Object]
    },
    {
      type: 'accept',
      notes: '',
      decidedAt: 2026-01-26T08:55:28.606Z,
      actor: [Object]
    },
    {
      payload: [Object],
      type: 'reschedule',
      notes: 'faf',
      decidedAt: 2026-01-26T08:55:36.624Z,
      actor: [Object]
    },
    {
      type: 'accept',
      notes: '',
      decidedAt: 2026-01-26T08:55:56.553Z,
      actor: [Object]
    },
    {
      payload: [Object],
      type: 'reschedule',
      notes: 'dfsf',
      decidedAt: 2026-01-26T08:57:16.240Z,
      actor: [Object]
    },
    {
      payload: [Object],
      type: 'reschedule',
      notes: 'sfad',
      decidedAt: 2026-01-26T08:57:42.296Z,
      actor: [Object]
    },
    {
      payload: [Object],
      type: 'reschedule',
      notes: 'fsfsdf',
      decidedAt: 2026-01-26T08:57:57.916Z,
      actor: [Object]
    },
    {
      type: 'accept',
      notes: '',
      decidedAt: 2026-01-26T12:18:12.951Z,
      actor: [Object]
    },
    {
      payload: [Object],
      type: 'reschedule',
      notes: 'adada',
      decidedAt: 2026-01-26T12:18:27.804Z,
      actor: [Object]
    },
    {
      type: 'accept',
      notes: '',
      decidedAt: 2026-01-26T14:06:10.823Z,
      actor: [Object]
    },
    {
      payload: [Object],
      type: 'reschedule',
      notes: 'safsf',
      decidedAt: 2026-01-26T14:14:27.481Z,
      actor: [Object]
    },
    {
      type: 'accept',
      notes: '',
      decidedAt: 2026-01-26T14:22:50.571Z,
      actor: [Object]
    },
    {
      payload: [Object],
      type: 'reschedule',
      notes: 'sdadasd',
      decidedAt: 2026-01-26T14:23:16.217Z,
      actor: [Object]
    },
    {
      type: 'accept',
      notes: '',
      decidedAt: 2026-01-26T14:31:01.466Z,
      actor: [Object]
    },
    {
      payload: [Object],
      type: 'reschedule',
      notes: 'fsfsff',
      decidedAt: 2026-01-26T14:31:28.591Z,
      actor: [Object]
    },
    {
      type: 'accept',
      notes: '',
      decidedAt: 2026-01-26T14:34:03.518Z,
      actor: [Object]
    },
    {
      payload: [Object],
      type: 'reschedule',
      notes: 'TEST: Stakeholder reschedule',
      decidedAt: 2026-01-26T14:48:12.682Z,
      actor: [Object]
    },
    {
      payload: [Object],
      type: 'reschedule',
      notes: 'TEST: Stakeholder reschedule',
      decidedAt: 2026-01-26T14:50:11.727Z,
      actor: [Object]
    },
    {
      payload: [Object],
      type: 'reschedule',
      notes: 'TEST: Stakeholder reschedule',
      decidedAt: 2026-01-26T14:51:26.717Z,
      actor: [Object]
    },
    {
      payload: [Object],
      type: 'reschedule',
      notes: 'TEST: Stakeholder reschedule',
      decidedAt: 2026-01-26T14:51:50.282Z,
      actor: [Object]
    },
    {
      payload: [Object],
      type: 'reschedule',
      notes: 'TEST: Stakeholder reschedule',
      decidedAt: 2026-01-26T14:52:28.910Z,
      actor: [Object]
    },
    {
      payload: [Object],
      type: 'reschedule',
      notes: 'TEST: Stakeholder reschedule',
      decidedAt: 2026-01-26T14:53:05.163Z,
      actor: [Object]
    },
    {
      payload: [Object],
      type: 'reschedule',
      notes: 'TEST: Stakeholder reschedule',
      decidedAt: 2026-01-26T14:54:19.623Z,
      actor: [Object]
    },
    {
      payload: [Object],
      type: 'reschedule',
      notes: 'TEST: Stakeholder reschedule',
      decidedAt: 2026-01-26T14:55:18.210Z,
      actor: [Object]
    },
    {
      payload: [Object],
      type: 'reschedule',
      notes: 'TEST: Stakeholder reschedule',
      decidedAt: 2026-01-26T14:55:57.691Z,
      actor: [Object]
    },
    {
      payload: [Object],
      type: 'reschedule',
      notes: 'TEST: Stakeholder reschedule',
      decidedAt: 2026-01-26T14:56:31.952Z,
      actor: [Object]
    },
    {
      payload: [Object],
      type: 'reschedule',
      notes: 'TEST: Stakeholder reschedule',
      decidedAt: 2026-01-26T14:56:51.477Z,
      actor: [Object]
    },
    {
      payload: [Object],
      type: 'reschedule',
      notes: 'TEST: Stakeholder reschedule',
      decidedAt: 2026-01-26T14:57:11.921Z,
      actor: [Object]
    },
    {
      payload: [Object],
      type: 'reschedule',
      notes: 'TEST: Stakeholder reschedule',
      decidedAt: 2026-01-26T14:57:42.112Z,
      actor: [Object]
    },
    {
      payload: [Object],
      type: 'reschedule',
      notes: 'TEST: Stakeholder reschedule',
      decidedAt: 2026-01-26T14:59:34.017Z,
      actor: [Object]
    },
    {
      payload: [Object],
      type: 'reschedule',
      notes: 'TEST: Stakeholder reschedule',
      decidedAt: 2026-01-26T15:00:55.562Z,
      actor: [Object]
    },
    {
      payload: [Object],
      type: 'reschedule',
      notes: 'TEST: Stakeholder reschedule',
      decidedAt: 2026-01-26T15:02:12.283Z,
      actor: [Object]
    },
    {
      type: 'reschedule',
      notes: 'TEST: Stakeholder reschedule',
      decidedAt: 2026-01-26T15:02:27.669Z,
      actor: [Object],
      payload: [Object]
    }
  ],
  createdAt: 2026-01-26T08:48:11.953Z,
  updatedAt: 2026-01-26T15:02:27.682Z,
  __v: 43,
  Event_ID: 'EVENT_1769417308691_kcbtt1kke',
  eventId: new ObjectId('69772a5c50e75fb8b97bbb57')
}' is not valid for request in state 'undefined'

  Testing action: reschedule
[31m  Γ£ù reschedule: DENIED[0m
    Reason: Action '{
  requester: {
    userId: new ObjectId('697184d66d0127f028ac2ee4'),
    name: 'testing cam sur 2',
    roleSnapshot: 'stakeholder',
    authoritySnapshot: 30
  },
  claimedBy: { claimedAt: 2026-01-26T08:48:11.953Z },
  latestAction: { timestamp: 2026-01-26T08:48:11.953Z },
  activeResponder: {
    userId: new ObjectId('697711a3dbbebe7c7c6cb7a8'),
    relationship: 'reviewer',
    authority: null
  },
  lastAction: {
    action: 'reschedule',
    actorId: new ObjectId('697184d66d0127f028ac2ee4'),
    timestamp: 2026-01-26T15:02:27.667Z
  },
  _id: new ObjectId('69772a4b50e75fb8b97bba76'),
  Request_ID: 'REQ-1769417291951-3940',
  reviewer: {
    userId: new ObjectId('697711a3dbbebe7c7c6cb7a8'),
    name: 'UNITE Dev',
    roleSnapshot: 'coordinator',
    assignedAt: 2026-01-26T08:48:11.921Z,
    autoAssigned: false,
    assignmentRule: 'manual'
  },
  municipalityId: new ObjectId('6960871e3f2b9335d7bc99bf'),
  district: new ObjectId('6960871e3f2b9335d7bc99bb'),
  province: new ObjectId('696086f13f2b9335d7bc9685'),
  Event_Title: 'test #5',
  Location: 'test',
  Date: 2026-02-24T00:00:00.000Z,
  Category: 'BloodDrive',
  Target_Donation: 100,
  status: 'review-rescheduled',
  rescheduleProposal: {
    proposedDate: 2026-04-01T00:00:00.000Z,
    reviewerNotes: 'TEST: Stakeholder reschedule proposal',
    proposedAt: 2026-01-26T15:02:27.665Z,
    proposedBy: {
      userId: new ObjectId('697184d66d0127f028ac2ee4'),
      name: 'testing cam sur 2',
      roleSnapshot: 'stakeholder',
      authoritySnapshot: 30
    }
  },
  validCoordinators: [
    {
      userId: new ObjectId('6970448c6d0127f028ab5474'),
      name: 'Ben Carlo Valiente',
      organizationType: null,
      isActive: true,
      discoveredAt: 2026-01-26T08:48:12.658Z,
      _id: new ObjectId('69772a4d50e75fb8b97bbaa6')
    },
    {
      userId: new ObjectId('6970784d6d0127f028ab85c6'),
      name: 'David Jaque',
      organizationType: null,
      isActive: true,
      discoveredAt: 2026-01-26T08:48:12.890Z,
      _id: new ObjectId('69772a4d50e75fb8b97bbaa7')
    },
    {
      userId: new ObjectId('697711a3dbbebe7c7c6cb7a8'),
      name: 'UNITE Dev',
      organizationType: null,
      isActive: true,
      discoveredAt: 2026-01-26T08:48:12.993Z,
      _id: new ObjectId('69772a4d50e75fb8b97bbaa8')
    },
    {
      userId: new ObjectId('69771226dbbebe7c7c6cc1dc'),
      name: 'UNITE Dis 2 Dev',
      organizationType: null,
      isActive: true,
      discoveredAt: 2026-01-26T08:48:13.091Z,
      _id: new ObjectId('69772a4d50e75fb8b97bbaa9')
    },
    {
      userId: new ObjectId('696088303f2b9335d7bcadce'),
      name: 'Admin User',
      organizationType: null,
      isActive: true,
      discoveredAt: 2026-01-26T08:48:13.121Z,
      _id: new ObjectId('69772a4d50e75fb8b97bbaaa')
    }
  ],
  statusHistory: [
    {
      status: 'pending-review',
      note: 'Request created',
      changedAt: 2026-01-26T08:48:11.953Z,
      actor: [Object]
    },
    {
      status: 'approved',
      note: '',
      changedAt: 2026-01-26T08:48:28.616Z,
      actor: [Object]
    },
    {
      status: 'review-rescheduled',
      note: 'sdfsdf',
      changedAt: 2026-01-26T08:50:17.343Z,
      actor: [Object]
    },
    {
      status: 'approved',
      note: '',
      changedAt: 2026-01-26T08:51:09.345Z,
      actor: [Object]
    },
    {
      status: 'review-rescheduled',
      note: 'fdsfsd',
      changedAt: 2026-01-26T08:51:55.811Z,
      actor: [Object]
    },
    {
      status: 'approved',
      note: '',
      changedAt: 2026-01-26T08:52:10.186Z,
      actor: [Object]
    },
    {
      status: 'review-rescheduled',
      note: 'dadsad',
      changedAt: 2026-01-26T08:52:36.046Z,
      actor: [Object]
    },
    {
      status: 'approved',
      note: '',
      changedAt: 2026-01-26T08:52:45.107Z,
      actor: [Object]
    },
    {
      status: 'review-rescheduled',
      note: 'xdfsfsfd',
      changedAt: 2026-01-26T08:53:14.878Z,
      actor: [Object]
    },
    {
      status: 'review-rescheduled',
      note: 'sdsfdsf',
      changedAt: 2026-01-26T08:53:27.484Z,
      actor: [Object]
    },
    {
      status: 'approved',
      note: '',
      changedAt: 2026-01-26T08:55:11.874Z,
      actor: [Object]
    },
    {
      status: 'review-rescheduled',
      note: 'dfsad',
      changedAt: 2026-01-26T08:55:19.851Z,
      actor: [Object]
    },
    {
      status: 'approved',
      note: '',
      changedAt: 2026-01-26T08:55:28.606Z,
      actor: [Object]
    },
    {
      status: 'review-rescheduled',
      note: 'faf',
      changedAt: 2026-01-26T08:55:36.625Z,
      actor: [Object]
    },
    {
      status: 'approved',
      note: '',
      changedAt: 2026-01-26T08:55:56.554Z,
      actor: [Object]
    },
    {
      status: 'review-rescheduled',
      note: 'dfsf',
      changedAt: 2026-01-26T08:57:16.242Z,
      actor: [Object]
    },
    {
      status: 'review-rescheduled',
      note: 'sfad',
      changedAt: 2026-01-26T08:57:42.297Z,
      actor: [Object]
    },
    {
      status: 'review-rescheduled',
      note: 'fsfsdf',
      changedAt: 2026-01-26T08:57:57.918Z,
      actor: [Object]
    },
    {
      status: 'approved',
      note: '',
      changedAt: 2026-01-26T12:18:12.951Z,
      actor: [Object]
    },
    {
      status: 'review-rescheduled',
      note: 'adada',
      changedAt: 2026-01-26T12:18:27.805Z,
      actor: [Object]
    },
    {
      status: 'approved',
      note: '',
      changedAt: 2026-01-26T14:06:10.826Z,
      actor: [Object]
    },
    {
      status: 'review-rescheduled',
      note: 'safsf',
      changedAt: 2026-01-26T14:14:27.486Z,
      actor: [Object]
    },
    {
      status: 'approved',
      note: '',
      changedAt: 2026-01-26T14:22:50.576Z,
      actor: [Object]
    },
    {
      status: 'review-rescheduled',
      note: 'sdadasd',
      changedAt: 2026-01-26T14:23:16.218Z,
      actor: [Object]
    },
    {
      status: 'approved',
      note: '',
      changedAt: 2026-01-26T14:31:01.478Z,
      actor: [Object]
    },
    {
      status: 'review-rescheduled',
      note: 'fsfsff',
      changedAt: 2026-01-26T14:31:28.593Z,
      actor: [Object]
    },
    {
      status: 'approved',
      note: '',
      changedAt: 2026-01-26T14:34:03.531Z,
      actor: [Object]
    },
    {
      status: 'review-rescheduled',
      note: 'TEST: Stakeholder reschedule',
      changedAt: 2026-01-26T14:48:12.680Z,
      actor: [Object]
    },
    {
      status: 'review-rescheduled',
      note: 'TEST: Stakeholder reschedule',
      changedAt: 2026-01-26T14:50:11.726Z,
      actor: [Object]
    },
    {
      status: 'review-rescheduled',
      note: 'TEST: Stakeholder reschedule',
      changedAt: 2026-01-26T14:51:26.715Z,
      actor: [Object]
    },
    {
      status: 'review-rescheduled',
      note: 'TEST: Stakeholder reschedule',
      changedAt: 2026-01-26T14:51:50.281Z,
      actor: [Object]
    },
    {
      status: 'review-rescheduled',
      note: 'TEST: Stakeholder reschedule',
      changedAt: 2026-01-26T14:52:28.907Z,
      actor: [Object]
    },
    {
      status: 'review-rescheduled',
      note: 'TEST: Stakeholder reschedule',
      changedAt: 2026-01-26T14:53:05.162Z,
      actor: [Object]
    },
    {
      status: 'review-rescheduled',
      note: 'TEST: Stakeholder reschedule',
      changedAt: 2026-01-26T14:54:19.622Z,
      actor: [Object]
    },
    {
      status: 'review-rescheduled',
      note: 'TEST: Stakeholder reschedule',
      changedAt: 2026-01-26T14:55:18.209Z,
      actor: [Object]
    },
    {
      status: 'review-rescheduled',
      note: 'TEST: Stakeholder reschedule',
      changedAt: 2026-01-26T14:55:57.689Z,
      actor: [Object]
    },
    {
      status: 'review-rescheduled',
      note: 'TEST: Stakeholder reschedule',
      changedAt: 2026-01-26T14:56:31.951Z,
      actor: [Object]
    },
    {
      status: 'review-rescheduled',
      note: 'TEST: Stakeholder reschedule',
      changedAt: 2026-01-26T14:56:51.477Z,
      actor: [Object]
    },
    {
      status: 'review-rescheduled',
      note: 'TEST: Stakeholder reschedule',
      changedAt: 2026-01-26T14:57:11.920Z,
      actor: [Object]
    },
    {
      status: 'review-rescheduled',
      note: 'TEST: Stakeholder reschedule',
      changedAt: 2026-01-26T14:57:42.111Z,
      actor: [Object]
    },
    {
      status: 'review-rescheduled',
      note: 'TEST: Stakeholder reschedule',
      changedAt: 2026-01-26T14:59:34.016Z,
      actor: [Object]
    },
    {
      status: 'review-rescheduled',
      note: 'TEST: Stakeholder reschedule',
      changedAt: 2026-01-26T15:00:55.561Z,
      actor: [Object]
    },
    {
      status: 'review-rescheduled',
      note: 'TEST: Stakeholder reschedule',
      changedAt: 2026-01-26T15:02:12.281Z,
      actor: [Object]
    },
    {
      status: 'review-rescheduled',
      note: 'TEST: Stakeholder reschedule',
      changedAt: 2026-01-26T15:02:27.668Z,
      actor: [Object]
    }
  ],
  decisionHistory: [
    {
      type: 'accept',
      notes: '',
      decidedAt: 2026-01-26T08:48:28.615Z,
      actor: [Object]
    },
    {
      payload: [Object],
      type: 'reschedule',
      notes: 'sdfsdf',
      decidedAt: 2026-01-26T08:50:17.339Z,
      actor: [Object]
    },
    {
      type: 'accept',
      notes: '',
      decidedAt: 2026-01-26T08:51:09.344Z,
      actor: [Object]
    },
    {
      payload: [Object],
      type: 'reschedule',
      notes: 'fdsfsd',
      decidedAt: 2026-01-26T08:51:55.810Z,
      actor: [Object]
    },
    {
      type: 'accept',
      notes: '',
      decidedAt: 2026-01-26T08:52:10.186Z,
      actor: [Object]
    },
    {
      payload: [Object],
      type: 'reschedule',
      notes: 'dadsad',
      decidedAt: 2026-01-26T08:52:36.045Z,
      actor: [Object]
    },
    {
      type: 'accept',
      notes: '',
      decidedAt: 2026-01-26T08:52:45.106Z,
      actor: [Object]
    },
    {
      payload: [Object],
      type: 'reschedule',
      notes: 'xdfsfsfd',
      decidedAt: 2026-01-26T08:53:14.878Z,
      actor: [Object]
    },
    {
      payload: [Object],
      type: 'reschedule',
      notes: 'sdsfdsf',
      decidedAt: 2026-01-26T08:53:27.484Z,
      actor: [Object]
    },
    {
      type: 'accept',
      notes: '',
      decidedAt: 2026-01-26T08:55:11.872Z,
      actor: [Object]
    },
    {
      payload: [Object],
      type: 'reschedule',
      notes: 'dfsad',
      decidedAt: 2026-01-26T08:55:19.850Z,
      actor: [Object]
    },
    {
      type: 'accept',
      notes: '',
      decidedAt: 2026-01-26T08:55:28.606Z,
      actor: [Object]
    },
    {
      payload: [Object],
      type: 'reschedule',
      notes: 'faf',
      decidedAt: 2026-01-26T08:55:36.624Z,
      actor: [Object]
    },
    {
      type: 'accept',
      notes: '',
      decidedAt: 2026-01-26T08:55:56.553Z,
      actor: [Object]
    },
    {
      payload: [Object],
      type: 'reschedule',
      notes: 'dfsf',
      decidedAt: 2026-01-26T08:57:16.240Z,
      actor: [Object]
    },
    {
      payload: [Object],
      type: 'reschedule',
      notes: 'sfad',
      decidedAt: 2026-01-26T08:57:42.296Z,
      actor: [Object]
    },
    {
      payload: [Object],
      type: 'reschedule',
      notes: 'fsfsdf',
      decidedAt: 2026-01-26T08:57:57.916Z,
      actor: [Object]
    },
    {
      type: 'accept',
      notes: '',
      decidedAt: 2026-01-26T12:18:12.951Z,
      actor: [Object]
    },
    {
      payload: [Object],
      type: 'reschedule',
      notes: 'adada',
      decidedAt: 2026-01-26T12:18:27.804Z,
      actor: [Object]
    },
    {
      type: 'accept',
      notes: '',
      decidedAt: 2026-01-26T14:06:10.823Z,
      actor: [Object]
    },
    {
      payload: [Object],
      type: 'reschedule',
      notes: 'safsf',
      decidedAt: 2026-01-26T14:14:27.481Z,
      actor: [Object]
    },
    {
      type: 'accept',
      notes: '',
      decidedAt: 2026-01-26T14:22:50.571Z,
      actor: [Object]
    },
    {
      payload: [Object],
      type: 'reschedule',
      notes: 'sdadasd',
      decidedAt: 2026-01-26T14:23:16.217Z,
      actor: [Object]
    },
    {
      type: 'accept',
      notes: '',
      decidedAt: 2026-01-26T14:31:01.466Z,
      actor: [Object]
    },
    {
      payload: [Object],
      type: 'reschedule',
      notes: 'fsfsff',
      decidedAt: 2026-01-26T14:31:28.591Z,
      actor: [Object]
    },
    {
      type: 'accept',
      notes: '',
      decidedAt: 2026-01-26T14:34:03.518Z,
      actor: [Object]
    },
    {
      payload: [Object],
      type: 'reschedule',
      notes: 'TEST: Stakeholder reschedule',
      decidedAt: 2026-01-26T14:48:12.682Z,
      actor: [Object]
    },
    {
      payload: [Object],
      type: 'reschedule',
      notes: 'TEST: Stakeholder reschedule',
      decidedAt: 2026-01-26T14:50:11.727Z,
      actor: [Object]
    },
    {
      payload: [Object],
      type: 'reschedule',
      notes: 'TEST: Stakeholder reschedule',
      decidedAt: 2026-01-26T14:51:26.717Z,
      actor: [Object]
    },
    {
      payload: [Object],
      type: 'reschedule',
      notes: 'TEST: Stakeholder reschedule',
      decidedAt: 2026-01-26T14:51:50.282Z,
      actor: [Object]
    },
    {
      payload: [Object],
      type: 'reschedule',
      notes: 'TEST: Stakeholder reschedule',
      decidedAt: 2026-01-26T14:52:28.910Z,
      actor: [Object]
    },
    {
      payload: [Object],
      type: 'reschedule',
      notes: 'TEST: Stakeholder reschedule',
      decidedAt: 2026-01-26T14:53:05.163Z,
      actor: [Object]
    },
    {
      payload: [Object],
      type: 'reschedule',
      notes: 'TEST: Stakeholder reschedule',
      decidedAt: 2026-01-26T14:54:19.623Z,
      actor: [Object]
    },
    {
      payload: [Object],
      type: 'reschedule',
      notes: 'TEST: Stakeholder reschedule',
      decidedAt: 2026-01-26T14:55:18.210Z,
      actor: [Object]
    },
    {
      payload: [Object],
      type: 'reschedule',
      notes: 'TEST: Stakeholder reschedule',
      decidedAt: 2026-01-26T14:55:57.691Z,
      actor: [Object]
    },
    {
      payload: [Object],
      type: 'reschedule',
      notes: 'TEST: Stakeholder reschedule',
      decidedAt: 2026-01-26T14:56:31.952Z,
      actor: [Object]
    },
    {
      payload: [Object],
      type: 'reschedule',
      notes: 'TEST: Stakeholder reschedule',
      decidedAt: 2026-01-26T14:56:51.477Z,
      actor: [Object]
    },
    {
      payload: [Object],
      type: 'reschedule',
      notes: 'TEST: Stakeholder reschedule',
      decidedAt: 2026-01-26T14:57:11.921Z,
      actor: [Object]
    },
    {
      payload: [Object],
      type: 'reschedule',
      notes: 'TEST: Stakeholder reschedule',
      decidedAt: 2026-01-26T14:57:42.112Z,
      actor: [Object]
    },
    {
      payload: [Object],
      type: 'reschedule',
      notes: 'TEST: Stakeholder reschedule',
      decidedAt: 2026-01-26T14:59:34.017Z,
      actor: [Object]
    },
    {
      payload: [Object],
      type: 'reschedule',
      notes: 'TEST: Stakeholder reschedule',
      decidedAt: 2026-01-26T15:00:55.562Z,
      actor: [Object]
    },
    {
      payload: [Object],
      type: 'reschedule',
      notes: 'TEST: Stakeholder reschedule',
      decidedAt: 2026-01-26T15:02:12.283Z,
      actor: [Object]
    },
    {
      type: 'reschedule',
      notes: 'TEST: Stakeholder reschedule',
      decidedAt: 2026-01-26T15:02:27.669Z,
      actor: [Object],
      payload: [Object]
    }
  ],
  createdAt: 2026-01-26T08:48:11.953Z,
  updatedAt: 2026-01-26T15:02:27.682Z,
  __v: 43,
  Event_ID: 'EVENT_1769417308691_kcbtt1kke',
  eventId: new ObjectId('69772a5c50e75fb8b97bbb57')
}' is not valid for request in state 'undefined'

  Testing action: view
[31m  Γ£ù view: DENIED[0m
    Reason: Action '{
  requester: {
    userId: new ObjectId('697184d66d0127f028ac2ee4'),
    name: 'testing cam sur 2',
    roleSnapshot: 'stakeholder',
    authoritySnapshot: 30
  },
  claimedBy: { claimedAt: 2026-01-26T08:48:11.953Z },
  latestAction: { timestamp: 2026-01-26T08:48:11.953Z },
  activeResponder: {
    userId: new ObjectId('697711a3dbbebe7c7c6cb7a8'),
    relationship: 'reviewer',
    authority: null
  },
  lastAction: {
    action: 'reschedule',
    actorId: new ObjectId('697184d66d0127f028ac2ee4'),
    timestamp: 2026-01-26T15:02:27.667Z
  },
  _id: new ObjectId('69772a4b50e75fb8b97bba76'),
  Request_ID: 'REQ-1769417291951-3940',
  reviewer: {
    userId: new ObjectId('697711a3dbbebe7c7c6cb7a8'),
    name: 'UNITE Dev',
    roleSnapshot: 'coordinator',
    assignedAt: 2026-01-26T08:48:11.921Z,
    autoAssigned: false,
    assignmentRule: 'manual'
  },
  municipalityId: new ObjectId('6960871e3f2b9335d7bc99bf'),
  district: new ObjectId('6960871e3f2b9335d7bc99bb'),
  province: new ObjectId('696086f13f2b9335d7bc9685'),
  Event_Title: 'test #5',
  Location: 'test',
  Date: 2026-02-24T00:00:00.000Z,
  Category: 'BloodDrive',
  Target_Donation: 100,
  status: 'review-rescheduled',
  rescheduleProposal: {
    proposedDate: 2026-04-01T00:00:00.000Z,
    reviewerNotes: 'TEST: Stakeholder reschedule proposal',
    proposedAt: 2026-01-26T15:02:27.665Z,
    proposedBy: {
      userId: new ObjectId('697184d66d0127f028ac2ee4'),
      name: 'testing cam sur 2',
      roleSnapshot: 'stakeholder',
      authoritySnapshot: 30
    }
  },
  validCoordinators: [
    {
      userId: new ObjectId('6970448c6d0127f028ab5474'),
      name: 'Ben Carlo Valiente',
      organizationType: null,
      isActive: true,
      discoveredAt: 2026-01-26T08:48:12.658Z,
      _id: new ObjectId('69772a4d50e75fb8b97bbaa6')
    },
    {
      userId: new ObjectId('6970784d6d0127f028ab85c6'),
      name: 'David Jaque',
      organizationType: null,
      isActive: true,
      discoveredAt: 2026-01-26T08:48:12.890Z,
      _id: new ObjectId('69772a4d50e75fb8b97bbaa7')
    },
    {
      userId: new ObjectId('697711a3dbbebe7c7c6cb7a8'),
      name: 'UNITE Dev',
      organizationType: null,
      isActive: true,
      discoveredAt: 2026-01-26T08:48:12.993Z,
      _id: new ObjectId('69772a4d50e75fb8b97bbaa8')
    },
    {
      userId: new ObjectId('69771226dbbebe7c7c6cc1dc'),
      name: 'UNITE Dis 2 Dev',
      organizationType: null,
      isActive: true,
      discoveredAt: 2026-01-26T08:48:13.091Z,
      _id: new ObjectId('69772a4d50e75fb8b97bbaa9')
    },
    {
      userId: new ObjectId('696088303f2b9335d7bcadce'),
      name: 'Admin User',
      organizationType: null,
      isActive: true,
      discoveredAt: 2026-01-26T08:48:13.121Z,
      _id: new ObjectId('69772a4d50e75fb8b97bbaaa')
    }
  ],
  statusHistory: [
    {
      status: 'pending-review',
      note: 'Request created',
      changedAt: 2026-01-26T08:48:11.953Z,
      actor: [Object]
    },
    {
      status: 'approved',
      note: '',
      changedAt: 2026-01-26T08:48:28.616Z,
      actor: [Object]
    },
    {
      status: 'review-rescheduled',
      note: 'sdfsdf',
      changedAt: 2026-01-26T08:50:17.343Z,
      actor: [Object]
    },
    {
      status: 'approved',
      note: '',
      changedAt: 2026-01-26T08:51:09.345Z,
      actor: [Object]
    },
    {
      status: 'review-rescheduled',
      note: 'fdsfsd',
      changedAt: 2026-01-26T08:51:55.811Z,
      actor: [Object]
    },
    {
      status: 'approved',
      note: '',
      changedAt: 2026-01-26T08:52:10.186Z,
      actor: [Object]
    },
    {
      status: 'review-rescheduled',
      note: 'dadsad',
      changedAt: 2026-01-26T08:52:36.046Z,
      actor: [Object]
    },
    {
      status: 'approved',
      note: '',
      changedAt: 2026-01-26T08:52:45.107Z,
      actor: [Object]
    },
    {
      status: 'review-rescheduled',
      note: 'xdfsfsfd',
      changedAt: 2026-01-26T08:53:14.878Z,
      actor: [Object]
    },
    {
      status: 'review-rescheduled',
      note: 'sdsfdsf',
      changedAt: 2026-01-26T08:53:27.484Z,
      actor: [Object]
    },
    {
      status: 'approved',
      note: '',
      changedAt: 2026-01-26T08:55:11.874Z,
      actor: [Object]
    },
    {
      status: 'review-rescheduled',
      note: 'dfsad',
      changedAt: 2026-01-26T08:55:19.851Z,
      actor: [Object]
    },
    {
      status: 'approved',
      note: '',
      changedAt: 2026-01-26T08:55:28.606Z,
      actor: [Object]
    },
    {
      status: 'review-rescheduled',
      note: 'faf',
      changedAt: 2026-01-26T08:55:36.625Z,
      actor: [Object]
    },
    {
      status: 'approved',
      note: '',
      changedAt: 2026-01-26T08:55:56.554Z,
      actor: [Object]
    },
    {
      status: 'review-rescheduled',
      note: 'dfsf',
      changedAt: 2026-01-26T08:57:16.242Z,
      actor: [Object]
    },
    {
      status: 'review-rescheduled',
      note: 'sfad',
      changedAt: 2026-01-26T08:57:42.297Z,
      actor: [Object]
    },
    {
      status: 'review-rescheduled',
      note: 'fsfsdf',
      changedAt: 2026-01-26T08:57:57.918Z,
      actor: [Object]
    },
    {
      status: 'approved',
      note: '',
      changedAt: 2026-01-26T12:18:12.951Z,
      actor: [Object]
    },
    {
      status: 'review-rescheduled',
      note: 'adada',
      changedAt: 2026-01-26T12:18:27.805Z,
      actor: [Object]
    },
    {
      status: 'approved',
      note: '',
      changedAt: 2026-01-26T14:06:10.826Z,
      actor: [Object]
    },
    {
      status: 'review-rescheduled',
      note: 'safsf',
      changedAt: 2026-01-26T14:14:27.486Z,
      actor: [Object]
    },
    {
      status: 'approved',
      note: '',
      changedAt: 2026-01-26T14:22:50.576Z,
      actor: [Object]
    },
    {
      status: 'review-rescheduled',
      note: 'sdadasd',
      changedAt: 2026-01-26T14:23:16.218Z,
      actor: [Object]
    },
    {
      status: 'approved',
      note: '',
      changedAt: 2026-01-26T14:31:01.478Z,
      actor: [Object]
    },
    {
      status: 'review-rescheduled',
      note: 'fsfsff',
      changedAt: 2026-01-26T14:31:28.593Z,
      actor: [Object]
    },
    {
      status: 'approved',
      note: '',
      changedAt: 2026-01-26T14:34:03.531Z,
      actor: [Object]
    },
    {
      status: 'review-rescheduled',
      note: 'TEST: Stakeholder reschedule',
      changedAt: 2026-01-26T14:48:12.680Z,
      actor: [Object]
    },
    {
      status: 'review-rescheduled',
      note: 'TEST: Stakeholder reschedule',
      changedAt: 2026-01-26T14:50:11.726Z,
      actor: [Object]
    },
    {
      status: 'review-rescheduled',
      note: 'TEST: Stakeholder reschedule',
      changedAt: 2026-01-26T14:51:26.715Z,
      actor: [Object]
    },
    {
      status: 'review-rescheduled',
      note: 'TEST: Stakeholder reschedule',
      changedAt: 2026-01-26T14:51:50.281Z,
      actor: [Object]
    },
    {
      status: 'review-rescheduled',
      note: 'TEST: Stakeholder reschedule',
      changedAt: 2026-01-26T14:52:28.907Z,
      actor: [Object]
    },
    {
      status: 'review-rescheduled',
      note: 'TEST: Stakeholder reschedule',
      changedAt: 2026-01-26T14:53:05.162Z,
      actor: [Object]
    },
    {
      status: 'review-rescheduled',
      note: 'TEST: Stakeholder reschedule',
      changedAt: 2026-01-26T14:54:19.622Z,
      actor: [Object]
    },
    {
      status: 'review-rescheduled',
      note: 'TEST: Stakeholder reschedule',
      changedAt: 2026-01-26T14:55:18.209Z,
      actor: [Object]
    },
    {
      status: 'review-rescheduled',
      note: 'TEST: Stakeholder reschedule',
      changedAt: 2026-01-26T14:55:57.689Z,
      actor: [Object]
    },
    {
      status: 'review-rescheduled',
      note: 'TEST: Stakeholder reschedule',
      changedAt: 2026-01-26T14:56:31.951Z,
      actor: [Object]
    },
    {
      status: 'review-rescheduled',
      note: 'TEST: Stakeholder reschedule',
      changedAt: 2026-01-26T14:56:51.477Z,
      actor: [Object]
    },
    {
      status: 'review-rescheduled',
      note: 'TEST: Stakeholder reschedule',
      changedAt: 2026-01-26T14:57:11.920Z,
      actor: [Object]
    },
    {
      status: 'review-rescheduled',
      note: 'TEST: Stakeholder reschedule',
      changedAt: 2026-01-26T14:57:42.111Z,
      actor: [Object]
    },
    {
      status: 'review-rescheduled',
      note: 'TEST: Stakeholder reschedule',
      changedAt: 2026-01-26T14:59:34.016Z,
      actor: [Object]
    },
    {
      status: 'review-rescheduled',
      note: 'TEST: Stakeholder reschedule',
      changedAt: 2026-01-26T15:00:55.561Z,
      actor: [Object]
    },
    {
      status: 'review-rescheduled',
      note: 'TEST: Stakeholder reschedule',
      changedAt: 2026-01-26T15:02:12.281Z,
      actor: [Object]
    },
    {
      status: 'review-rescheduled',
      note: 'TEST: Stakeholder reschedule',
      changedAt: 2026-01-26T15:02:27.668Z,
      actor: [Object]
    }
  ],
  decisionHistory: [
    {
      type: 'accept',
      notes: '',
      decidedAt: 2026-01-26T08:48:28.615Z,
      actor: [Object]
    },
    {
      payload: [Object],
      type: 'reschedule',
      notes: 'sdfsdf',
      decidedAt: 2026-01-26T08:50:17.339Z,
      actor: [Object]
    },
    {
      type: 'accept',
      notes: '',
      decidedAt: 2026-01-26T08:51:09.344Z,
      actor: [Object]
    },
    {
      payload: [Object],
      type: 'reschedule',
      notes: 'fdsfsd',
      decidedAt: 2026-01-26T08:51:55.810Z,
      actor: [Object]
    },
    {
      type: 'accept',
      notes: '',
      decidedAt: 2026-01-26T08:52:10.186Z,
      actor: [Object]
    },
    {
      payload: [Object],
      type: 'reschedule',
      notes: 'dadsad',
      decidedAt: 2026-01-26T08:52:36.045Z,
      actor: [Object]
    },
    {
      type: 'accept',
      notes: '',
      decidedAt: 2026-01-26T08:52:45.106Z,
      actor: [Object]
    },
    {
      payload: [Object],
      type: 'reschedule',
      notes: 'xdfsfsfd',
      decidedAt: 2026-01-26T08:53:14.878Z,
      actor: [Object]
    },
    {
      payload: [Object],
      type: 'reschedule',
      notes: 'sdsfdsf',
      decidedAt: 2026-01-26T08:53:27.484Z,
      actor: [Object]
    },
    {
      type: 'accept',
      notes: '',
      decidedAt: 2026-01-26T08:55:11.872Z,
      actor: [Object]
    },
    {
      payload: [Object],
      type: 'reschedule',
      notes: 'dfsad',
      decidedAt: 2026-01-26T08:55:19.850Z,
      actor: [Object]
    },
    {
      type: 'accept',
      notes: '',
      decidedAt: 2026-01-26T08:55:28.606Z,
      actor: [Object]
    },
    {
      payload: [Object],
      type: 'reschedule',
      notes: 'faf',
      decidedAt: 2026-01-26T08:55:36.624Z,
      actor: [Object]
    },
    {
      type: 'accept',
      notes: '',
      decidedAt: 2026-01-26T08:55:56.553Z,
      actor: [Object]
    },
    {
      payload: [Object],
      type: 'reschedule',
      notes: 'dfsf',
      decidedAt: 2026-01-26T08:57:16.240Z,
      actor: [Object]
    },
    {
      payload: [Object],
      type: 'reschedule',
      notes: 'sfad',
      decidedAt: 2026-01-26T08:57:42.296Z,
      actor: [Object]
    },
    {
      payload: [Object],
      type: 'reschedule',
      notes: 'fsfsdf',
      decidedAt: 2026-01-26T08:57:57.916Z,
      actor: [Object]
    },
    {
      type: 'accept',
      notes: '',
      decidedAt: 2026-01-26T12:18:12.951Z,
      actor: [Object]
    },
    {
      payload: [Object],
      type: 'reschedule',
      notes: 'adada',
      decidedAt: 2026-01-26T12:18:27.804Z,
      actor: [Object]
    },
    {
      type: 'accept',
      notes: '',
      decidedAt: 2026-01-26T14:06:10.823Z,
      actor: [Object]
    },
    {
      payload: [Object],
      type: 'reschedule',
      notes: 'safsf',
      decidedAt: 2026-01-26T14:14:27.481Z,
      actor: [Object]
    },
    {
      type: 'accept',
      notes: '',
      decidedAt: 2026-01-26T14:22:50.571Z,
      actor: [Object]
    },
    {
      payload: [Object],
      type: 'reschedule',
      notes: 'sdadasd',
      decidedAt: 2026-01-26T14:23:16.217Z,
      actor: [Object]
    },
    {
      type: 'accept',
      notes: '',
      decidedAt: 2026-01-26T14:31:01.466Z,
      actor: [Object]
    },
    {
      payload: [Object],
      type: 'reschedule',
      notes: 'fsfsff',
      decidedAt: 2026-01-26T14:31:28.591Z,
      actor: [Object]
    },
    {
      type: 'accept',
      notes: '',
      decidedAt: 2026-01-26T14:34:03.518Z,
      actor: [Object]
    },
    {
      payload: [Object],
      type: 'reschedule',
      notes: 'TEST: Stakeholder reschedule',
      decidedAt: 2026-01-26T14:48:12.682Z,
      actor: [Object]
    },
    {
      payload: [Object],
      type: 'reschedule',
      notes: 'TEST: Stakeholder reschedule',
      decidedAt: 2026-01-26T14:50:11.727Z,
      actor: [Object]
    },
    {
      payload: [Object],
      type: 'reschedule',
      notes: 'TEST: Stakeholder reschedule',
      decidedAt: 2026-01-26T14:51:26.717Z,
      actor: [Object]
    },
    {
      payload: [Object],
      type: 'reschedule',
      notes: 'TEST: Stakeholder reschedule',
      decidedAt: 2026-01-26T14:51:50.282Z,
      actor: [Object]
    },
    {
      payload: [Object],
      type: 'reschedule',
      notes: 'TEST: Stakeholder reschedule',
      decidedAt: 2026-01-26T14:52:28.910Z,
      actor: [Object]
    },
    {
      payload: [Object],
      type: 'reschedule',
      notes: 'TEST: Stakeholder reschedule',
      decidedAt: 2026-01-26T14:53:05.163Z,
      actor: [Object]
    },
    {
      payload: [Object],
      type: 'reschedule',
      notes: 'TEST: Stakeholder reschedule',
      decidedAt: 2026-01-26T14:54:19.623Z,
      actor: [Object]
    },
    {
      payload: [Object],
      type: 'reschedule',
      notes: 'TEST: Stakeholder reschedule',
      decidedAt: 2026-01-26T14:55:18.210Z,
      actor: [Object]
    },
    {
      payload: [Object],
      type: 'reschedule',
      notes: 'TEST: Stakeholder reschedule',
      decidedAt: 2026-01-26T14:55:57.691Z,
      actor: [Object]
    },
    {
      payload: [Object],
      type: 'reschedule',
      notes: 'TEST: Stakeholder reschedule',
      decidedAt: 2026-01-26T14:56:31.952Z,
      actor: [Object]
    },
    {
      payload: [Object],
      type: 'reschedule',
      notes: 'TEST: Stakeholder reschedule',
      decidedAt: 2026-01-26T14:56:51.477Z,
      actor: [Object]
    },
    {
      payload: [Object],
      type: 'reschedule',
      notes: 'TEST: Stakeholder reschedule',
      decidedAt: 2026-01-26T14:57:11.921Z,
      actor: [Object]
    },
    {
      payload: [Object],
      type: 'reschedule',
      notes: 'TEST: Stakeholder reschedule',
      decidedAt: 2026-01-26T14:57:42.112Z,
      actor: [Object]
    },
    {
      payload: [Object],
      type: 'reschedule',
      notes: 'TEST: Stakeholder reschedule',
      decidedAt: 2026-01-26T14:59:34.017Z,
      actor: [Object]
    },
    {
      payload: [Object],
      type: 'reschedule',
      notes: 'TEST: Stakeholder reschedule',
      decidedAt: 2026-01-26T15:00:55.562Z,
      actor: [Object]
    },
    {
      payload: [Object],
      type: 'reschedule',
      notes: 'TEST: Stakeholder reschedule',
      decidedAt: 2026-01-26T15:02:12.283Z,
      actor: [Object]
    },
    {
      type: 'reschedule',
      notes: 'TEST: Stakeholder reschedule',
      decidedAt: 2026-01-26T15:02:27.669Z,
      actor: [Object],
      payload: [Object]
    }
  ],
  createdAt: 2026-01-26T08:48:11.953Z,
  updatedAt: 2026-01-26T15:02:27.682Z,
  __v: 43,
  Event_ID: 'EVENT_1769417308691_kcbtt1kke',
  eventId: new ObjectId('69772a5c50e75fb8b97bbb57')
}' is not valid for request in state 'undefined'

================================================================================
[1mSTEP 3: Analyze Broadcast Model[0m
================================================================================

[36mValid Coordinators List:[0m
  1. Ben Carlo Valiente - 6970448c6d0127f028ab5474 
  2. David Jaque - 6970784d6d0127f028ab85c6 
  3. UNITE Dev - 697711a3dbbebe7c7c6cb7a8 (ASSIGNED)
  4. UNITE Dis 2 Dev - 69771226dbbebe7c7c6cc1dc 
  5. Admin User - 696088303f2b9335d7bcadce 
[36m
Assigned Reviewer:[0m
  UNITE Dev - 697711a3dbbebe7c7c6cb7a8
[36m
Requester:[0m
  testing cam sur 2 - 697184d66d0127f028ac2ee4
[36m
Active Responder:[0m
  Relationship: reviewer
  User ID: 697711a3dbbebe7c7c6cb7a8
  Authority: none
[36m
Last Action:[0m
  Action: reschedule
  Actor ID: 697184d66d0127f028ac2ee4
  Timestamp: Mon Jan 26 2026 23:02:27 GMT+0800 (Philippine Standard Time)

================================================================================
[1mSUMMARY: Available Actions by User[0m
================================================================================

Expected Behavior:
  ΓÇó Stakeholder (requester): Should see only "view" (not active responder)
  ΓÇó Assigned Coordinator: Should see accept, reject, reschedule
  ΓÇó Valid Coordinator (non-assigned): Should see accept, reject, reschedule (BROADCAST)
  ΓÇó Admin: Should see accept, reject, reschedule (BROADCAST)

[1mActual Results:[0m

Admin User (admin):
  Authority: 100
  Actions: [view]
[31m  Γ£ù admin: Missing review actions - only has [view][0m

testing cam sur 2 (stakeholder):
  Authority: 30
  Actions: [view]
[32m  Γ£ô Correct: Only has view access[0m

UNITE Dev (assignedCoord):
  Authority: 60
  Actions: [view, accept, reject, reschedule]
[32m  Γ£ô Correct: Has all review actions (accept, reject, reschedule)[0m

UNITE Dis 2 Dev (validCoord):
  Authority: 60
  Actions: [view]
[31m  Γ£ù validCoord: Missing review actions - only has [view][0m
[33m
ΓÜá ISSUES FOUND:[0m
  1. admin: Missing review actions - only has [view]
  2. validCoord: Missing review actions - only has [view]

================================================================================
[1mFINAL STATE[0m
================================================================================

{
  "requestId": "REQ-1769417291951-3940",
  "status": "review-rescheduled",
  "activeResponder": {
    "userId": "697711a3dbbebe7c7c6cb7a8",
    "relationship": "reviewer",
    "authority": null
  },
  "lastAction": {
    "action": "reschedule",
    "actorId": "697184d66d0127f028ac2ee4",
    "timestamp": "2026-01-26T15:02:27.667Z"
  },
  "validCoordinators": [
    {
      "userId": "6970448c6d0127f028ab5474",
      "name": "Ben Carlo Valiente"
    },
    {
      "userId": "6970784d6d0127f028ab85c6",
      "name": "David Jaque"
    },
    {
      "userId": "697711a3dbbebe7c7c6cb7a8",
      "name": "UNITE Dev"
    },
    {
      "userId": "69771226dbbebe7c7c6cc1dc",
      "name": "UNITE Dis 2 Dev"
    },
    {
      "userId": "696088303f2b9335d7bcadce",
      "name": "Admin User"
    }
  ],
  "reviewer": {
    "userId": "697711a3dbbebe7c7c6cb7a8",
    "name": "UNITE Dev"
  },
  "requester": {
    "userId": "697184d66d0127f028ac2ee4",
    "name": "testing cam sur 2"
  }
}
[32m
Γ£ô Test completed[0m
[33m
ΓÜá Found 2 issue(s) - see summary above[0m
